Archive member included to satisfy reference by file (symbol)

app/libapp.a(ambient_sensors.c.obj)
                              (--whole-archive)
app/libapp.a(file_system.c.obj)
                              (--whole-archive)
app/libapp.a(gas_sensors.c.obj)
                              (--whole-archive)
app/libapp.a(main.c.obj)      (--whole-archive)
app/libapp.a(opc.c.obj)       (--whole-archive)
app/libapp.a(time_system.c.obj)
                              (--whole-archive)
zephyr/libzephyr.a(cbprintf.c.obj)
                              (--whole-archive)
zephyr/libzephyr.a(cbprintf_packaged.c.obj)
                              (--whole-archive)
zephyr/libzephyr.a(crc32c_sw.c.obj)
                              (--whole-archive)
zephyr/libzephyr.a(crc32_sw.c.obj)
                              (--whole-archive)
zephyr/libzephyr.a(crc16_sw.c.obj)
                              (--whole-archive)
zephyr/libzephyr.a(crc8_sw.c.obj)
                              (--whole-archive)
zephyr/libzephyr.a(crc7_sw.c.obj)
                              (--whole-archive)
zephyr/libzephyr.a(dec.c.obj)
                              (--whole-archive)
zephyr/libzephyr.a(fdtable.c.obj)
                              (--whole-archive)
zephyr/libzephyr.a(hex.c.obj)
                              (--whole-archive)
zephyr/libzephyr.a(notify.c.obj)
                              (--whole-archive)
zephyr/libzephyr.a(printk.c.obj)
                              (--whole-archive)
zephyr/libzephyr.a(onoff.c.obj)
                              (--whole-archive)
zephyr/libzephyr.a(rb.c.obj)  (--whole-archive)
zephyr/libzephyr.a(sem.c.obj)
                              (--whole-archive)
zephyr/libzephyr.a(thread_entry.c.obj)
                              (--whole-archive)
zephyr/libzephyr.a(timeutil.c.obj)
                              (--whole-archive)
zephyr/libzephyr.a(heap.c.obj)
                              (--whole-archive)
zephyr/libzephyr.a(heap-validate.c.obj)
                              (--whole-archive)
zephyr/libzephyr.a(bitarray.c.obj)
                              (--whole-archive)
zephyr/libzephyr.a(multi_heap.c.obj)
                              (--whole-archive)
zephyr/libzephyr.a(cbprintf_complete.c.obj)
                              (--whole-archive)
zephyr/libzephyr.a(mpsc_pbuf.c.obj)
                              (--whole-archive)
zephyr/libzephyr.a(configs.c.obj)
                              (--whole-archive)
zephyr/libzephyr.a(soc.c.obj)
                              (--whole-archive)
zephyr/libzephyr.a(stm32cube_hal.c.obj)
                              (--whole-archive)
zephyr/libzephyr.a(soc_config.c.obj)
                              (--whole-archive)
zephyr/libzephyr.a(log_list.c.obj)
                              (--whole-archive)
zephyr/libzephyr.a(log_core.c.obj)
                              (--whole-archive)
zephyr/libzephyr.a(log_mgmt.c.obj)
                              (--whole-archive)
zephyr/libzephyr.a(log_msg.c.obj)
                              (--whole-archive)
zephyr/libzephyr.a(log_output.c.obj)
                              (--whole-archive)
zephyr/libzephyr.a(log_msg2.c.obj)
                              (--whole-archive)
zephyr/libzephyr.a(log_backend_uart.c.obj)
                              (--whole-archive)
zephyr/libzephyr.a(disk_access.c.obj)
                              (--whole-archive)
zephyr/libzephyr.a(tracing_none.c.obj)
                              (--whole-archive)
zephyr/arch/common/libarch__common.a(sw_isr_common.c.obj)
                              (--whole-archive)
zephyr/arch/arch/arm/core/aarch32/libarch__arm__core__aarch32.a(cpu_idle.S.obj)
                              (--whole-archive)
zephyr/arch/arch/arm/core/aarch32/libarch__arm__core__aarch32.a(fatal.c.obj)
                              (--whole-archive)
zephyr/arch/arch/arm/core/aarch32/libarch__arm__core__aarch32.a(irq_manage.c.obj)
                              (--whole-archive)
zephyr/arch/arch/arm/core/aarch32/libarch__arm__core__aarch32.a(nmi.c.obj)
                              (--whole-archive)
zephyr/arch/arch/arm/core/aarch32/libarch__arm__core__aarch32.a(nmi_on_reset.S.obj)
                              (--whole-archive)
zephyr/arch/arch/arm/core/aarch32/libarch__arm__core__aarch32.a(prep_c.c.obj)
                              (--whole-archive)
zephyr/arch/arch/arm/core/aarch32/libarch__arm__core__aarch32.a(swap.c.obj)
                              (--whole-archive)
zephyr/arch/arch/arm/core/aarch32/libarch__arm__core__aarch32.a(swap_helper.S.obj)
                              (--whole-archive)
zephyr/arch/arch/arm/core/aarch32/libarch__arm__core__aarch32.a(thread.c.obj)
                              (--whole-archive)
zephyr/arch/arch/arm/core/aarch32/libarch__arm__core__aarch32.a(isr_wrapper.S.obj)
                              (--whole-archive)
zephyr/arch/arch/arm/core/aarch32/cortex_m/libarch__arm__core__aarch32__cortex_m.a(exc_exit.S.obj)
                              (--whole-archive)
[...]
Memory Configuration

Name             Origin             Length             Attributes
FLASH            0x0000000008000000 0x0000000000040000 xr
SRAM             0x0000000020000000 0x0000000000010000 xw
IDT_LIST         0x00000000fffff7ff 0x0000000000000800 xw
*default*        0x0000000000000000 0xffffffffffffffff

Linker script and memory map

LOAD zephyr/CMakeFiles/zephyr_pre0.dir/misc/empty_file.c.obj
LOAD zephyr/CMakeFiles/offsets.dir/./arch/arm/core/offsets/offsets.c.obj
                0x0000000000000020                _region_min_align = 0x20

.rel.plt        0x0000000008000000        0x0
 *(SORT_BY_ALIGNMENT(.rel.plt))
                [!provide]                        PROVIDE (__rel_iplt_start = .)
 *(SORT_BY_ALIGNMENT(.rel.iplt))
 .rel.iplt      0x0000000008000000        0x0 app/libapp.a(ambient_sensors.c.obj)
                [!provide]                        PROVIDE (__rel_iplt_end = .)

.rela.plt       0x0000000000000000        0x0
 *(SORT_BY_ALIGNMENT(.rela.plt))
                [!provide]                        PROVIDE (__rela_iplt_start = .)
 *(SORT_BY_ALIGNMENT(.rela.iplt))
                [!provide]                        PROVIDE (__rela_iplt_end = .)

.rel.dyn
 *(SORT_BY_ALIGNMENT(.rel.*))

.rela.dyn
 *(SORT_BY_ALIGNMENT(.rela.*))

/DISCARD/
 *(SORT_BY_ALIGNMENT(.plt))
 *(SORT_BY_ALIGNMENT(.iplt))
 *(SORT_BY_ALIGNMENT(.got.plt))
 *(SORT_BY_ALIGNMENT(.igot.plt))
 *(SORT_BY_ALIGNMENT(.got))
 *(SORT_BY_ALIGNMENT(.igot))
 *(SORT_BY_ALIGNMENT(.note.GNU-stack))
                0x0000000008000000                __rom_region_start = 0x8000000

rom_start       0x0000000008000000      0x138
                0x0000000000000000                . = 0x0
                0x0000000000000000                . = ALIGN (0x4)
                0x0000000000000000                . = ALIGN (0x80)
                0x0000000000000000                . = ALIGN (0x200)
                0x0000000008000000                _vector_start = .
 *(SORT_BY_ALIGNMENT(.exc_vector_table))
 *(SORT_BY_ALIGNMENT(.exc_vector_table.*))
 .exc_vector_table._vector_table_section
                0x0000000008000000       0x40 zephyr/arch/arch/arm/core/aarch32/cortex_m/libarch__arm__core__aarch32__cortex_m.a(vector_table.S.obj)
                0x0000000008000000                _vector_table
 *(SORT_BY_ALIGNMENT(.gnu.linkonce.irq_vector_table*))
 .gnu.linkonce.irq_vector_table
                0x0000000008000040       0xf8 zephyr/arch/common/libisr_tables.a(isr_tables.c.obj)
                0x0000000008000040                _irq_vector_table
 *(SORT_BY_ALIGNMENT(.vectors))
                0x0000000008000138                _vector_end = .

text            0x0000000008000140    0x19996
                0x0000000008000140                __text_region_start = .
 *(SORT_BY_ALIGNMENT(.text))
 .text          0x0000000008000140       0xa0 /usr/local/zephyr-sdk/arm-zephyr-eabi/arm-zephyr-eabi/lib/thumb/v7e-m/nofp/libc_nano.a(lib_a-memchr.o)
                0x0000000008000140                memchr
 .text          0x00000000080001e0      0x378 /usr/local/zephyr-sdk/arm-zephyr-eabi/bin/../lib/gcc/arm-zephyr-eabi/10.3.0/thumb/v7e-m/nofp/libgcc.a(_arm_addsubdf3.o)
                0x00000000080001e0                __aeabi_drsub
                0x00000000080001e8                __aeabi_dsub
                0x00000000080001e8                __subdf3
                0x00000000080001ec                __adddf3
                0x00000000080001ec                __aeabi_dadd
                0x0000000008000464                __aeabi_ui2d
                0x0000000008000464                __floatunsidf
                0x0000000008000484                __floatsidf
                0x0000000008000484                __aeabi_i2d
                0x00000000080004a8                __extendsfdf2
                0x00000000080004a8                __aeabi_f2d
                0x00000000080004ec                __aeabi_ul2d
                0x00000000080004ec                __floatundidf
                0x00000000080004fc                __floatdidf
                0x00000000080004fc                __aeabi_l2d
 .text          0x0000000008000558      0x424 /usr/local/zephyr-sdk/arm-zephyr-eabi/bin/../lib/gcc/arm-zephyr-eabi/10.3.0/thumb/v7e-m/nofp/libgcc.a(_arm_muldivdf3.o)
                0x0000000008000558                __aeabi_dmul
                0x0000000008000558                __muldf3
                0x00000000080007ac                __aeabi_ddiv
                0x00000000080007ac                __divdf3
 .text          0x000000000800097c       0x50 /usr/local/zephyr-sdk/arm-zephyr-eabi/bin/../lib/gcc/arm-zephyr-eabi/10.3.0/thumb/v7e-m/nofp/libgcc.a(_arm_fixdfsi.o)
                0x000000000800097c                __fixdfsi
                0x000000000800097c                __aeabi_d2iz
 .text          0x00000000080009cc       0xa0 /usr/local/zephyr-sdk/arm-zephyr-eabi/bin/../lib/gcc/arm-zephyr-eabi/10.3.0/thumb/v7e-m/nofp/libgcc.a(_arm_truncdfsf2.o)
                0x00000000080009cc                __aeabi_d2f
                0x00000000080009cc                __truncdfsf2
 .text          0x0000000008000a6c      0x21c /usr/local/zephyr-sdk/arm-zephyr-eabi/bin/../lib/gcc/arm-zephyr-eabi/10.3.0/thumb/v7e-m/nofp/libgcc.a(_arm_addsubsf3.o)
                0x0000000008000a6c                __aeabi_frsub
                0x0000000008000a74                __subsf3
                0x0000000008000a74                __aeabi_fsub
                0x0000000008000a78                __aeabi_fadd
                0x0000000008000a78                __addsf3
                0x0000000008000bd8                __aeabi_ui2f
                0x0000000008000bd8                __floatunsisf
                0x0000000008000be0                __aeabi_i2f
                0x0000000008000be0                __floatsisf
                0x0000000008000bfc                __floatundisf
                0x0000000008000bfc                __aeabi_ul2f
                0x0000000008000c0c                __floatdisf
                0x0000000008000c0c                __aeabi_l2f
 .text          0x0000000008000c88      0x2a0 /usr/local/zephyr-sdk/arm-zephyr-eabi/bin/../lib/gcc/arm-zephyr-eabi/10.3.0/thumb/v7e-m/nofp/libgcc.a(_arm_muldivsf3.o)
                0x0000000008000c88                __mulsf3
                0x0000000008000c88                __aeabi_fmul
                0x0000000008000df0                __divsf3
                0x0000000008000df0                __aeabi_fdiv
 .text          0x0000000008000f28       0xa0 /usr/local/zephyr-sdk/arm-zephyr-eabi/bin/../lib/gcc/arm-zephyr-eabi/10.3.0/thumb/v7e-m/nofp/libgcc.a(_aeabi_ldivmod.o)
                0x0000000008000f28                __aeabi_ldivmod
 .text          0x0000000008000fc8       0x30 /usr/local/zephyr-sdk/arm-zephyr-eabi/bin/../lib/gcc/arm-zephyr-eabi/10.3.0/thumb/v7e-m/nofp/libgcc.a(_aeabi_uldivmod.o)
                0x0000000008000fc8                __aeabi_uldivmod
 .text          0x0000000008000ff8        0x4 /usr/local/zephyr-sdk/arm-zephyr-eabi/bin/../lib/gcc/arm-zephyr-eabi/10.3.0/thumb/v7e-m/nofp/libgcc.a(_dvmd_tls.o)
                0x0000000008000ff8                __aeabi_ldiv0
                0x0000000008000ff8                __aeabi_idiv0
 .text          0x0000000008000ffc      0x110 /usr/local/zephyr-sdk/arm-zephyr-eabi/bin/../lib/gcc/arm-zephyr-eabi/10.3.0/thumb/v7e-m/nofp/libgcc.a(_arm_cmpdf2.o)
                0x0000000008000ffc                __gtdf2
                0x0000000008000ffc                __gedf2
                0x0000000008001004                __ltdf2
                0x0000000008001004                __ledf2
                0x000000000800100c                __cmpdf2
                0x000000000800100c                __eqdf2
                0x000000000800100c                __nedf2
                0x0000000008001088                __aeabi_cdrcmple
                0x0000000008001098                __aeabi_cdcmple
                0x0000000008001098                __aeabi_cdcmpeq
                0x00000000080010a8                __aeabi_dcmpeq
                0x00000000080010bc                __aeabi_dcmplt
                0x00000000080010d0                __aeabi_dcmple
                0x00000000080010e4                __aeabi_dcmpge
                0x00000000080010f8                __aeabi_dcmpgt
 .text          0x000000000800110c      0x2a6 /usr/local/zephyr-sdk/arm-zephyr-eabi/bin/../lib/gcc/arm-zephyr-eabi/10.3.0/thumb/v7e-m/nofp/libgcc.a(_udivmoddi4.o)
                0x000000000800110c                __udivmoddi4
 .text          0x00000000080013b2       0x14 /usr/local/zephyr-sdk/arm-zephyr-eabi/arm-zephyr-eabi/lib/thumb/v7e-m/nofp/libc_nano.a(lib_a-strcmp.o)
                0x00000000080013b2                strcmp
 .text          0x00000000080013c6       0x10 /usr/local/zephyr-sdk/arm-zephyr-eabi/arm-zephyr-eabi/lib/thumb/v7e-m/nofp/libc_nano.a(lib_a-strlen.o)
                0x00000000080013c6                strlen
 *(SORT_BY_ALIGNMENT(.text.*))
 *fill*         0x00000000080013d6        0x2 
 .text.ambient_sensors_read
                0x00000000080013d8      0x248 app/libapp.a(ambient_sensors.c.obj)
                0x00000000080013d8                ambient_sensors_read
 .text.floor    0x0000000008001620      0x100 /usr/local/zephyr-sdk/arm-zephyr-eabi/arm-zephyr-eabi/lib/thumb/v7e-m/nofp/libm_nano.a(lib_a-s_floor.o)
                0x0000000008001620                floor
 .text.get_bme280_device
                0x0000000008001720       0x78 app/libapp.a(ambient_sensors.c.obj)
                0x0000000008001720                get_bme280_device
 .text.save_data
                0x0000000008001798       0xe4 app/libapp.a(file_system.c.obj)
                0x0000000008001798                save_data
 .text.lsdir    0x000000000800187c       0xb4 app/libapp.a(file_system.c.obj)
                0x000000000800187c                lsdir
 .text.init_and_mount_sdcard
                0x0000000008001930      0x110 app/libapp.a(file_system.c.obj)
                0x0000000008001930                init_and_mount_sdcard
 .text.gas_sensors_init
                0x0000000008001a40       0x7c app/libapp.a(gas_sensors.c.obj)
                0x0000000008001a40                gas_sensors_init
 .text.gas_sensors_read
                0x0000000008001abc      0x248 app/libapp.a(gas_sensors.c.obj)
                0x0000000008001abc                gas_sensors_read
 .text.lorwan_datarate_changed
                0x0000000008001d04       0x3c app/libapp.a(main.c.obj)
 .text.dl_callback
                0x0000000008001d40       0x80 app/libapp.a(main.c.obj)
 .text.read_gas_and_ambient_sensors
                0x0000000008001dc0       0xe4 app/libapp.a(main.c.obj)
                0x0000000008001dc0                read_gas_and_ambient_sensors
 .text.count_particles
                0x0000000008001ea4      0x104 app/libapp.a(main.c.obj)
                0x0000000008001ea4                count_particles
 .text.send_data
                0x0000000008001fa8      0x2cc app/libapp.a(main.c.obj)
                0x0000000008001fa8                send_data
 .text.main     0x0000000008002274      0x17c app/libapp.a(main.c.obj)
                0x0000000008002274                main
 .text.spi_transceive.constprop.0.isra.0
                0x00000000080023f0       0x18 app/libapp.a(opc.c.obj)
 .text.opc_release
                0x0000000008002408       0x94 app/libapp.a(opc.c.obj)
                0x0000000008002408                opc_release
 .text.opc_init
                0x000000000800249c       0x4c app/libapp.a(opc.c.obj)
                0x000000000800249c                opc_init
 .text.opc_send_command
                0x00000000080024e8       0x90 app/libapp.a(opc.c.obj)
                0x00000000080024e8                opc_send_command
 .text.opc_start
                0x0000000008002578      0x17c app/libapp.a(opc.c.obj)
                0x0000000008002578                opc_start
 .text.opc_stop
                0x00000000080026f4      0x160 app/libapp.a(opc.c.obj)
                0x00000000080026f4                opc_stop
 .text.opc_read_histogram
                0x0000000008002854      0x368 app/libapp.a(opc.c.obj)
                0x0000000008002854                opc_read_histogram
 .text.init_time_system
                0x0000000008002bbc       0xf0 app/libapp.a(time_system.c.obj)
                0x0000000008002bbc                init_time_system
 .text.format_time
                0x0000000008002cac       0x2c app/libapp.a(time_system.c.obj)
                0x0000000008002cac                format_time
 .text.get_formatted_time
                0x0000000008002cd8       0x6c app/libapp.a(time_system.c.obj)
                0x0000000008002cd8                get_formatted_time
 .text.format_date
                0x0000000008002d44       0x2c app/libapp.a(time_system.c.obj)
                0x0000000008002d44                format_date
 .text.get_date
                0x0000000008002d70       0x6c app/libapp.a(time_system.c.obj)
                0x0000000008002d70                get_date
 .text.vsnprintfcb
                0x0000000008002ddc       0x2c zephyr/libzephyr.a(cbprintf.c.obj)
                0x0000000008002ddc                vsnprintfcb
 .text.cbvprintf_package
                0x0000000008002e08      0x46c zephyr/libzephyr.a(cbprintf_packaged.c.obj)
                0x0000000008002e08                cbvprintf_package
 .text.char_out
                0x0000000008003274       0x10 zephyr/libzephyr.a(printk.c.obj)
 .text.__printk_hook_install
                0x0000000008003284        0xc zephyr/libzephyr.a(printk.c.obj)
                0x0000000008003284                __printk_hook_install
 .text.vprintk  0x0000000008003290       0x1c zephyr/libzephyr.a(printk.c.obj)
                0x0000000008003290                vprintk
 .text.vsnprintk
                0x00000000080032ac       0x28 zephyr/libzephyr.a(printk.c.obj)
                0x00000000080032ac                vsnprintk
 .text.timeutil_timegm64
                0x00000000080032d4       0xf8 zephyr/libzephyr.a(timeutil.c.obj)
                0x00000000080032d4                timeutil_timegm64
 .text.extract_decimal
                0x00000000080033cc       0x28 zephyr/libzephyr.a(cbprintf_complete.c.obj)
 .text.encode_uint
                0x00000000080033f4       0x98 zephyr/libzephyr.a(cbprintf_complete.c.obj)
 .text.cbvprintf
                0x000000000800348c      0xcbc zephyr/libzephyr.a(cbprintf_complete.c.obj)
                0x000000000800348c                cbvprintf
 .text.stm32wl_init
                0x0000000008004148       0x40 zephyr/libzephyr.a(soc.c.obj)
 .text.enable_logger
                0x0000000008004188       0x5c zephyr/libzephyr.a(log_core.c.obj)
 .text.log_process_thread_timer_expiry_fn
                0x00000000080041e4        0xc zephyr/libzephyr.a(log_core.c.obj)
 .text.log_format_func_t_get
                0x00000000080041f0        0xc zephyr/libzephyr.a(log_core.c.obj)
                0x00000000080041f0                log_format_func_t_get
 .text.log_init
                0x00000000080041fc       0x58 zephyr/libzephyr.a(log_core.c.obj)
                0x00000000080041fc                log_init
 .text.z_log_notify_backend_enabled
                0x0000000008004254       0x1c zephyr/libzephyr.a(log_core.c.obj)
                0x0000000008004254                z_log_notify_backend_enabled
 .text.z_log_dropped
                0x0000000008004270       0x3c zephyr/libzephyr.a(log_core.c.obj)
                0x0000000008004270                z_log_dropped
 .text.z_log_dropped_read_and_clear
                0x00000000080042ac       0x20 zephyr/libzephyr.a(log_core.c.obj)
                0x00000000080042ac                z_log_dropped_read_and_clear
 .text.dropped_notify
                0x00000000080042cc       0x38 zephyr/libzephyr.a(log_core.c.obj)
                0x00000000080042cc                dropped_notify
 .text.z_log_msg2_init
                0x0000000008004304       0x10 zephyr/libzephyr.a(log_core.c.obj)
                0x0000000008004304                z_log_msg2_init
 .text.log_core_init
                0x0000000008004314       0x34 zephyr/libzephyr.a(log_core.c.obj)
                0x0000000008004314                log_core_init
 .text.z_log_msg2_alloc
                0x0000000008004348       0x10 zephyr/libzephyr.a(log_core.c.obj)
                0x0000000008004348                z_log_msg2_alloc
 .text.z_log_msg2_claim
                0x0000000008004358        0xc zephyr/libzephyr.a(log_core.c.obj)
                0x0000000008004358                z_log_msg2_claim
 .text.z_log_msg2_free
                0x0000000008004364        0xc zephyr/libzephyr.a(log_core.c.obj)
                0x0000000008004364                z_log_msg2_free
 .text.z_log_msg2_pending
                0x0000000008004370        0xc zephyr/libzephyr.a(log_core.c.obj)
                0x0000000008004370                z_log_msg2_pending
 .text.z_impl_log_process
                0x000000000800437c       0x8c zephyr/libzephyr.a(log_core.c.obj)
                0x000000000800437c                z_impl_log_process
 .text.log_process_thread_func
                0x0000000008004408       0x48 zephyr/libzephyr.a(log_core.c.obj)
 .text.z_log_msg_post_finalize
                0x0000000008004450       0x8c zephyr/libzephyr.a(log_core.c.obj)
 .text.z_log_msg2_commit
                0x00000000080044dc       0x24 zephyr/libzephyr.a(log_core.c.obj)
                0x00000000080044dc                z_log_msg2_commit
 .text.z_impl_log_panic
                0x0000000008004500       0x48 zephyr/libzephyr.a(log_core.c.obj)
                0x0000000008004500                z_impl_log_panic
 .text.log_source_name_get
                0x0000000008004548       0x1c zephyr/libzephyr.a(log_mgmt.c.obj)
                0x0000000008004548                log_source_name_get
 .text.log_backend_enable
                0x0000000008004564       0x1c zephyr/libzephyr.a(log_mgmt.c.obj)
                0x0000000008004564                log_backend_enable
 .text.print_formatted
                0x0000000008004580       0x24 zephyr/libzephyr.a(log_output.c.obj)
 .text.hexdump_line_print
                0x00000000080045a4       0xe4 zephyr/libzephyr.a(log_output.c.obj)
 .text.prefix_print
                0x0000000008004688      0x148 zephyr/libzephyr.a(log_output.c.obj)
 .text.postfix_print
                0x00000000080047d0       0x3c zephyr/libzephyr.a(log_output.c.obj)
 .text.log_output_msg2_process
                0x000000000800480c       0xc8 zephyr/libzephyr.a(log_output.c.obj)
                0x000000000800480c                log_output_msg2_process
 .text.log_output_dropped_process
                0x00000000080048d4       0x58 zephyr/libzephyr.a(log_output.c.obj)
                0x00000000080048d4                log_output_dropped_process
 .text.log_output_timestamp_freq_set
                0x000000000800492c       0x30 zephyr/libzephyr.a(log_output.c.obj)
                0x000000000800492c                log_output_timestamp_freq_set
 .text.z_impl_z_log_msg2_runtime_vcreate
                0x000000000800495c       0x9c zephyr/libzephyr.a(log_msg2.c.obj)
                0x000000000800495c                z_impl_z_log_msg2_runtime_vcreate
 .text.char_out
                0x00000000080049f8       0x24 zephyr/libzephyr.a(log_backend_uart.c.obj)
 .text.format_set
                0x0000000008004a1c        0xc zephyr/libzephyr.a(log_backend_uart.c.obj)
 .text.log_backend_uart_init
                0x0000000008004a28       0x10 zephyr/libzephyr.a(log_backend_uart.c.obj)
 .text.panic    0x0000000008004a38       0x14 zephyr/libzephyr.a(log_backend_uart.c.obj)
 .text.dropped  0x0000000008004a4c        0xc zephyr/libzephyr.a(log_backend_uart.c.obj)
 .text.process  0x0000000008004a58       0x24 zephyr/libzephyr.a(log_backend_uart.c.obj)
 .text.disk_init
                0x0000000008004a7c       0x1c zephyr/libzephyr.a(disk_access.c.obj)
 .text.disk_access_get_di
                0x0000000008004a98       0x5c zephyr/libzephyr.a(disk_access.c.obj)
                0x0000000008004a98                disk_access_get_di
 .text.disk_access_register
                0x0000000008004af4       0x70 zephyr/libzephyr.a(disk_access.c.obj)
                0x0000000008004af4                disk_access_register
 .text.z_arm_cpu_idle_init
                0x0000000008004b64        0xc zephyr/arch/arch/arm/core/aarch32/libarch__arm__core__aarch32.a(cpu_idle.S.obj)
                0x0000000008004b64                z_arm_cpu_idle_init
 .text.arch_cpu_idle
                0x0000000008004b70       0x1c zephyr/arch/arch/arm/core/aarch32/libarch__arm__core__aarch32.a(cpu_idle.S.obj)
                0x0000000008004b70                arch_cpu_idle
 .text.z_arm_fatal_error
                0x0000000008004b8c       0xc0 zephyr/arch/arch/arm/core/aarch32/libarch__arm__core__aarch32.a(fatal.c.obj)
                0x0000000008004b8c                z_arm_fatal_error
 .text.arch_irq_enable
                0x0000000008004c4c       0x20 zephyr/arch/arch/arm/core/aarch32/libarch__arm__core__aarch32.a(irq_manage.c.obj)
                0x0000000008004c4c                arch_irq_enable
 .text.arch_irq_disable
                0x0000000008004c6c       0x28 zephyr/arch/arch/arm/core/aarch32/libarch__arm__core__aarch32.a(irq_manage.c.obj)
                0x0000000008004c6c                arch_irq_disable
 .text.z_arm_irq_priority_set
                0x0000000008004c94       0x30 zephyr/arch/arch/arm/core/aarch32/libarch__arm__core__aarch32.a(irq_manage.c.obj)
                0x0000000008004c94                z_arm_irq_priority_set
 .text.z_SysNmiOnReset
                0x0000000008004cc4        0x8 zephyr/arch/arch/arm/core/aarch32/libarch__arm__core__aarch32.a(nmi_on_reset.S.obj)
                0x0000000008004cc4                z_SysNmiOnReset
 .text.z_arm_prep_c
                0x0000000008004ccc       0x2c zephyr/arch/arch/arm/core/aarch32/libarch__arm__core__aarch32.a(prep_c.c.obj)
                0x0000000008004ccc                z_arm_prep_c
 .text.arch_swap
                0x0000000008004cf8       0x34 zephyr/arch/arch/arm/core/aarch32/libarch__arm__core__aarch32.a(swap.c.obj)
                0x0000000008004cf8                arch_swap
 .text.z_arm_pendsv
                0x0000000008004d2c       0x54 zephyr/arch/arch/arm/core/aarch32/libarch__arm__core__aarch32.a(swap_helper.S.obj)
                0x0000000008004d2c                z_arm_pendsv
 .text.z_arm_svc
                0x0000000008004d80       0x20 zephyr/arch/arch/arm/core/aarch32/libarch__arm__core__aarch32.a(swap_helper.S.obj)
                0x0000000008004d80                z_arm_svc
 .text.arch_new_thread
                0x0000000008004da0       0x38 zephyr/arch/arch/arm/core/aarch32/libarch__arm__core__aarch32.a(thread.c.obj)
                0x0000000008004da0                arch_new_thread
 .text.z_check_thread_stack_fail
                0x0000000008004dd8       0x2c zephyr/arch/arch/arm/core/aarch32/libarch__arm__core__aarch32.a(thread.c.obj)
                0x0000000008004dd8                z_check_thread_stack_fail
 .text.arch_switch_to_main_thread
                0x0000000008004e04       0x2c zephyr/arch/arch/arm/core/aarch32/libarch__arm__core__aarch32.a(thread.c.obj)
                0x0000000008004e04                arch_switch_to_main_thread
 .text._isr_wrapper
                0x0000000008004e30       0x28 zephyr/arch/arch/arm/core/aarch32/libarch__arm__core__aarch32.a(isr_wrapper.S.obj)
                0x0000000008004e30                _isr_wrapper
 .text._HandlerModeExit
                0x0000000008004e58       0x1c zephyr/arch/arch/arm/core/aarch32/cortex_m/libarch__arm__core__aarch32__cortex_m.a(exc_exit.S.obj)
                0x0000000008004e58                z_arm_exc_exit
                0x0000000008004e58                z_arm_int_exit
 .text.bus_fault.constprop.0
                0x0000000008004e74      0x104 zephyr/arch/arch/arm/core/aarch32/cortex_m/libarch__arm__core__aarch32__cortex_m.a(fault.c.obj)
 .text.usage_fault.constprop.0
                0x0000000008004f78       0xf8 zephyr/arch/arch/arm/core/aarch32/cortex_m/libarch__arm__core__aarch32__cortex_m.a(fault.c.obj)
 .text.mem_manage_fault
                0x0000000008005070      0x120 zephyr/arch/arch/arm/core/aarch32/cortex_m/libarch__arm__core__aarch32__cortex_m.a(fault.c.obj)
 .text.z_log_msg2_runtime_create.constprop.0
                0x0000000008005190       0x24 zephyr/arch/arch/arm/core/aarch32/cortex_m/libarch__arm__core__aarch32__cortex_m.a(fault.c.obj)
 .text.z_arm_fault
                0x00000000080051b4      0x1f8 zephyr/arch/arch/arm/core/aarch32/cortex_m/libarch__arm__core__aarch32__cortex_m.a(fault.c.obj)
                0x00000000080051b4                z_arm_fault
 .text.z_arm_fault_init
                0x00000000080053ac       0x10 zephyr/arch/arch/arm/core/aarch32/cortex_m/libarch__arm__core__aarch32__cortex_m.a(fault.c.obj)
                0x00000000080053ac                z_arm_fault_init
 .text.__fault  0x00000000080053bc       0x14 zephyr/arch/arch/arm/core/aarch32/cortex_m/libarch__arm__core__aarch32__cortex_m.a(fault_s.S.obj)
                0x00000000080053bc                z_arm_bus_fault
                0x00000000080053bc                z_arm_usage_fault
                0x00000000080053bc                z_arm_mpu_fault
                0x00000000080053bc                z_arm_exc_spurious
                0x00000000080053bc                z_arm_debug_monitor
                0x00000000080053bc                z_arm_hard_fault
 .text.z_arm_interrupt_init
                0x00000000080053d0       0x18 zephyr/arch/arch/arm/core/aarch32/cortex_m/libarch__arm__core__aarch32__cortex_m.a(irq_init.c.obj)
                0x00000000080053d0                z_arm_interrupt_init
 .text._reset_section
                0x00000000080053e8       0x2c zephyr/arch/arch/arm/core/aarch32/cortex_m/libarch__arm__core__aarch32__cortex_m.a(reset.S.obj)
                0x00000000080053e8                z_arm_reset
                0x00000000080053e8                __start
 .text.z_impl_k_thread_abort
                0x0000000008005414       0x24 zephyr/arch/arch/arm/core/aarch32/cortex_m/libarch__arm__core__aarch32__cortex_m.a(thread_abort.c.obj)
                0x0000000008005414                z_impl_k_thread_abort
 .text.z_arm_configure_static_mpu_regions
                0x0000000008005438       0x18 zephyr/arch/arch/arm/core/aarch32/mpu/libarch__arm__core__aarch32__mpu.a(arm_core_mpu.c.obj)
                0x0000000008005438                z_arm_configure_static_mpu_regions
 .text.z_arm_configure_dynamic_mpu_regions
                0x0000000008005450       0x20 zephyr/arch/arch/arm/core/aarch32/mpu/libarch__arm__core__aarch32__mpu.a(arm_core_mpu.c.obj)
                0x0000000008005450                z_arm_configure_dynamic_mpu_regions
 .text.mpu_configure_regions
                0x0000000008005470       0xb4 zephyr/arch/arch/arm/core/aarch32/mpu/libarch__arm__core__aarch32__mpu.a(arm_mpu.c.obj)
 .text.arm_core_mpu_enable
                0x0000000008005524       0x18 zephyr/arch/arch/arm/core/aarch32/mpu/libarch__arm__core__aarch32__mpu.a(arm_mpu.c.obj)
                0x0000000008005524                arm_core_mpu_enable
 .text.arm_core_mpu_disable
                0x000000000800553c       0x14 zephyr/arch/arch/arm/core/aarch32/mpu/libarch__arm__core__aarch32__mpu.a(arm_mpu.c.obj)
                0x000000000800553c                arm_core_mpu_disable
 .text.arm_core_mpu_configure_static_mpu_regions
                0x0000000008005550       0x14 zephyr/arch/arch/arm/core/aarch32/mpu/libarch__arm__core__aarch32__mpu.a(arm_mpu.c.obj)
                0x0000000008005550                arm_core_mpu_configure_static_mpu_regions
 .text.arm_core_mpu_configure_dynamic_mpu_regions
                0x0000000008005564       0x30 zephyr/arch/arch/arm/core/aarch32/mpu/libarch__arm__core__aarch32__mpu.a(arm_mpu.c.obj)
                0x0000000008005564                arm_core_mpu_configure_dynamic_mpu_regions
 .text.z_arm_mpu_init
                0x0000000008005594       0x60 zephyr/arch/arch/arm/core/aarch32/mpu/libarch__arm__core__aarch32__mpu.a(arm_mpu.c.obj)
                0x0000000008005594                z_arm_mpu_init
 .text.__stdout_hook_install
                0x00000000080055f4        0xc zephyr/lib/libc/newlib/liblib__libc__newlib.a(libc-hooks.c.obj)
                0x00000000080055f4                __stdout_hook_install
 .text.z_impl_zephyr_read_stdin
                0x0000000008005600       0x28 zephyr/lib/libc/newlib/liblib__libc__newlib.a(libc-hooks.c.obj)
                0x0000000008005600                z_impl_zephyr_read_stdin
 .text.z_impl_zephyr_write_stdout
                0x0000000008005628       0x30 zephyr/lib/libc/newlib/liblib__libc__newlib.a(libc-hooks.c.obj)
                0x0000000008005628                z_impl_zephyr_write_stdout
 .text._sbrk    0x0000000008005658       0x28 zephyr/lib/libc/newlib/liblib__libc__newlib.a(libc-hooks.c.obj)
                0x0000000008005658                _sbrk
                0x0000000008005658                sbrk
 .text.__chk_fail
                0x0000000008005680       0x1c zephyr/lib/libc/newlib/liblib__libc__newlib.a(libc-hooks.c.obj)
                0x0000000008005680                __chk_fail
 .text.getBatteryLevelLocal
                0x000000000800569c       0x10 zephyr/subsys/lorawan/libloramac-node.a(lorawan.c.obj)
 .text.lorawan_init
                0x00000000080056ac       0x80 zephyr/subsys/lorawan/libloramac-node.a(lorawan.c.obj)
 .text.datarate_observe
                0x000000000800572c       0x5c zephyr/subsys/lorawan/libloramac-node.a(lorawan.c.obj)
 .text.McpsIndication
                0x0000000008005788       0x84 zephyr/subsys/lorawan/libloramac-node.a(lorawan.c.obj)
 .text.McpsConfirm
                0x000000000800580c       0x54 zephyr/subsys/lorawan/libloramac-node.a(lorawan.c.obj)
 .text.MlmeConfirm
                0x0000000008005860       0x94 zephyr/subsys/lorawan/libloramac-node.a(lorawan.c.obj)
 .text.lorawan_join
                0x00000000080058f4      0x1a0 zephyr/subsys/lorawan/libloramac-node.a(lorawan.c.obj)
                0x00000000080058f4                lorawan_join
 .text.lorawan_set_datarate
                0x0000000008005a94       0x40 zephyr/subsys/lorawan/libloramac-node.a(lorawan.c.obj)
                0x0000000008005a94                lorawan_set_datarate
 .text.lorawan_send
                0x0000000008005ad4       0xf4 zephyr/subsys/lorawan/libloramac-node.a(lorawan.c.obj)
                0x0000000008005ad4                lorawan_send
 .text.lorawan_register_downlink_callback
                0x0000000008005bc8       0x20 zephyr/subsys/lorawan/libloramac-node.a(lorawan.c.obj)
                0x0000000008005bc8                lorawan_register_downlink_callback
 .text.lorawan_register_dr_changed_callback
                0x0000000008005be8        0xc zephyr/subsys/lorawan/libloramac-node.a(lorawan.c.obj)
                0x0000000008005be8                lorawan_register_dr_changed_callback
 .text.lorawan_start
                0x0000000008005bf4       0x6c zephyr/subsys/lorawan/libloramac-node.a(lorawan.c.obj)
                0x0000000008005bf4                lorawan_start
 .text.lorawan_status2str
                0x0000000008005c60       0x18 zephyr/subsys/lorawan/libloramac-node.a(lw_priv.c.obj)
                0x0000000008005c60                lorawan_status2str
 .text.lorawan_eventinfo2str
                0x0000000008005c78       0x18 zephyr/subsys/lorawan/libloramac-node.a(lw_priv.c.obj)
                0x0000000008005c78                lorawan_eventinfo2str
 .text.lorawan_status2errno
                0x0000000008005c90       0x24 zephyr/subsys/lorawan/libloramac-node.a(lw_priv.c.obj)
                0x0000000008005c90                lorawan_status2errno
 .text.lorawan_eventinfo2errno
                0x0000000008005cb4       0x24 zephyr/subsys/lorawan/libloramac-node.a(lw_priv.c.obj)
                0x0000000008005cb4                lorawan_eventinfo2errno
 .text.timer_callback
                0x0000000008005cd8        0xc zephyr/subsys/lorawan/libloramac-node.a(hal_common.c.obj)
 .text.RtcBkupWrite
                0x0000000008005ce4        0xc zephyr/subsys/lorawan/libloramac-node.a(hal_common.c.obj)
                0x0000000008005ce4                RtcBkupWrite
 .text.RtcBkupRead
                0x0000000008005cf0       0x10 zephyr/subsys/lorawan/libloramac-node.a(hal_common.c.obj)
                0x0000000008005cf0                RtcBkupRead
 .text.RtcGetTimerElapsedTime
                0x0000000008005d00       0x14 zephyr/subsys/lorawan/libloramac-node.a(hal_common.c.obj)
                0x0000000008005d00                RtcGetTimerElapsedTime
 .text.RtcStopAlarm
                0x0000000008005d14        0xc zephyr/subsys/lorawan/libloramac-node.a(hal_common.c.obj)
                0x0000000008005d14                RtcStopAlarm
 .text.RtcSetAlarm
                0x0000000008005d20       0x20 zephyr/subsys/lorawan/libloramac-node.a(hal_common.c.obj)
                0x0000000008005d20                RtcSetAlarm
 .text.RtcSetTimerContext
                0x0000000008005d40       0x10 zephyr/subsys/lorawan/libloramac-node.a(hal_common.c.obj)
                0x0000000008005d40                RtcSetTimerContext
 .text.RtcGetTimerContext
                0x0000000008005d50        0xc zephyr/subsys/lorawan/libloramac-node.a(hal_common.c.obj)
                0x0000000008005d50                RtcGetTimerContext
 .text.sx12xx_ev_rx_done
                0x0000000008005d5c       0xb0 zephyr/subsys/lorawan/libloramac-node.a(sx12xx_common.c.obj)
 .text.modem_release.constprop.0
                0x0000000008005e0c       0x58 zephyr/subsys/lorawan/libloramac-node.a(sx12xx_common.c.obj)
 .text.sx12xx_ev_tx_done
                0x0000000008005e64       0x20 zephyr/subsys/lorawan/libloramac-node.a(sx12xx_common.c.obj)
 .text.__sx12xx_configure_pin
                0x0000000008005e84       0xa0 zephyr/subsys/lorawan/libloramac-node.a(sx12xx_common.c.obj)
                0x0000000008005e84                __sx12xx_configure_pin
 .text.sx12xx_lora_send_async
                0x0000000008005f24       0x50 zephyr/subsys/lorawan/libloramac-node.a(sx12xx_common.c.obj)
                0x0000000008005f24                sx12xx_lora_send_async
 .text.sx12xx_lora_send
                0x0000000008005f74       0xc4 zephyr/subsys/lorawan/libloramac-node.a(sx12xx_common.c.obj)
                0x0000000008005f74                sx12xx_lora_send
 .text.sx12xx_lora_recv
                0x0000000008006038       0xcc zephyr/subsys/lorawan/libloramac-node.a(sx12xx_common.c.obj)
                0x0000000008006038                sx12xx_lora_recv
 .text.sx12xx_lora_recv_async
                0x0000000008006104       0x5c zephyr/subsys/lorawan/libloramac-node.a(sx12xx_common.c.obj)
                0x0000000008006104                sx12xx_lora_recv_async
 .text.sx12xx_lora_config
                0x0000000008006160       0xa8 zephyr/subsys/lorawan/libloramac-node.a(sx12xx_common.c.obj)
                0x0000000008006160                sx12xx_lora_config
 .text.sx12xx_lora_test_cw
                0x0000000008006208       0x40 zephyr/subsys/lorawan/libloramac-node.a(sx12xx_common.c.obj)
                0x0000000008006208                sx12xx_lora_test_cw
 .text.sx12xx_init
                0x0000000008006248       0x4c zephyr/subsys/lorawan/libloramac-node.a(sx12xx_common.c.obj)
                0x0000000008006248                sx12xx_init
 .text.sx126x_set_rx_enable
                0x0000000008006294       0x10 zephyr/subsys/lorawan/libloramac-node.a(sx126x.c.obj)
 .text.sx126x_set_tx_enable
                0x00000000080062a4       0x10 zephyr/subsys/lorawan/libloramac-node.a(sx126x.c.obj)
 .text.sx126x_dio1_irq_work_handler.part.0
                0x00000000080062b4       0x28 zephyr/subsys/lorawan/libloramac-node.a(sx126x.c.obj)
 .text.sx126x_dio1_irq_work_handler
                0x00000000080062dc       0x38 zephyr/subsys/lorawan/libloramac-node.a(sx126x.c.obj)
 .text.sx126x_lora_init
                0x0000000008006314       0xd0 zephyr/subsys/lorawan/libloramac-node.a(sx126x.c.obj)
 .text.SX126xGetOperatingMode
                0x00000000080063e4        0xc zephyr/subsys/lorawan/libloramac-node.a(sx126x.c.obj)
                0x00000000080063e4                SX126xGetOperatingMode
 .text.SX126xSetOperatingMode
                0x00000000080063f0       0x4c zephyr/subsys/lorawan/libloramac-node.a(sx126x.c.obj)
                0x00000000080063f0                SX126xSetOperatingMode
 .text.SX126xIoIrqInit
                0x000000000800643c        0xc zephyr/subsys/lorawan/libloramac-node.a(sx126x.c.obj)
                0x000000000800643c                SX126xIoIrqInit
 .text.SX126xReset
                0x0000000008006448       0x18 zephyr/subsys/lorawan/libloramac-node.a(sx126x.c.obj)
                0x0000000008006448                SX126xReset
 .text.SX126xWaitOnBusy
                0x0000000008006460       0x1c zephyr/subsys/lorawan/libloramac-node.a(sx126x.c.obj)
                0x0000000008006460                SX126xWaitOnBusy
 .text.sx126x_spi_transceive.isra.0
                0x000000000800647c       0x88 zephyr/subsys/lorawan/libloramac-node.a(sx126x.c.obj)
 .text.SX126xWakeup
                0x0000000008006504       0x70 zephyr/subsys/lorawan/libloramac-node.a(sx126x.c.obj)
                0x0000000008006504                SX126xWakeup
 .text.SX126xGetDio1PinState
                0x0000000008006574        0xc zephyr/subsys/lorawan/libloramac-node.a(sx126x.c.obj)
                0x0000000008006574                SX126xGetDio1PinState
 .text.sx126x_is_busy
                0x0000000008006580       0x10 zephyr/subsys/lorawan/libloramac-node.a(sx126x_stm32wl.c.obj)
                0x0000000008006580                sx126x_is_busy
 .text.sx126x_dio1_irq_enable
                0x0000000008006590       0x14 zephyr/subsys/lorawan/libloramac-node.a(sx126x_stm32wl.c.obj)
                0x0000000008006590                sx126x_dio1_irq_enable
 .text.sx126x_variant_init
                0x00000000080065a4       0x28 zephyr/subsys/lorawan/libloramac-node.a(sx126x_stm32wl.c.obj)
                0x00000000080065a4                sx126x_variant_init
 .text.rand1    0x00000000080065cc       0x28 zephyr/subsys/lorawan/libloramac-node.a(utilities.c.obj)
                0x00000000080065cc                rand1
 .text.srand1   0x00000000080065f4        0xc zephyr/subsys/lorawan/libloramac-node.a(utilities.c.obj)
                0x00000000080065f4                srand1
 .text.Crc32    0x0000000008006600       0x34 zephyr/subsys/lorawan/libloramac-node.a(utilities.c.obj)
                0x0000000008006600                Crc32
 .text.TimerInsertNewHeadTimer
                0x0000000008006634       0x18 zephyr/subsys/lorawan/libloramac-node.a(timer.c.obj)
 .text.TimerStart
                0x000000000800664c       0x70 zephyr/subsys/lorawan/libloramac-node.a(timer.c.obj)
                0x000000000800664c                TimerStart
 .text.TimerIrqHandler
                0x00000000080066bc       0x78 zephyr/subsys/lorawan/libloramac-node.a(timer.c.obj)
                0x00000000080066bc                TimerIrqHandler
 .text.TimerStop
                0x0000000008006734       0x58 zephyr/subsys/lorawan/libloramac-node.a(timer.c.obj)
                0x0000000008006734                TimerStop
 .text.SX126xSetCrcSeed
                0x000000000800678c       0x28 zephyr/subsys/lorawan/libloramac-node.a(sx126x.c.obj)
                0x000000000800678c                SX126xSetCrcSeed
 .text.SX126xSetCrcPolynomial
                0x00000000080067b4       0x28 zephyr/subsys/lorawan/libloramac-node.a(sx126x.c.obj)
                0x00000000080067b4                SX126xSetCrcPolynomial
 .text.SX126xSetWhiteningSeed
                0x00000000080067dc       0x38 zephyr/subsys/lorawan/libloramac-node.a(sx126x.c.obj)
                0x00000000080067dc                SX126xSetWhiteningSeed
 .text.SX126xSetSleep
                0x0000000008006814       0x3c zephyr/subsys/lorawan/libloramac-node.a(sx126x.c.obj)
                0x0000000008006814                SX126xSetSleep
 .text.SX126xInit
                0x0000000008006850       0x34 zephyr/subsys/lorawan/libloramac-node.a(sx126x.c.obj)
                0x0000000008006850                SX126xInit
 .text.SX126xCalibrateImage
                0x0000000008006884       0x78 zephyr/subsys/lorawan/libloramac-node.a(sx126x.c.obj)
                0x0000000008006884                SX126xCalibrateImage
 .text.SX126xSetRfFrequency
                0x00000000080068fc       0x58 zephyr/subsys/lorawan/libloramac-node.a(sx126x.c.obj)
                0x00000000080068fc                SX126xSetRfFrequency
 .text.SX126xSetPacketType
                0x0000000008006954       0x20 zephyr/subsys/lorawan/libloramac-node.a(sx126x.c.obj)
                0x0000000008006954                SX126xSetPacketType
 .text.SX126xGetPacketType
                0x0000000008006974        0xc zephyr/subsys/lorawan/libloramac-node.a(sx126x.c.obj)
                0x0000000008006974                SX126xGetPacketType
 .text.SX126xSetModulationParams
                0x0000000008006980       0xb0 zephyr/subsys/lorawan/libloramac-node.a(sx126x.c.obj)
                0x0000000008006980                SX126xSetModulationParams
 .text.SX126xSetPacketParams
                0x0000000008006a30       0xd4 zephyr/subsys/lorawan/libloramac-node.a(sx126x.c.obj)
                0x0000000008006a30                SX126xSetPacketParams
 .text.SX126xGetRxBufferStatus
                0x0000000008006b04       0x44 zephyr/subsys/lorawan/libloramac-node.a(sx126x.c.obj)
                0x0000000008006b04                SX126xGetRxBufferStatus
 .text.SX126xGetPacketStatus
                0x0000000008006b48       0x78 zephyr/subsys/lorawan/libloramac-node.a(sx126x.c.obj)
                0x0000000008006b48                SX126xGetPacketStatus
 .text.RadioOnTxTimeoutIrq
                0x0000000008006bc0       0x14 zephyr/subsys/lorawan/libloramac-node.a(radio.c.obj)
                0x0000000008006bc0                RadioOnTxTimeoutIrq
 .text.RadioOnRxTimeoutIrq
                0x0000000008006bd4       0x14 zephyr/subsys/lorawan/libloramac-node.a(radio.c.obj)
                0x0000000008006bd4                RadioOnRxTimeoutIrq
 .text.RadioOnDioIrq
                0x0000000008006be8        0xc zephyr/subsys/lorawan/libloramac-node.a(radio.c.obj)
                0x0000000008006be8                RadioOnDioIrq
 .text.RadioGetStatus
                0x0000000008006bf4       0x1c zephyr/subsys/lorawan/libloramac-node.a(radio.c.obj)
                0x0000000008006bf4                RadioGetStatus
 .text.RadioSend
                0x0000000008006c10       0x5c zephyr/subsys/lorawan/libloramac-node.a(radio.c.obj)
                0x0000000008006c10                RadioSend
 .text.RadioSetTxContinuousWave
                0x0000000008006c6c       0x30 zephyr/subsys/lorawan/libloramac-node.a(radio.c.obj)
                0x0000000008006c6c                RadioSetTxContinuousWave
 .text.RadioGetFskBandwidthRegValue
                0x0000000008006c9c       0x34 zephyr/subsys/lorawan/libloramac-node.a(radio.c.obj)
 .text.RadioSetMaxPayloadLength
                0x0000000008006cd0       0x30 zephyr/subsys/lorawan/libloramac-node.a(radio.c.obj)
                0x0000000008006cd0                RadioSetMaxPayloadLength
 .text.RadioRx  0x0000000008006d00       0x48 zephyr/subsys/lorawan/libloramac-node.a(radio.c.obj)
                0x0000000008006d00                RadioRx
 .text.RadioRxBoosted
                0x0000000008006d48       0x48 zephyr/subsys/lorawan/libloramac-node.a(radio.c.obj)
                0x0000000008006d48                RadioRxBoosted
 .text.RadioIrqProcess
                0x0000000008006d90      0x17c zephyr/subsys/lorawan/libloramac-node.a(radio.c.obj)
                0x0000000008006d90                RadioIrqProcess
 .text.RadioTimeOnAir
                0x0000000008006f0c       0xec zephyr/subsys/lorawan/libloramac-node.a(radio.c.obj)
                0x0000000008006f0c                RadioTimeOnAir
 .text.RadioSetPublicNetwork
                0x0000000008006ff8       0x3c zephyr/subsys/lorawan/libloramac-node.a(radio.c.obj)
                0x0000000008006ff8                RadioSetPublicNetwork
 .text.RadioSetModem.part.0
                0x0000000008007034       0x24 zephyr/subsys/lorawan/libloramac-node.a(radio.c.obj)
 .text.RadioSetModem
                0x0000000008007058       0x20 zephyr/subsys/lorawan/libloramac-node.a(radio.c.obj)
                0x0000000008007058                RadioSetModem
 .text.RadioSetRxConfig
                0x0000000008007078      0x1e4 zephyr/subsys/lorawan/libloramac-node.a(radio.c.obj)
                0x0000000008007078                RadioSetRxConfig
 .text.RadioSetTxConfig
                0x000000000800725c      0x19c zephyr/subsys/lorawan/libloramac-node.a(radio.c.obj)
                0x000000000800725c                RadioSetTxConfig
 .text.RadioInit
                0x00000000080073f8       0x7c zephyr/subsys/lorawan/libloramac-node.a(radio.c.obj)
                0x00000000080073f8                RadioInit
 .text.aes_set_key
                0x0000000008007474       0xf8 zephyr/subsys/lorawan/libloramac-node.a(aes.c.obj)
                0x0000000008007474                aes_set_key
 .text.aes_encrypt
                0x000000000800756c      0x2ac zephyr/subsys/lorawan/libloramac-node.a(aes.c.obj)
                0x000000000800756c                aes_encrypt
 .text.ComputeCmac
                0x0000000008007818       0x80 zephyr/subsys/lorawan/libloramac-node.a(soft-se.c.obj)
 .text.SecureElementInit
                0x0000000008007898      0x134 zephyr/subsys/lorawan/libloramac-node.a(soft-se.c.obj)
                0x0000000008007898                SecureElementInit
 .text.SecureElementAesEncrypt
                0x00000000080079cc       0x7c zephyr/subsys/lorawan/libloramac-node.a(soft-se.c.obj)
                0x00000000080079cc                SecureElementAesEncrypt
 .text.SecureElementSetKey.part.0
                0x0000000008007a48       0x78 zephyr/subsys/lorawan/libloramac-node.a(soft-se.c.obj)
 .text.SecureElementSetDevEui
                0x0000000008007ac0       0x1c zephyr/subsys/lorawan/libloramac-node.a(soft-se.c.obj)
                0x0000000008007ac0                SecureElementSetDevEui
 .text.SecureElementGetDevEui
                0x0000000008007adc        0xc zephyr/subsys/lorawan/libloramac-node.a(soft-se.c.obj)
                0x0000000008007adc                SecureElementGetDevEui
 .text.SecureElementSetJoinEui
                0x0000000008007ae8       0x20 zephyr/subsys/lorawan/libloramac-node.a(soft-se.c.obj)
                0x0000000008007ae8                SecureElementSetJoinEui
 .text.SecureElementGetJoinEui
                0x0000000008007b08        0xc zephyr/subsys/lorawan/libloramac-node.a(soft-se.c.obj)
                0x0000000008007b08                SecureElementGetJoinEui
 .text.SecureElementSetPin
                0x0000000008007b14       0x20 zephyr/subsys/lorawan/libloramac-node.a(soft-se.c.obj)
                0x0000000008007b14                SecureElementSetPin
 .text.SecureElementGetPin
                0x0000000008007b34        0xc zephyr/subsys/lorawan/libloramac-node.a(soft-se.c.obj)
                0x0000000008007b34                SecureElementGetPin
 .text.OnRadioTxTimeout
                0x0000000008007b40       0x24 zephyr/subsys/lorawan/libloramac-node.a(LoRaMac.c.obj)
 .text.OnRadioRxError
                0x0000000008007b64       0x24 zephyr/subsys/lorawan/libloramac-node.a(LoRaMac.c.obj)
 .text.OnRadioRxTimeout
                0x0000000008007b88       0x24 zephyr/subsys/lorawan/libloramac-node.a(LoRaMac.c.obj)
 .text.UpdateRxSlotIdleState
                0x0000000008007bac       0x1c zephyr/subsys/lorawan/libloramac-node.a(LoRaMac.c.obj)
 .text.GetMaxAppPayloadWithoutFOptsLength
                0x0000000008007bc8       0x2c zephyr/subsys/lorawan/libloramac-node.a(LoRaMac.c.obj)
 .text.OnRetransmitTimeoutTimerEvent
                0x0000000008007bf4       0x30 zephyr/subsys/lorawan/libloramac-node.a(LoRaMac.c.obj)
 .text.PrepareRxDoneAbort
                0x0000000008007c24       0x38 zephyr/subsys/lorawan/libloramac-node.a(LoRaMac.c.obj)
 .text.HandleRadioRxErrorTimeout
                0x0000000008007c5c       0xc4 zephyr/subsys/lorawan/libloramac-node.a(LoRaMac.c.obj)
 .text.OpenContinuousRxCWindow
                0x0000000008007d20       0x64 zephyr/subsys/lorawan/libloramac-node.a(LoRaMac.c.obj)
 .text.SwitchClass
                0x0000000008007d84       0xdc zephyr/subsys/lorawan/libloramac-node.a(LoRaMac.c.obj)
 .text.OnRadioRxDone
                0x0000000008007e60       0x4c zephyr/subsys/lorawan/libloramac-node.a(LoRaMac.c.obj)
 .text.OnRadioTxDone
                0x0000000008007eac       0x4c zephyr/subsys/lorawan/libloramac-node.a(LoRaMac.c.obj)
 .text.ResetMacParameters
                0x0000000008007ef8      0x134 zephyr/subsys/lorawan/libloramac-node.a(LoRaMac.c.obj)
 .text.RxWindowSetup.constprop.0
                0x000000000800802c       0x3c zephyr/subsys/lorawan/libloramac-node.a(LoRaMac.c.obj)
 .text.OnRxWindow1TimerEvent
                0x0000000008008068       0x44 zephyr/subsys/lorawan/libloramac-node.a(LoRaMac.c.obj)
 .text.OnRxWindow2TimerEvent
                0x00000000080080ac       0x4c zephyr/subsys/lorawan/libloramac-node.a(LoRaMac.c.obj)
 .text.ProcessMacCommands.constprop.0
                0x00000000080080f8      0x608 zephyr/subsys/lorawan/libloramac-node.a(LoRaMac.c.obj)
 .text.StopRetransmission.isra.0
                0x0000000008008700       0x44 zephyr/subsys/lorawan/libloramac-node.a(LoRaMac.c.obj)
 .text.LoRaMacIsBusy
                0x0000000008008744       0x28 zephyr/subsys/lorawan/libloramac-node.a(LoRaMac.c.obj)
                0x0000000008008744                LoRaMacIsBusy
 .text.PrepareFrame
                0x000000000800876c      0x154 zephyr/subsys/lorawan/libloramac-node.a(LoRaMac.c.obj)
                0x000000000800876c                PrepareFrame
 .text.SendFrameOnChannel
                0x00000000080088c0      0x12c zephyr/subsys/lorawan/libloramac-node.a(LoRaMac.c.obj)
                0x00000000080088c0                SendFrameOnChannel
 .text.ScheduleTx
                0x00000000080089ec      0x1d8 zephyr/subsys/lorawan/libloramac-node.a(LoRaMac.c.obj)
 .text.OnTxDelayedTimerEvent
                0x0000000008008bc4       0x6c zephyr/subsys/lorawan/libloramac-node.a(LoRaMac.c.obj)
 .text.Send     0x0000000008008c30      0x100 zephyr/subsys/lorawan/libloramac-node.a(LoRaMac.c.obj)
                0x0000000008008c30                Send
 .text.SendReJoinReq
                0x0000000008008d30       0x54 zephyr/subsys/lorawan/libloramac-node.a(LoRaMac.c.obj)
                0x0000000008008d30                SendReJoinReq
 .text.SetTxContinuousWave
                0x0000000008008d84       0x2c zephyr/subsys/lorawan/libloramac-node.a(LoRaMac.c.obj)
                0x0000000008008d84                SetTxContinuousWave
 .text.LoRaMacProcess
                0x0000000008008db0      0x9bc zephyr/subsys/lorawan/libloramac-node.a(LoRaMac.c.obj)
                0x0000000008008db0                LoRaMacProcess
 .text.LoRaMacInitialization
                0x000000000800976c      0x354 zephyr/subsys/lorawan/libloramac-node.a(LoRaMac.c.obj)
                0x000000000800976c                LoRaMacInitialization
 .text.LoRaMacStart
                0x0000000008009ac0       0x10 zephyr/subsys/lorawan/libloramac-node.a(LoRaMac.c.obj)
                0x0000000008009ac0                LoRaMacStart
 .text.LoRaMacQueryTxPossible
                0x0000000008009ad0       0xc0 zephyr/subsys/lorawan/libloramac-node.a(LoRaMac.c.obj)
                0x0000000008009ad0                LoRaMacQueryTxPossible
 .text.LoRaMacMibGetRequestConfirm
                0x0000000008009b90      0x1ac zephyr/subsys/lorawan/libloramac-node.a(LoRaMac.c.obj)
                0x0000000008009b90                LoRaMacMibGetRequestConfirm
 .text.LoRaMacMibSetRequestConfirm
                0x0000000008009d3c      0x554 zephyr/subsys/lorawan/libloramac-node.a(LoRaMac.c.obj)
                0x0000000008009d3c                LoRaMacMibSetRequestConfirm
 .text.LoRaMacMlmeRequest
                0x000000000800a290      0x1c0 zephyr/subsys/lorawan/libloramac-node.a(LoRaMac.c.obj)
                0x000000000800a290                LoRaMacMlmeRequest
 .text.LoRaMacMcpsRequest
                0x000000000800a450      0x188 zephyr/subsys/lorawan/libloramac-node.a(LoRaMac.c.obj)
                0x000000000800a450                LoRaMacMcpsRequest
 .text.LoRaMacCommandsInit
                0x000000000800a5d8       0x1c zephyr/subsys/lorawan/libloramac-node.a(LoRaMacCommands.c.obj)
                0x000000000800a5d8                LoRaMacCommandsInit
 .text.LoRaMacCommandsAddCmd
                0x000000000800a5f4       0xa8 zephyr/subsys/lorawan/libloramac-node.a(LoRaMacCommands.c.obj)
                0x000000000800a5f4                LoRaMacCommandsAddCmd
 .text.LoRaMacCommandsRemoveCmd
                0x000000000800a69c       0x54 zephyr/subsys/lorawan/libloramac-node.a(LoRaMacCommands.c.obj)
                0x000000000800a69c                LoRaMacCommandsRemoveCmd
 .text.LoRaMacCommandsRemoveNoneStickyCmds
                0x000000000800a6f0       0x1c zephyr/subsys/lorawan/libloramac-node.a(LoRaMacCommands.c.obj)
                0x000000000800a6f0                LoRaMacCommandsRemoveNoneStickyCmds
 .text.LoRaMacCommandsRemoveStickyAnsCmds
                0x000000000800a70c       0x30 zephyr/subsys/lorawan/libloramac-node.a(LoRaMacCommands.c.obj)
                0x000000000800a70c                LoRaMacCommandsRemoveStickyAnsCmds
 .text.LoRaMacCommandsGetSizeSerializedCmds
                0x000000000800a73c       0x18 zephyr/subsys/lorawan/libloramac-node.a(LoRaMacCommands.c.obj)
                0x000000000800a73c                LoRaMacCommandsGetSizeSerializedCmds
 .text.LoRaMacCommandsSerializeCmds
                0x000000000800a754       0x64 zephyr/subsys/lorawan/libloramac-node.a(LoRaMacCommands.c.obj)
                0x000000000800a754                LoRaMacCommandsSerializeCmds
 .text.LoRaMacCommandsStickyCmdsPending
                0x000000000800a7b8       0x28 zephyr/subsys/lorawan/libloramac-node.a(LoRaMacCommands.c.obj)
                0x000000000800a7b8                LoRaMacCommandsStickyCmdsPending
 .text.LoRaMacCommandsGetCmdSize
                0x000000000800a7e0       0x14 zephyr/subsys/lorawan/libloramac-node.a(LoRaMacCommands.c.obj)
                0x000000000800a7e0                LoRaMacCommandsGetCmdSize
 .text.GetElement.constprop.0
                0x000000000800a7f4       0x38 zephyr/subsys/lorawan/libloramac-node.a(LoRaMacConfirmQueue.c.obj)
 .text.LoRaMacConfirmQueueInit
                0x000000000800a82c       0x28 zephyr/subsys/lorawan/libloramac-node.a(LoRaMacConfirmQueue.c.obj)
                0x000000000800a82c                LoRaMacConfirmQueueInit
 .text.LoRaMacConfirmQueueAdd
                0x000000000800a854       0x40 zephyr/subsys/lorawan/libloramac-node.a(LoRaMacConfirmQueue.c.obj)
                0x000000000800a854                LoRaMacConfirmQueueAdd
 .text.LoRaMacConfirmQueueRemoveFirst
                0x000000000800a894       0x2c zephyr/subsys/lorawan/libloramac-node.a(LoRaMacConfirmQueue.c.obj)
                0x000000000800a894                LoRaMacConfirmQueueRemoveFirst
 .text.LoRaMacConfirmQueueSetStatus
                0x000000000800a8c0       0x24 zephyr/subsys/lorawan/libloramac-node.a(LoRaMacConfirmQueue.c.obj)
                0x000000000800a8c0                LoRaMacConfirmQueueSetStatus
 .text.LoRaMacConfirmQueueGetStatus
                0x000000000800a8e4       0x20 zephyr/subsys/lorawan/libloramac-node.a(LoRaMacConfirmQueue.c.obj)
                0x000000000800a8e4                LoRaMacConfirmQueueGetStatus
 .text.LoRaMacConfirmQueueSetStatusCmn
                0x000000000800a904       0x34 zephyr/subsys/lorawan/libloramac-node.a(LoRaMacConfirmQueue.c.obj)
                0x000000000800a904                LoRaMacConfirmQueueSetStatusCmn
 .text.LoRaMacConfirmQueueIsCmdActive
                0x000000000800a938       0x18 zephyr/subsys/lorawan/libloramac-node.a(LoRaMacConfirmQueue.c.obj)
                0x000000000800a938                LoRaMacConfirmQueueIsCmdActive
 .text.LoRaMacConfirmQueueHandleCb
                0x000000000800a950       0x54 zephyr/subsys/lorawan/libloramac-node.a(LoRaMacConfirmQueue.c.obj)
                0x000000000800a950                LoRaMacConfirmQueueHandleCb
 .text.LoRaMacConfirmQueueGetCnt
                0x000000000800a9a4        0xc zephyr/subsys/lorawan/libloramac-node.a(LoRaMacConfirmQueue.c.obj)
                0x000000000800a9a4                LoRaMacConfirmQueueGetCnt
 .text.LoRaMacConfirmQueueIsFull
                0x000000000800a9b0       0x14 zephyr/subsys/lorawan/libloramac-node.a(LoRaMacConfirmQueue.c.obj)
                0x000000000800a9b0                LoRaMacConfirmQueueIsFull
 .text.GetLastFcntDown.constprop.0
                0x000000000800a9c4       0x64 zephyr/subsys/lorawan/libloramac-node.a(LoRaMacCrypto.c.obj)
 .text.VerifyCmacB0.constprop.0
                0x000000000800aa28       0xc8 zephyr/subsys/lorawan/libloramac-node.a(LoRaMacCrypto.c.obj)
 .text.LoRaMacCryptoInit
                0x000000000800aaf0       0x3c zephyr/subsys/lorawan/libloramac-node.a(LoRaMacCrypto.c.obj)
                0x000000000800aaf0                LoRaMacCryptoInit
 .text.LoRaMacCryptoSetLrWanVersion
                0x000000000800ab2c       0x10 zephyr/subsys/lorawan/libloramac-node.a(LoRaMacCrypto.c.obj)
                0x000000000800ab2c                LoRaMacCryptoSetLrWanVersion
 .text.LoRaMacCryptoGetFCntUp
                0x000000000800ab3c       0x18 zephyr/subsys/lorawan/libloramac-node.a(LoRaMacCrypto.c.obj)
                0x000000000800ab3c                LoRaMacCryptoGetFCntUp
 .text.LoRaMacCryptoSetMulticastReference
                0x000000000800ab54       0x2c zephyr/subsys/lorawan/libloramac-node.a(LoRaMacCrypto.c.obj)
                0x000000000800ab54                LoRaMacCryptoSetMulticastReference
 .text.LoRaMacCryptoPrepareJoinRequest
                0x000000000800ab80       0x48 zephyr/subsys/lorawan/libloramac-node.a(LoRaMacCrypto.c.obj)
                0x000000000800ab80                LoRaMacCryptoPrepareJoinRequest
 .text.LoRaMacCryptoSecureMessage
                0x000000000800abc8       0xe4 zephyr/subsys/lorawan/libloramac-node.a(LoRaMacCrypto.c.obj)
                0x000000000800abc8                LoRaMacCryptoSecureMessage
 .text.LoRaMacCryptoUnsecureMessage
                0x000000000800acac      0x118 zephyr/subsys/lorawan/libloramac-node.a(LoRaMacCrypto.c.obj)
                0x000000000800acac                LoRaMacCryptoUnsecureMessage
 .text.LoRaMacCryptoSetKey
                0x000000000800adc4       0x2c zephyr/subsys/lorawan/libloramac-node.a(LoRaMacCrypto.c.obj)
                0x000000000800adc4                LoRaMacCryptoSetKey
 .text.LoRaMacCryptoHandleJoinAccept
                0x000000000800adf0      0x100 zephyr/subsys/lorawan/libloramac-node.a(LoRaMacCrypto.c.obj)
                0x000000000800adf0                LoRaMacCryptoHandleJoinAccept
 .text.RegionGetVersion
                0x000000000800aef0        0x8 zephyr/subsys/lorawan/libloramac-node.a(Region.c.obj)
                0x000000000800aef0                RegionGetVersion
 .text.RegionCommonUpdateBandTimeOff
                0x000000000800aef8      0x1dc zephyr/subsys/lorawan/libloramac-node.a(RegionCommon.c.obj)
                0x000000000800aef8                RegionCommonUpdateBandTimeOff
 .text.RegionCommonComputeSymbolTimeLoRa
                0x000000000800b0d4       0x10 zephyr/subsys/lorawan/libloramac-node.a(RegionCommon.c.obj)
                0x000000000800b0d4                RegionCommonComputeSymbolTimeLoRa
 .text.RegionCommonGetBandwidth
                0x000000000800b0e4       0x24 zephyr/subsys/lorawan/libloramac-node.a(RegionCommon.c.obj)
                0x000000000800b0e4                RegionCommonGetBandwidth
 .text.GetTimeOnAir
                0x000000000800b108       0x3c zephyr/subsys/lorawan/libloramac-node.a(RegionUS915.c.obj)
 .text.VerifyRfFreq
                0x000000000800b144       0x40 zephyr/subsys/lorawan/libloramac-node.a(RegionUS915.c.obj)
 .text.RegionUS915GetPhyParam
                0x000000000800b184      0x138 zephyr/subsys/lorawan/libloramac-node.a(RegionUS915.c.obj)
                0x000000000800b184                RegionUS915GetPhyParam
 .text.RegionUS915SetBandTxDone
                0x000000000800b2bc       0x38 zephyr/subsys/lorawan/libloramac-node.a(RegionUS915.c.obj)
                0x000000000800b2bc                RegionUS915SetBandTxDone
 .text.RegionUS915InitDefaults
                0x000000000800b2f4      0x114 zephyr/subsys/lorawan/libloramac-node.a(RegionUS915.c.obj)
                0x000000000800b2f4                RegionUS915InitDefaults
 .text.RegionUS915ApplyCFList
                0x000000000800b408       0x5c zephyr/subsys/lorawan/libloramac-node.a(RegionUS915.c.obj)
                0x000000000800b408                RegionUS915ApplyCFList
 .text.RegionUS915ChanMaskSet
                0x000000000800b464       0x78 zephyr/subsys/lorawan/libloramac-node.a(RegionUS915.c.obj)
                0x000000000800b464                RegionUS915ChanMaskSet
 .text.RegionUS915ComputeRxWindowParameters
                0x000000000800b4dc       0x58 zephyr/subsys/lorawan/libloramac-node.a(RegionUS915.c.obj)
                0x000000000800b4dc                RegionUS915ComputeRxWindowParameters
 .text.RegionUS915RxConfig
                0x000000000800b534       0x98 zephyr/subsys/lorawan/libloramac-node.a(RegionUS915.c.obj)
                0x000000000800b534                RegionUS915RxConfig
 .text.RegionUS915TxConfig
                0x000000000800b5cc       0xfc zephyr/subsys/lorawan/libloramac-node.a(RegionUS915.c.obj)
                0x000000000800b5cc                RegionUS915TxConfig
 .text.RegionUS915LinkAdrReq
                0x000000000800b6c8      0x220 zephyr/subsys/lorawan/libloramac-node.a(RegionUS915.c.obj)
                0x000000000800b6c8                RegionUS915LinkAdrReq
 .text.RegionUS915AlternateDr
                0x000000000800b8e8       0x2c zephyr/subsys/lorawan/libloramac-node.a(RegionUS915.c.obj)
                0x000000000800b8e8                RegionUS915AlternateDr
 .text.RegionUS915NextChannel
                0x000000000800b914      0x138 zephyr/subsys/lorawan/libloramac-node.a(RegionUS915.c.obj)
                0x000000000800b914                RegionUS915NextChannel
 .text.RegionUS915ApplyDrOffset
                0x000000000800ba4c       0x14 zephyr/subsys/lorawan/libloramac-node.a(RegionUS915.c.obj)
                0x000000000800ba4c                RegionUS915ApplyDrOffset
 .text.registry_find
                0x000000000800ba60       0x2c zephyr/subsys/fs/libsubsys__fs.a(fs.c.obj)
 .text.z_log_msg2_runtime_create.constprop.0
                0x000000000800ba8c       0x24 zephyr/subsys/fs/libsubsys__fs.a(fs.c.obj)
 .text.fs_init  0x000000000800bab0       0x1c zephyr/subsys/fs/libsubsys__fs.a(fs.c.obj)
 .text.k_mutex_lock.constprop.0.isra.0
                0x000000000800bacc       0x10 zephyr/subsys/fs/libsubsys__fs.a(fs.c.obj)
 .text.k_mutex_unlock.constprop.0.isra.0
                0x000000000800badc        0xc zephyr/subsys/fs/libsubsys__fs.a(fs.c.obj)
 .text.fs_get_mnt_point
                0x000000000800bae8       0x8c zephyr/subsys/fs/libsubsys__fs.a(fs.c.obj)
 .text.fs_open  0x000000000800bb74       0xc8 zephyr/subsys/fs/libsubsys__fs.a(fs.c.obj)
                0x000000000800bb74                fs_open
 .text.fs_close
                0x000000000800bc3c       0x48 zephyr/subsys/fs/libsubsys__fs.a(fs.c.obj)
                0x000000000800bc3c                fs_close
 .text.fs_write
                0x000000000800bc84       0x44 zephyr/subsys/fs/libsubsys__fs.a(fs.c.obj)
                0x000000000800bc84                fs_write
 .text.fs_opendir
                0x000000000800bcc8       0xe4 zephyr/subsys/fs/libsubsys__fs.a(fs.c.obj)
                0x000000000800bcc8                fs_opendir
 .text.fs_readdir
                0x000000000800bdac      0x104 zephyr/subsys/fs/libsubsys__fs.a(fs.c.obj)
                0x000000000800bdac                fs_readdir
 .text.fs_closedir
                0x000000000800beb0       0x4c zephyr/subsys/fs/libsubsys__fs.a(fs.c.obj)
                0x000000000800beb0                fs_closedir
 .text.fs_mount
                0x000000000800befc      0x15c zephyr/subsys/fs/libsubsys__fs.a(fs.c.obj)
                0x000000000800befc                fs_mount
 .text.fs_register
                0x000000000800c058       0x50 zephyr/subsys/fs/libsubsys__fs.a(fs.c.obj)
                0x000000000800c058                fs_register
 .text.translate_error
                0x000000000800c0a8       0x14 zephyr/subsys/fs/libsubsys__fs.a(fat_fs.c.obj)
 .text.fatfs_init
                0x000000000800c0bc        0xc zephyr/subsys/fs/libsubsys__fs.a(fat_fs.c.obj)
 .text.fatfs_mount
                0x000000000800c0c8       0x74 zephyr/subsys/fs/libsubsys__fs.a(fat_fs.c.obj)
 .text.fatfs_closedir
                0x000000000800c13c       0x24 zephyr/subsys/fs/libsubsys__fs.a(fat_fs.c.obj)
 .text.fatfs_close
                0x000000000800c160       0x28 zephyr/subsys/fs/libsubsys__fs.a(fat_fs.c.obj)
 .text.fatfs_opendir
                0x000000000800c188       0x50 zephyr/subsys/fs/libsubsys__fs.a(fat_fs.c.obj)
 .text.fatfs_open
                0x000000000800c1d8       0x58 zephyr/subsys/fs/libsubsys__fs.a(fat_fs.c.obj)
 .text.__stm32_exti_isr.isra.0
                0x000000000800c230       0x40 zephyr/drivers/interrupt_controller/libdrivers__interrupt_controller.a(intc_exti_stm32.c.obj)
 .text.stm32_exti_enable
                0x000000000800c270       0x20 zephyr/drivers/interrupt_controller/libdrivers__interrupt_controller.a(intc_exti_stm32.c.obj)
                0x000000000800c270                stm32_exti_enable
 .text.stm32_exti_disable
                0x000000000800c290       0x20 zephyr/drivers/interrupt_controller/libdrivers__interrupt_controller.a(intc_exti_stm32.c.obj)
                0x000000000800c290                stm32_exti_disable
 .text.stm32_exti_trigger
                0x000000000800c2b0       0x68 zephyr/drivers/interrupt_controller/libdrivers__interrupt_controller.a(intc_exti_stm32.c.obj)
                0x000000000800c2b0                stm32_exti_trigger
 .text.stm32_exti_set_callback
                0x000000000800c318       0x24 zephyr/drivers/interrupt_controller/libdrivers__interrupt_controller.a(intc_exti_stm32.c.obj)
                0x000000000800c318                stm32_exti_set_callback
 .text.stm32_exti_unset_callback
                0x000000000800c33c       0x14 zephyr/drivers/interrupt_controller/libdrivers__interrupt_controller.a(intc_exti_stm32.c.obj)
                0x000000000800c33c                stm32_exti_unset_callback
 .text.disk_spi_sdhc_access_ioctl
                0x000000000800c350       0x3c zephyr/drivers/disk/libdrivers__disk.a(sdmmc_spi.c.obj)
 .text.sdhc_map_r1_idle_status
                0x000000000800c38c       0x18 zephyr/drivers/disk/libdrivers__disk.a(sdmmc_spi.c.obj)
 .text.sdhc_spi_rx_bytes
                0x000000000800c3a4       0x34 zephyr/drivers/disk/libdrivers__disk.a(sdmmc_spi.c.obj)
 .text.sdhc_spi_init
                0x000000000800c3d8       0x2c zephyr/drivers/disk/libdrivers__disk.a(sdmmc_spi.c.obj)
 .text.sdhc_spi_cmd_r1_raw
                0x000000000800c404       0x34 zephyr/drivers/disk/libdrivers__disk.a(sdmmc_spi.c.obj)
 .text.sdhc_spi_rx_block
                0x000000000800c438       0xdc zephyr/drivers/disk/libdrivers__disk.a(sdmmc_spi.c.obj)
 .text.sdhc_spi_cmd_r1
                0x000000000800c514       0x18 zephyr/drivers/disk/libdrivers__disk.a(sdmmc_spi.c.obj)
 .text.disk_spi_sdhc_access_init
                0x000000000800c52c      0x2ac zephyr/drivers/disk/libdrivers__disk.a(sdmmc_spi.c.obj)
 .text.sdhc_spi_read
                0x000000000800c7d8       0x70 zephyr/drivers/disk/libdrivers__disk.a(sdmmc_spi.c.obj)
 .text.sdhc_spi_write
                0x000000000800c848      0x10c zephyr/drivers/disk/libdrivers__disk.a(sdmmc_spi.c.obj)
 .text.sdhc_spi_write_multi
                0x000000000800c954       0xd4 zephyr/drivers/disk/libdrivers__disk.a(sdmmc_spi.c.obj)
 .text.stm32_clock_control_get_subsys_rate
                0x000000000800ca28       0x28 zephyr/drivers/clock_control/libdrivers__clock_control.a(clock_stm32_ll_common.c.obj)
 .text.rtc_stm32_cancel_alarm
                0x000000000800ca50       0x30 zephyr/drivers/counter/libdrivers__counter.a(counter_ll_stm32_rtc.c.obj)
 .text.rtc_stm32_get_pending_int
                0x000000000800ca80       0x10 zephyr/drivers/counter/libdrivers__counter.a(counter_ll_stm32_rtc.c.obj)
 .text.rtc_stm32_read
                0x000000000800ca90       0xe0 zephyr/drivers/counter/libdrivers__counter.a(counter_ll_stm32_rtc.c.obj)
 .text.rtc_stm32_isr
                0x000000000800cb70       0x54 zephyr/drivers/counter/libdrivers__counter.a(counter_ll_stm32_rtc.c.obj)
                0x000000000800cb70                rtc_stm32_isr
 .text.rtc_stm32_init
                0x000000000800cbc4      0x110 zephyr/drivers/counter/libdrivers__counter.a(counter_ll_stm32_rtc.c.obj)
 .text.rtc_stm32_set_alarm
                0x000000000800ccd4      0x10c zephyr/drivers/counter/libdrivers__counter.a(counter_ll_stm32_rtc.c.obj)
 .text.sync_timer_handler
                0x000000000800cde0       0x30 zephyr/drivers/counter/libdrivers__counter.a(maxim_ds3231.c.obj)
 .text.validate_isw_monitoring
                0x000000000800ce10       0xa0 zephyr/drivers/counter/libdrivers__counter.a(maxim_ds3231.c.obj)
 .text.alarm_worker
                0x000000000800ceb0       0xf8 zephyr/drivers/counter/libdrivers__counter.a(maxim_ds3231.c.obj)
 .text.ds3231_counter_set_alarm
                0x000000000800cfa8       0xb8 zephyr/drivers/counter/libdrivers__counter.a(maxim_ds3231.c.obj)
                0x000000000800cfa8                ds3231_counter_set_alarm
 .text.sync_worker
                0x000000000800d060      0x218 zephyr/drivers/counter/libdrivers__counter.a(maxim_ds3231.c.obj)
 .text.ds3231_init
                0x000000000800d278      0x188 zephyr/drivers/counter/libdrivers__counter.a(maxim_ds3231.c.obj)
 .text.uart_console_init
                0x000000000800d400       0x30 zephyr/drivers/console/libdrivers__console.a(uart_console.c.obj)
 .text.console_out
                0x000000000800d430       0x28 zephyr/drivers/console/libdrivers__console.a(uart_console.c.obj)
 .text.gpio_stm32_init
                0x000000000800d458       0x30 zephyr/drivers/gpio/libdrivers__gpio.a(gpio_stm32.c.obj)
 .text.gpio_stm32_pin_interrupt_configure
                0x000000000800d488       0xec zephyr/drivers/gpio/libdrivers__gpio.a(gpio_stm32.c.obj)
 .text.msg_init
                0x000000000800d574       0x9c zephyr/drivers/i2c/libdrivers__i2c.a(i2c_ll_stm32_v2.c.obj)
 .text.stm32_i2c_configure_timing
                0x000000000800d610      0x15c zephyr/drivers/i2c/libdrivers__i2c.a(i2c_ll_stm32_v2.c.obj)
                0x000000000800d610                stm32_i2c_configure_timing
 .text.i2c_stm32_runtime_configure
                0x000000000800d76c       0xa0 zephyr/drivers/i2c/libdrivers__i2c.a(i2c_ll_stm32.c.obj)
                0x000000000800d76c                i2c_stm32_runtime_configure
 .text.i2c_stm32_init
                0x000000000800d80c      0x140 zephyr/drivers/i2c/libdrivers__i2c.a(i2c_ll_stm32.c.obj)
 .text.bme280_channel_get
                0x000000000800d94c       0x64 zephyr/drivers/sensor/bme280/libdrivers__sensor__bme280.a(bme280.c.obj)
 .text.sht3xd_channel_get
                0x000000000800d9b0       0x80 zephyr/drivers/sensor/sht3xd/libdrivers__sensor__sht3xd.a(sht3xd.c.obj)
 .text.z_log_msg2_runtime_create.constprop.0
                0x000000000800da30       0x24 zephyr/drivers/sensor/sht3xd/libdrivers__sensor__sht3xd.a(sht3xd.c.obj)
 .text.sht3xd_init
                0x000000000800da54       0x70 zephyr/drivers/sensor/sht3xd/libdrivers__sensor__sht3xd.a(sht3xd.c.obj)
 .text.spi_stm32_init
                0x000000000800dac4      0x120 zephyr/drivers/spi/libdrivers__spi.a(spi_ll_stm32.c.obj)
 .text.spi_stm32_transceive
                0x000000000800dbe4      0x57c zephyr/drivers/spi/libdrivers__spi.a(spi_ll_stm32.c.obj)
 .text.z_log_msg2_runtime_create.constprop.0
                0x000000000800e160       0x24 zephyr/drivers/spi/libdrivers__spi.a(spi_bitbang.c.obj)
 .text.spi_bitbang_init
                0x000000000800e184       0xc0 zephyr/drivers/spi/libdrivers__spi.a(spi_bitbang.c.obj)
                0x000000000800e184                spi_bitbang_init
 .text.spi_bitbang_transceive
                0x000000000800e244      0x344 zephyr/drivers/spi/libdrivers__spi.a(spi_bitbang.c.obj)
 .text.z_log_msg2_runtime_create.constprop.0
                0x000000000800e588       0x24 zephyr/drivers/serial/libdrivers__serial.a(uart_stm32.c.obj)
 .text.lpuartdiv_calc
                0x000000000800e5ac       0x30 zephyr/drivers/serial/libdrivers__serial.a(uart_stm32.c.obj)
                0x000000000800e5ac                lpuartdiv_calc
 .text.uart_stm32_set_baudrate
                0x000000000800e5dc      0x108 zephyr/drivers/serial/libdrivers__serial.a(uart_stm32.c.obj)
 .text.uart_stm32_configure
                0x000000000800e6e4      0x144 zephyr/drivers/serial/libdrivers__serial.a(uart_stm32.c.obj)
 .text.uart_stm32_init
                0x000000000800e828      0x110 zephyr/drivers/serial/libdrivers__serial.a(uart_stm32.c.obj)
 .text.elapsed  0x000000000800e938       0x3c zephyr/drivers/timer/libdrivers__timer.a(cortex_m_systick.c.obj)
 .text.sys_clock_driver_init
                0x000000000800e974       0x34 zephyr/drivers/timer/libdrivers__timer.a(cortex_m_systick.c.obj)
 .text.sys_clock_isr
                0x000000000800e9a8       0x44 zephyr/drivers/timer/libdrivers__timer.a(cortex_m_systick.c.obj)
                0x000000000800e9a8                sys_clock_isr
 .text.sys_clock_set_timeout
                0x000000000800e9ec       0xdc zephyr/drivers/timer/libdrivers__timer.a(cortex_m_systick.c.obj)
                0x000000000800e9ec                sys_clock_set_timeout
 .text.sys_clock_elapsed
                0x000000000800eac8       0x3c zephyr/drivers/timer/libdrivers__timer.a(cortex_m_systick.c.obj)
                0x000000000800eac8                sys_clock_elapsed
 .text.sys_clock_cycle_get_32
                0x000000000800eb04       0x2c zephyr/drivers/timer/libdrivers__timer.a(cortex_m_systick.c.obj)
                0x000000000800eb04                sys_clock_cycle_get_32
 .text.pinctrl_configure_pins
                0x000000000800eb30       0x7c zephyr/drivers/pinctrl/libdrivers__pinctrl.a(pinctrl_stm32.c.obj)
                0x000000000800eb30                pinctrl_configure_pins
 .text.get_ldnumber
                0x000000000800ebac       0x80 modules/fatfs/lib..__modules__fs__fatfs.a(ff.c.obj)
 .text.check_fs
                0x000000000800ec2c       0xac modules/fatfs/lib..__modules__fs__fatfs.a(ff.c.obj)
 .text.mount_volume
                0x000000000800ecd8      0x244 modules/fatfs/lib..__modules__fs__fatfs.a(ff.c.obj)
 .text.follow_path
                0x000000000800ef1c      0x18c modules/fatfs/lib..__modules__fs__fatfs.a(ff.c.obj)
 .text.f_mount  0x000000000800f0a8       0x48 modules/fatfs/lib..__modules__fs__fatfs.a(ff.c.obj)
                0x000000000800f0a8                f_mount
 .text.f_mkfs   0x000000000800f0f0      0x6f8 modules/fatfs/lib..__modules__fs__fatfs.a(ff.c.obj)
                0x000000000800f0f0                f_mkfs
 .text.disk_status
                0x000000000800f7e8       0x18 modules/fatfs/lib..__modules__fs__fatfs.a(zfs_diskio.c.obj)
                0x000000000800f7e8                disk_status
 .text.disk_initialize
                0x000000000800f800       0x18 modules/fatfs/lib..__modules__fs__fatfs.a(zfs_diskio.c.obj)
                0x000000000800f800                disk_initialize
 .text.disk_read
                0x000000000800f818       0x18 modules/fatfs/lib..__modules__fs__fatfs.a(zfs_diskio.c.obj)
                0x000000000800f818                disk_read
 .text.disk_write
                0x000000000800f830       0x18 modules/fatfs/lib..__modules__fs__fatfs.a(zfs_diskio.c.obj)
                0x000000000800f830                disk_write
 .text.disk_ioctl
                0x000000000800f848       0x5c modules/fatfs/lib..__modules__fs__fatfs.a(zfs_diskio.c.obj)
                0x000000000800f848                disk_ioctl
 .text.LL_RTC_DeInit
                0x000000000800f8a4       0x64 modules/stm32/stm32cube/lib..__modules__hal__stm32__stm32cube.a(stm32wlxx_ll_rtc.c.obj)
                0x000000000800f8a4                LL_RTC_DeInit
 .text.LL_SetFlashLatency
                0x000000000800f908       0xa4 modules/stm32/stm32cube/lib..__modules__hal__stm32__stm32cube.a(stm32wlxx_ll_utils.c.obj)
                0x000000000800f908                LL_SetFlashLatency
 .text.UTILS_EnablePLLAndSwitchSystem
                0x000000000800f9ac       0xf8 modules/stm32/stm32cube/lib..__modules__hal__stm32__stm32cube.a(stm32wlxx_ll_utils.c.obj)
 .text.LL_PLL_ConfigSystemClock_HSI
                0x000000000800faa4       0x80 modules/stm32/stm32cube/lib..__modules__hal__stm32__stm32cube.a(stm32wlxx_ll_utils.c.obj)
                0x000000000800faa4                LL_PLL_ConfigSystemClock_HSI
 .text.z_sys_init_run_level
                0x000000000800fb24       0x40 zephyr/kernel/libkernel.a(device.c.obj)
                0x000000000800fb24                z_sys_init_run_level
 .text.z_impl_device_get_binding
                0x000000000800fb64       0x54 zephyr/kernel/libkernel.a(device.c.obj)
                0x000000000800fb64                z_impl_device_get_binding
 .text.z_impl_z_errno
                0x000000000800fbb8        0xc zephyr/kernel/libkernel.a(errno.c.obj)
                0x000000000800fbb8                z_impl_z_errno
 .text.k_sys_fatal_error_handler
                0x000000000800fbc4       0x30 zephyr/kernel/libkernel.a(fatal.c.obj)
                0x000000000800fbc4                k_sys_fatal_error_handler
 .text.z_fatal_error
                0x000000000800fbf4       0xc8 zephyr/kernel/libkernel.a(fatal.c.obj)
                0x000000000800fbf4                z_fatal_error
 .text.bg_thread_main
                0x000000000800fcbc       0x34 zephyr/kernel/libkernel.a(init.c.obj)
 .text.z_bss_zero
                0x000000000800fcf0       0x18 zephyr/kernel/libkernel.a(init.c.obj)
                0x000000000800fcf0                z_bss_zero
 .text.z_init_cpu
                0x000000000800fd08       0x70 zephyr/kernel/libkernel.a(init.c.obj)
                0x000000000800fd08                z_init_cpu
 .text.z_cstart
                0x000000000800fd78       0xd8 zephyr/kernel/libkernel.a(init.c.obj)
                0x000000000800fd78                z_cstart
 .text.init_mem_slab_module
                0x000000000800fe50       0x44 zephyr/kernel/libkernel.a(mem_slab.c.obj)
 .text.k_mem_slab_alloc
                0x000000000800fe94       0x5c zephyr/kernel/libkernel.a(mem_slab.c.obj)
                0x000000000800fe94                k_mem_slab_alloc
 .text.z_setup_new_thread
                0x000000000800fef0       0x64 zephyr/kernel/libkernel.a(thread.c.obj)
                0x000000000800fef0                z_setup_new_thread
 .text.z_impl_k_thread_create
                0x000000000800ff54       0x58 zephyr/kernel/libkernel.a(thread.c.obj)
                0x000000000800ff54                z_impl_k_thread_create
 .text.z_init_static_threads
                0x000000000800ffac       0x98 zephyr/kernel/libkernel.a(thread.c.obj)
                0x000000000800ffac                z_init_static_threads
 .text.z_impl_k_mutex_lock
                0x0000000008010044       0xf0 zephyr/kernel/libkernel.a(mutex.c.obj)
                0x0000000008010044                z_impl_k_mutex_lock
 .text.z_impl_k_mutex_unlock
                0x0000000008010134       0x84 zephyr/kernel/libkernel.a(mutex.c.obj)
                0x0000000008010134                z_impl_k_mutex_unlock
 .text.z_impl_k_sem_give
                0x00000000080101b8       0x4c zephyr/kernel/libkernel.a(sem.c.obj)
                0x00000000080101b8                z_impl_k_sem_give
 .text.z_impl_k_sem_take
                0x0000000008010204       0x50 zephyr/kernel/libkernel.a(sem.c.obj)
                0x0000000008010204                z_impl_k_sem_take
 .text.work_queue_main
                0x0000000008010254      0x12c zephyr/kernel/libkernel.a(work.c.obj)
 .text.submit_to_queue_locked
                0x0000000008010380       0xa0 zephyr/kernel/libkernel.a(work.c.obj)
 .text.k_work_submit
                0x0000000008010420        0xc zephyr/kernel/libkernel.a(work.c.obj)
                0x0000000008010420                k_work_submit
 .text.k_work_queue_start
                0x000000000801042c       0x70 zephyr/kernel/libkernel.a(work.c.obj)
                0x000000000801042c                k_work_queue_start
 .text.z_reset_time_slice
                0x000000000801049c       0x28 zephyr/kernel/libkernel.a(sched.c.obj)
                0x000000000801049c                z_reset_time_slice
 .text.k_sched_time_slice_set
                0x00000000080104c4       0x50 zephyr/kernel/libkernel.a(sched.c.obj)
                0x00000000080104c4                k_sched_time_slice_set
 .text.z_reschedule
                0x0000000008010514       0x24 zephyr/kernel/libkernel.a(sched.c.obj)
                0x0000000008010514                z_reschedule
 .text.k_sched_lock
                0x0000000008010538       0x28 zephyr/kernel/libkernel.a(sched.c.obj)
                0x0000000008010538                k_sched_lock
 .text.update_cache
                0x0000000008010560       0x40 zephyr/kernel/libkernel.a(sched.c.obj)
 .text.move_thread_to_end_of_prio_q
                0x00000000080105a0       0x74 zephyr/kernel/libkernel.a(sched.c.obj)
 .text.z_time_slice
                0x0000000008010614       0x84 zephyr/kernel/libkernel.a(sched.c.obj)
                0x0000000008010614                z_time_slice
 .text.ready_thread
                0x0000000008010698       0x6c zephyr/kernel/libkernel.a(sched.c.obj)
 .text.z_sched_start
                0x0000000008010704       0x3c zephyr/kernel/libkernel.a(sched.c.obj)
                0x0000000008010704                z_sched_start
 .text.unready_thread
                0x0000000008010740       0x30 zephyr/kernel/libkernel.a(sched.c.obj)
 .text.pend     0x0000000008010770       0x4c zephyr/kernel/libkernel.a(sched.c.obj)
 .text.z_pend_curr
                0x00000000080107bc       0x28 zephyr/kernel/libkernel.a(sched.c.obj)
                0x00000000080107bc                z_pend_curr
 .text.z_set_prio
                0x00000000080107e4       0x90 zephyr/kernel/libkernel.a(sched.c.obj)
                0x00000000080107e4                z_set_prio
 .text.z_impl_k_thread_suspend
                0x0000000008010874       0x64 zephyr/kernel/libkernel.a(sched.c.obj)
                0x0000000008010874                z_impl_k_thread_suspend
 .text.k_sched_unlock
                0x00000000080108d8       0x38 zephyr/kernel/libkernel.a(sched.c.obj)
                0x00000000080108d8                k_sched_unlock
 .text.z_sched_init
                0x0000000008010910       0x18 zephyr/kernel/libkernel.a(sched.c.obj)
                0x0000000008010910                z_sched_init
 .text.z_impl_k_yield
                0x0000000008010928       0x80 zephyr/kernel/libkernel.a(sched.c.obj)
                0x0000000008010928                z_impl_k_yield
 .text.z_tick_sleep
                0x00000000080109a8       0x90 zephyr/kernel/libkernel.a(sched.c.obj)
 .text.z_impl_k_sleep
                0x0000000008010a38       0x30 zephyr/kernel/libkernel.a(sched.c.obj)
                0x0000000008010a38                z_impl_k_sleep
 .text.z_impl_z_current_get
                0x0000000008010a68        0xc zephyr/kernel/libkernel.a(sched.c.obj)
                0x0000000008010a68                z_impl_z_current_get
 .text.z_impl_k_is_preempt_thread
                0x0000000008010a74       0x20 zephyr/kernel/libkernel.a(sched.c.obj)
                0x0000000008010a74                z_impl_k_is_preempt_thread
 .text.z_thread_abort
                0x0000000008010a94       0xa4 zephyr/kernel/libkernel.a(sched.c.obj)
                0x0000000008010a94                z_thread_abort
 .text.z_sched_wait
                0x0000000008010b38       0x24 zephyr/kernel/libkernel.a(sched.c.obj)
                0x0000000008010b38                z_sched_wait
 .text.z_data_copy
                0x0000000008010b5c       0x34 zephyr/kernel/libkernel.a(xip.c.obj)
                0x0000000008010b5c                z_data_copy
 .text.elapsed  0x0000000008010b90       0x14 zephyr/kernel/libkernel.a(timeout.c.obj)
 .text.next_timeout
                0x0000000008010ba4       0x4c zephyr/kernel/libkernel.a(timeout.c.obj)
 .text.remove_timeout
                0x0000000008010bf0       0x34 zephyr/kernel/libkernel.a(timeout.c.obj)
 .text.z_add_timeout
                0x0000000008010c24       0xf4 zephyr/kernel/libkernel.a(timeout.c.obj)
                0x0000000008010c24                z_add_timeout
 .text.sys_clock_announce
                0x0000000008010d18       0xb8 zephyr/kernel/libkernel.a(timeout.c.obj)
                0x0000000008010d18                sys_clock_announce
 .text.sys_clock_tick_get
                0x0000000008010dd0       0x30 zephyr/kernel/libkernel.a(timeout.c.obj)
                0x0000000008010dd0                sys_clock_tick_get
 .text.z_impl_k_busy_wait
                0x0000000008010e00       0x30 zephyr/kernel/libkernel.a(timeout.c.obj)
                0x0000000008010e00                z_impl_k_busy_wait
 .text.z_timer_expiration_handler
                0x0000000008010e30       0x8c zephyr/kernel/libkernel.a(timer.c.obj)
                0x0000000008010e30                z_timer_expiration_handler
 .text.z_impl_k_timer_start
                0x0000000008010ebc       0xa4 zephyr/kernel/libkernel.a(timer.c.obj)
                0x0000000008010ebc                z_impl_k_timer_start
 .text.z_impl_k_poll
                0x0000000008010f60       0xb8 zephyr/kernel/libkernel.a(poll.c.obj)
                0x0000000008010f60                z_impl_k_poll
 .text.z_impl_k_poll_signal_raise
                0x0000000008011018       0x50 zephyr/kernel/libkernel.a(poll.c.obj)
                0x0000000008011018                z_impl_k_poll_signal_raise
 .text.k_thread_system_pool_assign
                0x0000000008011068        0xc zephyr/kernel/libkernel.a(mempool.c.obj)
                0x0000000008011068                k_thread_system_pool_assign
 .text.boot_banner
                0x0000000008011074       0x18 zephyr/kernel/libkernel.a(banner.c.obj)
                0x0000000008011074                boot_banner
 .text.statics_init
                0x000000000801108c       0x24 zephyr/kernel/libkernel.a(kheap.c.obj)
 .text.k_sys_work_q_init
                0x00000000080110b0       0x34 zephyr/kernel/libkernel.a(system_work_q.c.obj)
 .text.gmtime_r
                0x00000000080110e4      0x15c /usr/local/zephyr-sdk/arm-zephyr-eabi/arm-zephyr-eabi/lib/thumb/v7e-m/nofp/libc_nano.a(lib_a-gmtime_r.o)
                0x00000000080110e4                gmtime_r
 .text.malloc   0x0000000008011240       0x10 /usr/local/zephyr-sdk/arm-zephyr-eabi/arm-zephyr-eabi/lib/thumb/v7e-m/nofp/libc_nano.a(lib_a-malloc.o)
                0x0000000008011240                malloc
 .text.free     0x0000000008011250       0x10 /usr/local/zephyr-sdk/arm-zephyr-eabi/arm-zephyr-eabi/lib/thumb/v7e-m/nofp/libc_nano.a(lib_a-malloc.o)
                0x0000000008011250                free
 .text._free_r  0x0000000008011260       0x94 /usr/local/zephyr-sdk/arm-zephyr-eabi/arm-zephyr-eabi/lib/thumb/v7e-m/nofp/libc_nano.a(lib_a-nano-freer.o)
                0x0000000008011260                _free_r
 .text._malloc_r
                0x00000000080112f4       0xb4 /usr/local/zephyr-sdk/arm-zephyr-eabi/arm-zephyr-eabi/lib/thumb/v7e-m/nofp/libc_nano.a(lib_a-nano-mallocr.o)
                0x00000000080112f4                _malloc_r
 .text.printf   0x00000000080113a8       0x30 /usr/local/zephyr-sdk/arm-zephyr-eabi/arm-zephyr-eabi/lib/thumb/v7e-m/nofp/libc_nano.a(lib_a-printf.o)
                0x00000000080113a8                printf
                0x00000000080113a8                iprintf
 .text._sbrk_r  0x00000000080113d8       0x20 /usr/local/zephyr-sdk/arm-zephyr-eabi/arm-zephyr-eabi/lib/thumb/v7e-m/nofp/libc_nano.a(lib_a-sbrkr.o)
                0x00000000080113d8                _sbrk_r
 .text.iso_year_adjust
                0x00000000080113f8       0xc4 /usr/local/zephyr-sdk/arm-zephyr-eabi/arm-zephyr-eabi/lib/thumb/v7e-m/nofp/libc_nano.a(lib_a-strftime.o)
 .text.__strftime.isra.0
                0x00000000080114bc      0x9a8 /usr/local/zephyr-sdk/arm-zephyr-eabi/arm-zephyr-eabi/lib/thumb/v7e-m/nofp/libc_nano.a(lib_a-strftime.o)
 .text._strtoul_l.constprop.0
                0x0000000008011e64       0xe4 /usr/local/zephyr-sdk/arm-zephyr-eabi/arm-zephyr-eabi/lib/thumb/v7e-m/nofp/libc_nano.a(lib_a-strtoul.o)
 .text.strtoul  0x0000000008011f48       0x14 /usr/local/zephyr-sdk/arm-zephyr-eabi/arm-zephyr-eabi/lib/thumb/v7e-m/nofp/libc_nano.a(lib_a-strtoul.o)
                0x0000000008011f48                strtoul
 .text.__tz_lock
                0x0000000008011f5c        0xc /usr/local/zephyr-sdk/arm-zephyr-eabi/arm-zephyr-eabi/lib/thumb/v7e-m/nofp/libc_nano.a(lib_a-tzlock.o)
                0x0000000008011f5c                __tz_lock
 .text.__tz_unlock
                0x0000000008011f68        0xc /usr/local/zephyr-sdk/arm-zephyr-eabi/arm-zephyr-eabi/lib/thumb/v7e-m/nofp/libc_nano.a(lib_a-tzlock.o)
                0x0000000008011f68                __tz_unlock
 .text._tzset_unlocked
                0x0000000008011f74        0xc /usr/local/zephyr-sdk/arm-zephyr-eabi/arm-zephyr-eabi/lib/thumb/v7e-m/nofp/libc_nano.a(lib_a-tzset.o)
                0x0000000008011f74                _tzset_unlocked
 .text._tzset_unlocked_r
                0x0000000008011f80      0x300 /usr/local/zephyr-sdk/arm-zephyr-eabi/arm-zephyr-eabi/lib/thumb/v7e-m/nofp/libc_nano.a(lib_a-tzset_r.o)
                0x0000000008011f80                _tzset_unlocked_r
 .text.__swbuf_r
                0x0000000008012280       0xa4 /usr/local/zephyr-sdk/arm-zephyr-eabi/arm-zephyr-eabi/lib/thumb/v7e-m/nofp/libc_nano.a(lib_a-wbuf.o)
                0x0000000008012280                __swbuf_r
 .text.__swsetup_r
                0x0000000008012324       0xdc /usr/local/zephyr-sdk/arm-zephyr-eabi/arm-zephyr-eabi/lib/thumb/v7e-m/nofp/libc_nano.a(lib_a-wsetup.o)
                0x0000000008012324                __swsetup_r
 .text.__sflush_r
                0x0000000008012400      0x104 /usr/local/zephyr-sdk/arm-zephyr-eabi/arm-zephyr-eabi/lib/thumb/v7e-m/nofp/libc_nano.a(lib_a-fflush.o)
                0x0000000008012400                __sflush_r
 .text._fflush_r
                0x0000000008012504       0x78 /usr/local/zephyr-sdk/arm-zephyr-eabi/arm-zephyr-eabi/lib/thumb/v7e-m/nofp/libc_nano.a(lib_a-fflush.o)
                0x0000000008012504                _fflush_r
 .text.std      0x000000000801257c       0x48 /usr/local/zephyr-sdk/arm-zephyr-eabi/arm-zephyr-eabi/lib/thumb/v7e-m/nofp/libc_nano.a(lib_a-findfp.o)
 .text._cleanup_r
                0x00000000080125c4        0xc /usr/local/zephyr-sdk/arm-zephyr-eabi/arm-zephyr-eabi/lib/thumb/v7e-m/nofp/libc_nano.a(lib_a-findfp.o)
                0x00000000080125c4                _cleanup_r
 .text.__sfp_lock_acquire
                0x00000000080125d0        0xc /usr/local/zephyr-sdk/arm-zephyr-eabi/arm-zephyr-eabi/lib/thumb/v7e-m/nofp/libc_nano.a(lib_a-findfp.o)
                0x00000000080125d0                __sfp_lock_acquire
 .text.__sfp_lock_release
                0x00000000080125dc        0xc /usr/local/zephyr-sdk/arm-zephyr-eabi/arm-zephyr-eabi/lib/thumb/v7e-m/nofp/libc_nano.a(lib_a-findfp.o)
                0x00000000080125dc                __sfp_lock_release
 .text.__sinit_lock_acquire
                0x00000000080125e8        0xc /usr/local/zephyr-sdk/arm-zephyr-eabi/arm-zephyr-eabi/lib/thumb/v7e-m/nofp/libc_nano.a(lib_a-findfp.o)
                0x00000000080125e8                __sinit_lock_acquire
 .text.__sinit_lock_release
                0x00000000080125f4        0xc /usr/local/zephyr-sdk/arm-zephyr-eabi/arm-zephyr-eabi/lib/thumb/v7e-m/nofp/libc_nano.a(lib_a-findfp.o)
                0x00000000080125f4                __sinit_lock_release
 .text.__sinit  0x0000000008012600       0x70 /usr/local/zephyr-sdk/arm-zephyr-eabi/arm-zephyr-eabi/lib/thumb/v7e-m/nofp/libc_nano.a(lib_a-findfp.o)
                0x0000000008012600                __sinit
 .text.__sfp    0x0000000008012670       0x8c /usr/local/zephyr-sdk/arm-zephyr-eabi/arm-zephyr-eabi/lib/thumb/v7e-m/nofp/libc_nano.a(lib_a-findfp.o)
                0x0000000008012670                __sfp
 .text._findenv_r
                0x00000000080126fc       0x78 /usr/local/zephyr-sdk/arm-zephyr-eabi/arm-zephyr-eabi/lib/thumb/v7e-m/nofp/libc_nano.a(lib_a-getenv_r.o)
                0x00000000080126fc                _findenv_r
 .text.__gettzinfo
                0x0000000008012774        0x8 /usr/local/zephyr-sdk/arm-zephyr-eabi/arm-zephyr-eabi/lib/thumb/v7e-m/nofp/libc_nano.a(lib_a-gettzinfo.o)
                0x0000000008012774                __gettzinfo
 .text.__smakebuf_r
                0x000000000801277c       0x80 /usr/local/zephyr-sdk/arm-zephyr-eabi/arm-zephyr-eabi/lib/thumb/v7e-m/nofp/libc_nano.a(lib_a-makebuf.o)
                0x000000000801277c                __smakebuf_r
 .text.__malloc_lock
                0x00000000080127fc        0xc /usr/local/zephyr-sdk/arm-zephyr-eabi/arm-zephyr-eabi/lib/thumb/v7e-m/nofp/libc_nano.a(lib_a-mlock.o)
                0x00000000080127fc                __malloc_lock
 .text.__malloc_unlock
                0x0000000008012808        0xc /usr/local/zephyr-sdk/arm-zephyr-eabi/arm-zephyr-eabi/lib/thumb/v7e-m/nofp/libc_nano.a(lib_a-mlock.o)
                0x0000000008012808                __malloc_unlock
 .text._vfprintf_r
                0x0000000008012814      0x260 /usr/local/zephyr-sdk/arm-zephyr-eabi/arm-zephyr-eabi/lib/thumb/v7e-m/nofp/libc_nano.a(lib_a-nano-vfprintf.o)
                0x0000000008012814                _vfiprintf_r