Archive member included to satisfy reference by file (symbol)

app/libapp.a(ambient_sensors.c.obj)
                              (--whole-archive)
app/libapp.a(file_system.c.obj)
                              (--whole-archive)
app/libapp.a(gas_sensors.c.obj)
                              (--whole-archive)
app/libapp.a(main.c.obj)      (--whole-archive)
app/libapp.a(opc.c.obj)       (--whole-archive)
app/libapp.a(time_system.c.obj)
                              (--whole-archive)
zephyr/libzephyr.a(cbprintf.c.obj)
                              (--whole-archive)
zephyr/libzephyr.a(cbprintf_packaged.c.obj)
                              (--whole-archive)
zephyr/libzephyr.a(crc32c_sw.c.obj)
                              (--whole-archive)
zephyr/libzephyr.a(crc32_sw.c.obj)
                              (--whole-archive)
zephyr/libzephyr.a(crc16_sw.c.obj)
                              (--whole-archive)
zephyr/libzephyr.a(crc8_sw.c.obj)
                              (--whole-archive)
zephyr/libzephyr.a(crc7_sw.c.obj)
                              (--whole-archive)
zephyr/libzephyr.a(dec.c.obj)
                              (--whole-archive)
zephyr/libzephyr.a(fdtable.c.obj)
                              (--whole-archive)
zephyr/libzephyr.a(hex.c.obj)
                              (--whole-archive)
zephyr/libzephyr.a(notify.c.obj)
                              (--whole-archive)
zephyr/libzephyr.a(printk.c.obj)
                              (--whole-archive)
zephyr/libzephyr.a(onoff.c.obj)
                              (--whole-archive)
zephyr/libzephyr.a(rb.c.obj)  (--whole-archive)
zephyr/libzephyr.a(sem.c.obj)
                              (--whole-archive)
zephyr/libzephyr.a(thread_entry.c.obj)
                              (--whole-archive)
zephyr/libzephyr.a(timeutil.c.obj)
                              (--whole-archive)
zephyr/libzephyr.a(heap.c.obj)
                              (--whole-archive)
zephyr/libzephyr.a(heap-validate.c.obj)
                              (--whole-archive)
zephyr/libzephyr.a(bitarray.c.obj)
                              (--whole-archive)
zephyr/libzephyr.a(multi_heap.c.obj)
                              (--whole-archive)
zephyr/libzephyr.a(cbprintf_complete.c.obj)
                              (--whole-archive)
zephyr/libzephyr.a(mpsc_pbuf.c.obj)
                              (--whole-archive)
zephyr/libzephyr.a(configs.c.obj)
                              (--whole-archive)
zephyr/libzephyr.a(soc.c.obj)
                              (--whole-archive)
zephyr/libzephyr.a(stm32cube_hal.c.obj)
                              (--whole-archive)
zephyr/libzephyr.a(soc_config.c.obj)
                              (--whole-archive)
zephyr/libzephyr.a(log_list.c.obj)
                              (--whole-archive)
zephyr/libzephyr.a(log_core.c.obj)
                              (--whole-archive)
zephyr/libzephyr.a(log_mgmt.c.obj)
                              (--whole-archive)
zephyr/libzephyr.a(log_msg.c.obj)
                              (--whole-archive)
zephyr/libzephyr.a(log_output.c.obj)
                              (--whole-archive)
zephyr/libzephyr.a(log_msg2.c.obj)
                              (--whole-archive)
zephyr/libzephyr.a(log_backend_uart.c.obj)
                              (--whole-archive)
zephyr/libzephyr.a(disk_access.c.obj)
                              (--whole-archive)
zephyr/libzephyr.a(tracing_none.c.obj)
                              (--whole-archive)
zephyr/arch/common/libarch__common.a(sw_isr_common.c.obj)
                              (--whole-archive)
zephyr/arch/arch/arm/core/aarch32/libarch__arm__core__aarch32.a(cpu_idle.S.obj)
                              (--whole-archive)
zephyr/arch/arch/arm/core/aarch32/libarch__arm__core__aarch32.a(fatal.c.obj)
                              (--whole-archive)
zephyr/arch/arch/arm/core/aarch32/libarch__arm__core__aarch32.a(irq_manage.c.obj)
                              (--whole-archive)
zephyr/arch/arch/arm/core/aarch32/libarch__arm__core__aarch32.a(nmi.c.obj)
                              (--whole-archive)
zephyr/arch/arch/arm/core/aarch32/libarch__arm__core__aarch32.a(nmi_on_reset.S.obj)
                              (--whole-archive)
zephyr/arch/arch/arm/core/aarch32/libarch__arm__core__aarch32.a(prep_c.c.obj)
                              (--whole-archive)
zephyr/arch/arch/arm/core/aarch32/libarch__arm__core__aarch32.a(swap.c.obj)
                              (--whole-archive)
zephyr/arch/arch/arm/core/aarch32/libarch__arm__core__aarch32.a(swap_helper.S.obj)
                              (--whole-archive)
zephyr/arch/arch/arm/core/aarch32/libarch__arm__core__aarch32.a(thread.c.obj)
                              (--whole-archive)
zephyr/arch/arch/arm/core/aarch32/libarch__arm__core__aarch32.a(isr_wrapper.S.obj)
                              (--whole-archive)
zephyr/arch/arch/arm/core/aarch32/cortex_m/libarch__arm__core__aarch32__cortex_m.a(exc_exit.S.obj)
                              (--whole-archive)
[...]
Memory Configuration

Name             Origin             Length             Attributes
FLASH            0x0000000008000000 0x0000000000040000 xr
SRAM             0x0000000020000000 0x0000000000010000 xw
IDT_LIST         0x00000000fffff7ff 0x0000000000000800 xw
*default*        0x0000000000000000 0xffffffffffffffff

Linker script and memory map

LOAD zephyr/CMakeFiles/zephyr_pre0.dir/misc/empty_file.c.obj
LOAD zephyr/CMakeFiles/offsets.dir/./arch/arm/core/offsets/offsets.c.obj
                0x0000000000000020                _region_min_align = 0x20

.rel.plt        0x0000000008000000        0x0
 *(SORT_BY_ALIGNMENT(.rel.plt))
                [!provide]                        PROVIDE (__rel_iplt_start = .)
 *(SORT_BY_ALIGNMENT(.rel.iplt))
 .rel.iplt      0x0000000008000000        0x0 app/libapp.a(ambient_sensors.c.obj)
                [!provide]                        PROVIDE (__rel_iplt_end = .)

.rela.plt       0x0000000000000000        0x0
 *(SORT_BY_ALIGNMENT(.rela.plt))
                [!provide]                        PROVIDE (__rela_iplt_start = .)
 *(SORT_BY_ALIGNMENT(.rela.iplt))
                [!provide]                        PROVIDE (__rela_iplt_end = .)

.rel.dyn
 *(SORT_BY_ALIGNMENT(.rel.*))

.rela.dyn
 *(SORT_BY_ALIGNMENT(.rela.*))

/DISCARD/
 *(SORT_BY_ALIGNMENT(.plt))
 *(SORT_BY_ALIGNMENT(.iplt))
 *(SORT_BY_ALIGNMENT(.got.plt))
 *(SORT_BY_ALIGNMENT(.igot.plt))
 *(SORT_BY_ALIGNMENT(.got))
 *(SORT_BY_ALIGNMENT(.igot))
 *(SORT_BY_ALIGNMENT(.note.GNU-stack))
                0x0000000008000000                __rom_region_start = 0x8000000

rom_start       0x0000000008000000      0x138
                0x0000000000000000                . = 0x0
                0x0000000000000000                . = ALIGN (0x4)
                0x0000000000000000                . = ALIGN (0x80)
                0x0000000000000000                . = ALIGN (0x200)
                0x0000000008000000                _vector_start = .
 *(SORT_BY_ALIGNMENT(.exc_vector_table))
 *(SORT_BY_ALIGNMENT(.exc_vector_table.*))
 .exc_vector_table._vector_table_section
                0x0000000008000000       0x40 zephyr/arch/arch/arm/core/aarch32/cortex_m/libarch__arm__core__aarch32__cortex_m.a(vector_table.S.obj)
                0x0000000008000000                _vector_table
 *(SORT_BY_ALIGNMENT(.gnu.linkonce.irq_vector_table*))
 .gnu.linkonce.irq_vector_table
                0x0000000008000040       0xf8 zephyr/arch/common/libisr_tables.a(isr_tables.c.obj)
                0x0000000008000040                _irq_vector_table
 *(SORT_BY_ALIGNMENT(.vectors))
                0x0000000008000138                _vector_end = .

text            0x0000000008000140    0x187ac
                0x0000000008000140                __text_region_start = .
 *(SORT_BY_ALIGNMENT(.text))
 .text          0x0000000008000140       0xa0 /usr/local/zephyr-sdk/arm-zephyr-eabi/arm-zephyr-eabi/lib/thumb/v7e-m/nofp/libc_nano.a(lib_a-memchr.o)
                0x0000000008000140                memchr
 .text          0x00000000080001e0      0x378 /usr/local/zephyr-sdk/arm-zephyr-eabi/bin/../lib/gcc/arm-zephyr-eabi/10.3.0/thumb/v7e-m/nofp/libgcc.a(_arm_addsubdf3.o)
                0x00000000080001e0                __aeabi_drsub
                0x00000000080001e8                __aeabi_dsub
                0x00000000080001e8                __subdf3
                0x00000000080001ec                __adddf3
                0x00000000080001ec                __aeabi_dadd
                0x0000000008000464                __aeabi_ui2d
                0x0000000008000464                __floatunsidf
                0x0000000008000484                __floatsidf
                0x0000000008000484                __aeabi_i2d
                0x00000000080004a8                __extendsfdf2
                0x00000000080004a8                __aeabi_f2d
                0x00000000080004ec                __aeabi_ul2d
                0x00000000080004ec                __floatundidf
                0x00000000080004fc                __floatdidf
                0x00000000080004fc                __aeabi_l2d
 .text          0x0000000008000558       0x50 /usr/local/zephyr-sdk/arm-zephyr-eabi/bin/../lib/gcc/arm-zephyr-eabi/10.3.0/thumb/v7e-m/nofp/libgcc.a(_arm_fixdfsi.o)
                0x0000000008000558                __fixdfsi
                0x0000000008000558                __aeabi_d2iz
 .text          0x00000000080005a8      0x21c /usr/local/zephyr-sdk/arm-zephyr-eabi/bin/../lib/gcc/arm-zephyr-eabi/10.3.0/thumb/v7e-m/nofp/libgcc.a(_arm_addsubsf3.o)
                0x00000000080005a8                __aeabi_frsub
                0x00000000080005b0                __subsf3
                0x00000000080005b0                __aeabi_fsub
                0x00000000080005b4                __aeabi_fadd
                0x00000000080005b4                __addsf3
                0x0000000008000714                __aeabi_ui2f
                0x0000000008000714                __floatunsisf
                0x000000000800071c                __aeabi_i2f
                0x000000000800071c                __floatsisf
                0x0000000008000738                __floatundisf
                0x0000000008000738                __aeabi_ul2f
                0x0000000008000748                __floatdisf
                0x0000000008000748                __aeabi_l2f
 .text          0x00000000080007c4      0x2a0 /usr/local/zephyr-sdk/arm-zephyr-eabi/bin/../lib/gcc/arm-zephyr-eabi/10.3.0/thumb/v7e-m/nofp/libgcc.a(_arm_muldivsf3.o)
                0x00000000080007c4                __mulsf3
                0x00000000080007c4                __aeabi_fmul
                0x000000000800092c                __divsf3
                0x000000000800092c                __aeabi_fdiv
 .text          0x0000000008000a64       0xa0 /usr/local/zephyr-sdk/arm-zephyr-eabi/bin/../lib/gcc/arm-zephyr-eabi/10.3.0/thumb/v7e-m/nofp/libgcc.a(_aeabi_ldivmod.o)
                0x0000000008000a64                __aeabi_ldivmod
 .text          0x0000000008000b04       0x30 /usr/local/zephyr-sdk/arm-zephyr-eabi/bin/../lib/gcc/arm-zephyr-eabi/10.3.0/thumb/v7e-m/nofp/libgcc.a(_aeabi_uldivmod.o)
                0x0000000008000b04                __aeabi_uldivmod
 .text          0x0000000008000b34        0x4 /usr/local/zephyr-sdk/arm-zephyr-eabi/bin/../lib/gcc/arm-zephyr-eabi/10.3.0/thumb/v7e-m/nofp/libgcc.a(_dvmd_tls.o)
                0x0000000008000b34                __aeabi_ldiv0
                0x0000000008000b34                __aeabi_idiv0
 .text          0x0000000008000b38      0x110 /usr/local/zephyr-sdk/arm-zephyr-eabi/bin/../lib/gcc/arm-zephyr-eabi/10.3.0/thumb/v7e-m/nofp/libgcc.a(_arm_cmpdf2.o)
                0x0000000008000b38                __gtdf2
                0x0000000008000b38                __gedf2
                0x0000000008000b40                __ltdf2
                0x0000000008000b40                __ledf2
                0x0000000008000b48                __cmpdf2
                0x0000000008000b48                __eqdf2
                0x0000000008000b48                __nedf2
                0x0000000008000bc4                __aeabi_cdrcmple
                0x0000000008000bd4                __aeabi_cdcmple
                0x0000000008000bd4                __aeabi_cdcmpeq
                0x0000000008000be4                __aeabi_dcmpeq
                0x0000000008000bf8                __aeabi_dcmplt
                0x0000000008000c0c                __aeabi_dcmple
                0x0000000008000c20                __aeabi_dcmpge
                0x0000000008000c34                __aeabi_dcmpgt
 .text          0x0000000008000c48      0x2a6 /usr/local/zephyr-sdk/arm-zephyr-eabi/bin/../lib/gcc/arm-zephyr-eabi/10.3.0/thumb/v7e-m/nofp/libgcc.a(_udivmoddi4.o)
                0x0000000008000c48                __udivmoddi4
 .text          0x0000000008000eee       0x14 /usr/local/zephyr-sdk/arm-zephyr-eabi/arm-zephyr-eabi/lib/thumb/v7e-m/nofp/libc_nano.a(lib_a-strcmp.o)
                0x0000000008000eee                strcmp
 .text          0x0000000008000f02       0x10 /usr/local/zephyr-sdk/arm-zephyr-eabi/arm-zephyr-eabi/lib/thumb/v7e-m/nofp/libc_nano.a(lib_a-strlen.o)
                0x0000000008000f02                strlen
 *(SORT_BY_ALIGNMENT(.text.*))
 *fill*         0x0000000008000f12        0x6 
 .text.floor    0x0000000008000f18      0x100 /usr/local/zephyr-sdk/arm-zephyr-eabi/arm-zephyr-eabi/lib/thumb/v7e-m/nofp/libm_nano.a(lib_a-s_floor.o)
                0x0000000008000f18                floor
 .text.save_data
                0x0000000008001018       0xe4 app/libapp.a(file_system.c.obj)
                0x0000000008001018                save_data
 .text.lsdir    0x00000000080010fc       0xb4 app/libapp.a(file_system.c.obj)
                0x00000000080010fc                lsdir
 .text.init_and_mount_sdcard
                0x00000000080011b0      0x110 app/libapp.a(file_system.c.obj)
                0x00000000080011b0                init_and_mount_sdcard
 .text.gas_sensors_init
                0x00000000080012c0       0x7c app/libapp.a(gas_sensors.c.obj)
                0x00000000080012c0                gas_sensors_init
 .text.gas_sensors_read
                0x000000000800133c      0x248 app/libapp.a(gas_sensors.c.obj)
                0x000000000800133c                gas_sensors_read
 .text.lorwan_datarate_changed
                0x0000000008001584       0x3c app/libapp.a(main.c.obj)
 .text.dl_callback
                0x00000000080015c0       0x80 app/libapp.a(main.c.obj)
 .text.read_gas_and_ambient_sensors
                0x0000000008001640       0xc0 app/libapp.a(main.c.obj)
                0x0000000008001640                read_gas_and_ambient_sensors
 .text.count_particles
                0x0000000008001700       0xec app/libapp.a(main.c.obj)
                0x0000000008001700                count_particles
 .text.send_data
                0x00000000080017ec      0x2cc app/libapp.a(main.c.obj)
                0x00000000080017ec                send_data
 .text.main     0x0000000008001ab8      0x168 app/libapp.a(main.c.obj)
                0x0000000008001ab8                main
 .text.spi_transceive.constprop.0.isra.0
                0x0000000008001c20       0x18 app/libapp.a(opc.c.obj)
 .text.opc_release
                0x0000000008001c38       0x94 app/libapp.a(opc.c.obj)
                0x0000000008001c38                opc_release
 .text.opc_init
                0x0000000008001ccc       0x4c app/libapp.a(opc.c.obj)
                0x0000000008001ccc                opc_init
 .text.opc_send_command
                0x0000000008001d18       0x90 app/libapp.a(opc.c.obj)
                0x0000000008001d18                opc_send_command
 .text.opc_start
                0x0000000008001da8      0x17c app/libapp.a(opc.c.obj)
                0x0000000008001da8                opc_start
 .text.opc_stop
                0x0000000008001f24      0x160 app/libapp.a(opc.c.obj)
                0x0000000008001f24                opc_stop
 .text.opc_read_histogram
                0x0000000008002084      0x3d4 app/libapp.a(opc.c.obj)
                0x0000000008002084                opc_read_histogram
 .text.init_time_system
                0x0000000008002458       0xf0 app/libapp.a(time_system.c.obj)
                0x0000000008002458                init_time_system
 .text.format_time
                0x0000000008002548       0x2c app/libapp.a(time_system.c.obj)
                0x0000000008002548                format_time
 .text.get_formatted_time
                0x0000000008002574       0x6c app/libapp.a(time_system.c.obj)
                0x0000000008002574                get_formatted_time
 .text.format_date
                0x00000000080025e0       0x2c app/libapp.a(time_system.c.obj)
                0x00000000080025e0                format_date
 .text.get_date
                0x000000000800260c       0x6c app/libapp.a(time_system.c.obj)
                0x000000000800260c                get_date
 .text.vsnprintfcb
                0x0000000008002678       0x2c zephyr/libzephyr.a(cbprintf.c.obj)
                0x0000000008002678                vsnprintfcb
 .text.cbvprintf_package
                0x00000000080026a4      0x46c zephyr/libzephyr.a(cbprintf_packaged.c.obj)
                0x00000000080026a4                cbvprintf_package
 .text.char_out
                0x0000000008002b10       0x10 zephyr/libzephyr.a(printk.c.obj)
 .text.__printk_hook_install
                0x0000000008002b20        0xc zephyr/libzephyr.a(printk.c.obj)
                0x0000000008002b20                __printk_hook_install
 .text.vprintk  0x0000000008002b2c       0x1c zephyr/libzephyr.a(printk.c.obj)
                0x0000000008002b2c                vprintk
 .text.vsnprintk
                0x0000000008002b48       0x28 zephyr/libzephyr.a(printk.c.obj)
                0x0000000008002b48                vsnprintk
 .text.timeutil_timegm64
                0x0000000008002b70       0xf8 zephyr/libzephyr.a(timeutil.c.obj)
                0x0000000008002b70                timeutil_timegm64
 .text.extract_decimal
                0x0000000008002c68       0x28 zephyr/libzephyr.a(cbprintf_complete.c.obj)
 .text.encode_uint
                0x0000000008002c90       0x98 zephyr/libzephyr.a(cbprintf_complete.c.obj)
 .text.cbvprintf
                0x0000000008002d28      0xcbc zephyr/libzephyr.a(cbprintf_complete.c.obj)
                0x0000000008002d28                cbvprintf
 .text.stm32wl_init
                0x00000000080039e4       0x40 zephyr/libzephyr.a(soc.c.obj)
 .text.enable_logger
                0x0000000008003a24       0x5c zephyr/libzephyr.a(log_core.c.obj)
 .text.log_process_thread_timer_expiry_fn
                0x0000000008003a80        0xc zephyr/libzephyr.a(log_core.c.obj)
 .text.log_format_func_t_get
                0x0000000008003a8c        0xc zephyr/libzephyr.a(log_core.c.obj)
                0x0000000008003a8c                log_format_func_t_get
 .text.log_init
                0x0000000008003a98       0x58 zephyr/libzephyr.a(log_core.c.obj)
                0x0000000008003a98                log_init
 .text.z_log_notify_backend_enabled
                0x0000000008003af0       0x1c zephyr/libzephyr.a(log_core.c.obj)
                0x0000000008003af0                z_log_notify_backend_enabled
 .text.z_log_dropped
                0x0000000008003b0c       0x3c zephyr/libzephyr.a(log_core.c.obj)
                0x0000000008003b0c                z_log_dropped
 .text.z_log_dropped_read_and_clear
                0x0000000008003b48       0x20 zephyr/libzephyr.a(log_core.c.obj)
                0x0000000008003b48                z_log_dropped_read_and_clear
 .text.dropped_notify
                0x0000000008003b68       0x38 zephyr/libzephyr.a(log_core.c.obj)
                0x0000000008003b68                dropped_notify
 .text.z_log_msg2_init
                0x0000000008003ba0       0x10 zephyr/libzephyr.a(log_core.c.obj)
                0x0000000008003ba0                z_log_msg2_init
 .text.log_core_init
                0x0000000008003bb0       0x34 zephyr/libzephyr.a(log_core.c.obj)
                0x0000000008003bb0                log_core_init
 .text.z_log_msg2_alloc
                0x0000000008003be4       0x10 zephyr/libzephyr.a(log_core.c.obj)
                0x0000000008003be4                z_log_msg2_alloc
 .text.z_log_msg2_claim
                0x0000000008003bf4        0xc zephyr/libzephyr.a(log_core.c.obj)
                0x0000000008003bf4                z_log_msg2_claim
 .text.z_log_msg2_free
                0x0000000008003c00        0xc zephyr/libzephyr.a(log_core.c.obj)
                0x0000000008003c00                z_log_msg2_free
 .text.z_log_msg2_pending
                0x0000000008003c0c        0xc zephyr/libzephyr.a(log_core.c.obj)
                0x0000000008003c0c                z_log_msg2_pending
 .text.z_impl_log_process
                0x0000000008003c18       0x8c zephyr/libzephyr.a(log_core.c.obj)
                0x0000000008003c18                z_impl_log_process
 .text.log_process_thread_func
                0x0000000008003ca4       0x48 zephyr/libzephyr.a(log_core.c.obj)
 .text.z_log_msg_post_finalize
                0x0000000008003cec       0x8c zephyr/libzephyr.a(log_core.c.obj)
 .text.z_log_msg2_commit
                0x0000000008003d78       0x24 zephyr/libzephyr.a(log_core.c.obj)
                0x0000000008003d78                z_log_msg2_commit
 .text.z_impl_log_panic
                0x0000000008003d9c       0x48 zephyr/libzephyr.a(log_core.c.obj)
                0x0000000008003d9c                z_impl_log_panic
 .text.log_source_name_get
                0x0000000008003de4       0x1c zephyr/libzephyr.a(log_mgmt.c.obj)
                0x0000000008003de4                log_source_name_get
 .text.log_backend_enable
                0x0000000008003e00       0x1c zephyr/libzephyr.a(log_mgmt.c.obj)
                0x0000000008003e00                log_backend_enable
 .text.print_formatted
                0x0000000008003e1c       0x24 zephyr/libzephyr.a(log_output.c.obj)
 .text.hexdump_line_print
                0x0000000008003e40       0xe4 zephyr/libzephyr.a(log_output.c.obj)
 .text.prefix_print
                0x0000000008003f24      0x148 zephyr/libzephyr.a(log_output.c.obj)
 .text.postfix_print
                0x000000000800406c       0x3c zephyr/libzephyr.a(log_output.c.obj)
 .text.log_output_msg2_process
                0x00000000080040a8       0xc8 zephyr/libzephyr.a(log_output.c.obj)
                0x00000000080040a8                log_output_msg2_process
 .text.log_output_dropped_process
                0x0000000008004170       0x58 zephyr/libzephyr.a(log_output.c.obj)
                0x0000000008004170                log_output_dropped_process
 .text.log_output_timestamp_freq_set
                0x00000000080041c8       0x30 zephyr/libzephyr.a(log_output.c.obj)
                0x00000000080041c8                log_output_timestamp_freq_set
 .text.z_impl_z_log_msg2_runtime_vcreate
                0x00000000080041f8       0x9c zephyr/libzephyr.a(log_msg2.c.obj)
                0x00000000080041f8                z_impl_z_log_msg2_runtime_vcreate
 .text.char_out
                0x0000000008004294       0x24 zephyr/libzephyr.a(log_backend_uart.c.obj)
 .text.format_set
                0x00000000080042b8        0xc zephyr/libzephyr.a(log_backend_uart.c.obj)
 .text.log_backend_uart_init
                0x00000000080042c4       0x10 zephyr/libzephyr.a(log_backend_uart.c.obj)
 .text.panic    0x00000000080042d4       0x14 zephyr/libzephyr.a(log_backend_uart.c.obj)
 .text.dropped  0x00000000080042e8        0xc zephyr/libzephyr.a(log_backend_uart.c.obj)
 .text.process  0x00000000080042f4       0x24 zephyr/libzephyr.a(log_backend_uart.c.obj)
 .text.disk_init
                0x0000000008004318       0x1c zephyr/libzephyr.a(disk_access.c.obj)
 .text.disk_access_get_di
                0x0000000008004334       0x5c zephyr/libzephyr.a(disk_access.c.obj)
                0x0000000008004334                disk_access_get_di
 .text.disk_access_register
                0x0000000008004390       0x70 zephyr/libzephyr.a(disk_access.c.obj)
                0x0000000008004390                disk_access_register
 .text.z_arm_cpu_idle_init
                0x0000000008004400        0xc zephyr/arch/arch/arm/core/aarch32/libarch__arm__core__aarch32.a(cpu_idle.S.obj)
                0x0000000008004400                z_arm_cpu_idle_init
 .text.arch_cpu_idle
                0x000000000800440c       0x1c zephyr/arch/arch/arm/core/aarch32/libarch__arm__core__aarch32.a(cpu_idle.S.obj)
                0x000000000800440c                arch_cpu_idle
 .text.z_arm_fatal_error
                0x0000000008004428       0xc0 zephyr/arch/arch/arm/core/aarch32/libarch__arm__core__aarch32.a(fatal.c.obj)
                0x0000000008004428                z_arm_fatal_error
 .text.arch_irq_enable
                0x00000000080044e8       0x20 zephyr/arch/arch/arm/core/aarch32/libarch__arm__core__aarch32.a(irq_manage.c.obj)
                0x00000000080044e8                arch_irq_enable
 .text.arch_irq_disable
                0x0000000008004508       0x28 zephyr/arch/arch/arm/core/aarch32/libarch__arm__core__aarch32.a(irq_manage.c.obj)
                0x0000000008004508                arch_irq_disable
 .text.z_arm_irq_priority_set
                0x0000000008004530       0x30 zephyr/arch/arch/arm/core/aarch32/libarch__arm__core__aarch32.a(irq_manage.c.obj)
                0x0000000008004530                z_arm_irq_priority_set
 .text.z_SysNmiOnReset
                0x0000000008004560        0x8 zephyr/arch/arch/arm/core/aarch32/libarch__arm__core__aarch32.a(nmi_on_reset.S.obj)
                0x0000000008004560                z_SysNmiOnReset
 .text.z_arm_prep_c
                0x0000000008004568       0x2c zephyr/arch/arch/arm/core/aarch32/libarch__arm__core__aarch32.a(prep_c.c.obj)
                0x0000000008004568                z_arm_prep_c
 .text.arch_swap
                0x0000000008004594       0x34 zephyr/arch/arch/arm/core/aarch32/libarch__arm__core__aarch32.a(swap.c.obj)
                0x0000000008004594                arch_swap
 .text.z_arm_pendsv
                0x00000000080045c8       0x54 zephyr/arch/arch/arm/core/aarch32/libarch__arm__core__aarch32.a(swap_helper.S.obj)
                0x00000000080045c8                z_arm_pendsv
 .text.z_arm_svc
                0x000000000800461c       0x20 zephyr/arch/arch/arm/core/aarch32/libarch__arm__core__aarch32.a(swap_helper.S.obj)
                0x000000000800461c                z_arm_svc
 .text.arch_new_thread
                0x000000000800463c       0x38 zephyr/arch/arch/arm/core/aarch32/libarch__arm__core__aarch32.a(thread.c.obj)
                0x000000000800463c                arch_new_thread
 .text.z_check_thread_stack_fail
                0x0000000008004674       0x2c zephyr/arch/arch/arm/core/aarch32/libarch__arm__core__aarch32.a(thread.c.obj)
                0x0000000008004674                z_check_thread_stack_fail
 .text.arch_switch_to_main_thread
                0x00000000080046a0       0x2c zephyr/arch/arch/arm/core/aarch32/libarch__arm__core__aarch32.a(thread.c.obj)
                0x00000000080046a0                arch_switch_to_main_thread
 .text._isr_wrapper
                0x00000000080046cc       0x28 zephyr/arch/arch/arm/core/aarch32/libarch__arm__core__aarch32.a(isr_wrapper.S.obj)
                0x00000000080046cc                _isr_wrapper
 .text._HandlerModeExit
                0x00000000080046f4       0x1c zephyr/arch/arch/arm/core/aarch32/cortex_m/libarch__arm__core__aarch32__cortex_m.a(exc_exit.S.obj)
                0x00000000080046f4                z_arm_exc_exit
                0x00000000080046f4                z_arm_int_exit
 .text.bus_fault.constprop.0
                0x0000000008004710      0x104 zephyr/arch/arch/arm/core/aarch32/cortex_m/libarch__arm__core__aarch32__cortex_m.a(fault.c.obj)
 .text.usage_fault.constprop.0
                0x0000000008004814       0xf8 zephyr/arch/arch/arm/core/aarch32/cortex_m/libarch__arm__core__aarch32__cortex_m.a(fault.c.obj)
 .text.mem_manage_fault
                0x000000000800490c      0x120 zephyr/arch/arch/arm/core/aarch32/cortex_m/libarch__arm__core__aarch32__cortex_m.a(fault.c.obj)
 .text.z_log_msg2_runtime_create.constprop.0
                0x0000000008004a2c       0x24 zephyr/arch/arch/arm/core/aarch32/cortex_m/libarch__arm__core__aarch32__cortex_m.a(fault.c.obj)
 .text.z_arm_fault
                0x0000000008004a50      0x1f8 zephyr/arch/arch/arm/core/aarch32/cortex_m/libarch__arm__core__aarch32__cortex_m.a(fault.c.obj)
                0x0000000008004a50                z_arm_fault
 .text.z_arm_fault_init
                0x0000000008004c48       0x10 zephyr/arch/arch/arm/core/aarch32/cortex_m/libarch__arm__core__aarch32__cortex_m.a(fault.c.obj)
                0x0000000008004c48                z_arm_fault_init
 .text.__fault  0x0000000008004c58       0x14 zephyr/arch/arch/arm/core/aarch32/cortex_m/libarch__arm__core__aarch32__cortex_m.a(fault_s.S.obj)
                0x0000000008004c58                z_arm_bus_fault
                0x0000000008004c58                z_arm_usage_fault
                0x0000000008004c58                z_arm_mpu_fault
                0x0000000008004c58                z_arm_exc_spurious
                0x0000000008004c58                z_arm_debug_monitor
                0x0000000008004c58                z_arm_hard_fault
 .text.z_arm_interrupt_init
                0x0000000008004c6c       0x18 zephyr/arch/arch/arm/core/aarch32/cortex_m/libarch__arm__core__aarch32__cortex_m.a(irq_init.c.obj)
                0x0000000008004c6c                z_arm_interrupt_init
 .text._reset_section
                0x0000000008004c84       0x2c zephyr/arch/arch/arm/core/aarch32/cortex_m/libarch__arm__core__aarch32__cortex_m.a(reset.S.obj)
                0x0000000008004c84                z_arm_reset
                0x0000000008004c84                __start
 .text.z_impl_k_thread_abort
                0x0000000008004cb0       0x24 zephyr/arch/arch/arm/core/aarch32/cortex_m/libarch__arm__core__aarch32__cortex_m.a(thread_abort.c.obj)
                0x0000000008004cb0                z_impl_k_thread_abort
 .text.z_arm_configure_static_mpu_regions
                0x0000000008004cd4       0x18 zephyr/arch/arch/arm/core/aarch32/mpu/libarch__arm__core__aarch32__mpu.a(arm_core_mpu.c.obj)
                0x0000000008004cd4                z_arm_configure_static_mpu_regions
 .text.z_arm_configure_dynamic_mpu_regions
                0x0000000008004cec       0x20 zephyr/arch/arch/arm/core/aarch32/mpu/libarch__arm__core__aarch32__mpu.a(arm_core_mpu.c.obj)
                0x0000000008004cec                z_arm_configure_dynamic_mpu_regions
 .text.mpu_configure_regions
                0x0000000008004d0c       0xb4 zephyr/arch/arch/arm/core/aarch32/mpu/libarch__arm__core__aarch32__mpu.a(arm_mpu.c.obj)
 .text.arm_core_mpu_enable
                0x0000000008004dc0       0x18 zephyr/arch/arch/arm/core/aarch32/mpu/libarch__arm__core__aarch32__mpu.a(arm_mpu.c.obj)
                0x0000000008004dc0                arm_core_mpu_enable
 .text.arm_core_mpu_disable
                0x0000000008004dd8       0x14 zephyr/arch/arch/arm/core/aarch32/mpu/libarch__arm__core__aarch32__mpu.a(arm_mpu.c.obj)
                0x0000000008004dd8                arm_core_mpu_disable
 .text.arm_core_mpu_configure_static_mpu_regions
                0x0000000008004dec       0x14 zephyr/arch/arch/arm/core/aarch32/mpu/libarch__arm__core__aarch32__mpu.a(arm_mpu.c.obj)
                0x0000000008004dec                arm_core_mpu_configure_static_mpu_regions
 .text.arm_core_mpu_configure_dynamic_mpu_regions
                0x0000000008004e00       0x30 zephyr/arch/arch/arm/core/aarch32/mpu/libarch__arm__core__aarch32__mpu.a(arm_mpu.c.obj)
                0x0000000008004e00                arm_core_mpu_configure_dynamic_mpu_regions
 .text.z_arm_mpu_init
                0x0000000008004e30       0x60 zephyr/arch/arch/arm/core/aarch32/mpu/libarch__arm__core__aarch32__mpu.a(arm_mpu.c.obj)
                0x0000000008004e30                z_arm_mpu_init
 .text.__stdout_hook_install
                0x0000000008004e90        0xc zephyr/lib/libc/newlib/liblib__libc__newlib.a(libc-hooks.c.obj)
                0x0000000008004e90                __stdout_hook_install
 .text.z_impl_zephyr_write_stdout
                0x0000000008004e9c       0x30 zephyr/lib/libc/newlib/liblib__libc__newlib.a(libc-hooks.c.obj)
                0x0000000008004e9c                z_impl_zephyr_write_stdout
 .text._sbrk    0x0000000008004ecc       0x28 zephyr/lib/libc/newlib/liblib__libc__newlib.a(libc-hooks.c.obj)
                0x0000000008004ecc                _sbrk
                0x0000000008004ecc                sbrk
 .text.__chk_fail
                0x0000000008004ef4       0x1c zephyr/lib/libc/newlib/liblib__libc__newlib.a(libc-hooks.c.obj)
                0x0000000008004ef4                __chk_fail
 .text.getBatteryLevelLocal
                0x0000000008004f10       0x10 zephyr/subsys/lorawan/libloramac-node.a(lorawan.c.obj)
 .text.lorawan_init
                0x0000000008004f20       0x80 zephyr/subsys/lorawan/libloramac-node.a(lorawan.c.obj)
 .text.datarate_observe
                0x0000000008004fa0       0x5c zephyr/subsys/lorawan/libloramac-node.a(lorawan.c.obj)
 .text.McpsIndication
                0x0000000008004ffc       0x84 zephyr/subsys/lorawan/libloramac-node.a(lorawan.c.obj)
 .text.McpsConfirm
                0x0000000008005080       0x54 zephyr/subsys/lorawan/libloramac-node.a(lorawan.c.obj)
 .text.MlmeConfirm
                0x00000000080050d4       0x94 zephyr/subsys/lorawan/libloramac-node.a(lorawan.c.obj)
 .text.lorawan_join
                0x0000000008005168      0x1a0 zephyr/subsys/lorawan/libloramac-node.a(lorawan.c.obj)
                0x0000000008005168                lorawan_join
 .text.lorawan_set_datarate
                0x0000000008005308       0x40 zephyr/subsys/lorawan/libloramac-node.a(lorawan.c.obj)
                0x0000000008005308                lorawan_set_datarate
 .text.lorawan_send
                0x0000000008005348       0xf4 zephyr/subsys/lorawan/libloramac-node.a(lorawan.c.obj)
                0x0000000008005348                lorawan_send
 .text.lorawan_register_downlink_callback
                0x000000000800543c       0x20 zephyr/subsys/lorawan/libloramac-node.a(lorawan.c.obj)
                0x000000000800543c                lorawan_register_downlink_callback
 .text.lorawan_register_dr_changed_callback
                0x000000000800545c        0xc zephyr/subsys/lorawan/libloramac-node.a(lorawan.c.obj)
                0x000000000800545c                lorawan_register_dr_changed_callback
 .text.lorawan_start
                0x0000000008005468       0x6c zephyr/subsys/lorawan/libloramac-node.a(lorawan.c.obj)
                0x0000000008005468                lorawan_start
 .text.lorawan_status2str
                0x00000000080054d4       0x18 zephyr/subsys/lorawan/libloramac-node.a(lw_priv.c.obj)
                0x00000000080054d4                lorawan_status2str
 .text.lorawan_eventinfo2str
                0x00000000080054ec       0x18 zephyr/subsys/lorawan/libloramac-node.a(lw_priv.c.obj)
                0x00000000080054ec                lorawan_eventinfo2str
 .text.lorawan_status2errno
                0x0000000008005504       0x24 zephyr/subsys/lorawan/libloramac-node.a(lw_priv.c.obj)
                0x0000000008005504                lorawan_status2errno
 .text.lorawan_eventinfo2errno
                0x0000000008005528       0x24 zephyr/subsys/lorawan/libloramac-node.a(lw_priv.c.obj)
                0x0000000008005528                lorawan_eventinfo2errno
 .text.timer_callback
                0x000000000800554c        0xc zephyr/subsys/lorawan/libloramac-node.a(hal_common.c.obj)
 .text.RtcBkupWrite
                0x0000000008005558        0xc zephyr/subsys/lorawan/libloramac-node.a(hal_common.c.obj)
                0x0000000008005558                RtcBkupWrite
 .text.RtcBkupRead
                0x0000000008005564       0x10 zephyr/subsys/lorawan/libloramac-node.a(hal_common.c.obj)
                0x0000000008005564                RtcBkupRead
 .text.RtcGetTimerElapsedTime
                0x0000000008005574       0x14 zephyr/subsys/lorawan/libloramac-node.a(hal_common.c.obj)
                0x0000000008005574                RtcGetTimerElapsedTime
 .text.RtcStopAlarm
                0x0000000008005588        0xc zephyr/subsys/lorawan/libloramac-node.a(hal_common.c.obj)
                0x0000000008005588                RtcStopAlarm
 .text.RtcSetAlarm
                0x0000000008005594       0x20 zephyr/subsys/lorawan/libloramac-node.a(hal_common.c.obj)
                0x0000000008005594                RtcSetAlarm
 .text.RtcSetTimerContext
                0x00000000080055b4       0x10 zephyr/subsys/lorawan/libloramac-node.a(hal_common.c.obj)
                0x00000000080055b4                RtcSetTimerContext
 .text.RtcGetTimerContext
                0x00000000080055c4        0xc zephyr/subsys/lorawan/libloramac-node.a(hal_common.c.obj)
                0x00000000080055c4                RtcGetTimerContext
 .text.sx12xx_ev_rx_done
                0x00000000080055d0       0xb0 zephyr/subsys/lorawan/libloramac-node.a(sx12xx_common.c.obj)
 .text.modem_release.constprop.0
                0x0000000008005680       0x58 zephyr/subsys/lorawan/libloramac-node.a(sx12xx_common.c.obj)
 .text.sx12xx_ev_tx_done
                0x00000000080056d8       0x20 zephyr/subsys/lorawan/libloramac-node.a(sx12xx_common.c.obj)
 .text.__sx12xx_configure_pin
                0x00000000080056f8       0xa0 zephyr/subsys/lorawan/libloramac-node.a(sx12xx_common.c.obj)
                0x00000000080056f8                __sx12xx_configure_pin
 .text.sx12xx_lora_send_async
                0x0000000008005798       0x50 zephyr/subsys/lorawan/libloramac-node.a(sx12xx_common.c.obj)
                0x0000000008005798                sx12xx_lora_send_async
 .text.sx12xx_lora_send
                0x00000000080057e8       0xc4 zephyr/subsys/lorawan/libloramac-node.a(sx12xx_common.c.obj)
                0x00000000080057e8                sx12xx_lora_send
 .text.sx12xx_lora_recv
                0x00000000080058ac       0xcc zephyr/subsys/lorawan/libloramac-node.a(sx12xx_common.c.obj)
                0x00000000080058ac                sx12xx_lora_recv
 .text.sx12xx_lora_recv_async
                0x0000000008005978       0x5c zephyr/subsys/lorawan/libloramac-node.a(sx12xx_common.c.obj)
                0x0000000008005978                sx12xx_lora_recv_async
 .text.sx12xx_lora_config
                0x00000000080059d4       0xa8 zephyr/subsys/lorawan/libloramac-node.a(sx12xx_common.c.obj)
                0x00000000080059d4                sx12xx_lora_config
 .text.sx12xx_lora_test_cw
                0x0000000008005a7c       0x40 zephyr/subsys/lorawan/libloramac-node.a(sx12xx_common.c.obj)
                0x0000000008005a7c                sx12xx_lora_test_cw
 .text.sx12xx_init
                0x0000000008005abc       0x4c zephyr/subsys/lorawan/libloramac-node.a(sx12xx_common.c.obj)
                0x0000000008005abc                sx12xx_init
 .text.sx126x_set_rx_enable
                0x0000000008005b08       0x10 zephyr/subsys/lorawan/libloramac-node.a(sx126x.c.obj)
 .text.sx126x_set_tx_enable
                0x0000000008005b18       0x10 zephyr/subsys/lorawan/libloramac-node.a(sx126x.c.obj)
 .text.sx126x_dio1_irq_work_handler.part.0
                0x0000000008005b28       0x28 zephyr/subsys/lorawan/libloramac-node.a(sx126x.c.obj)
 .text.sx126x_dio1_irq_work_handler
                0x0000000008005b50       0x38 zephyr/subsys/lorawan/libloramac-node.a(sx126x.c.obj)
 .text.sx126x_lora_init
                0x0000000008005b88       0xd0 zephyr/subsys/lorawan/libloramac-node.a(sx126x.c.obj)
 .text.SX126xGetOperatingMode
                0x0000000008005c58        0xc zephyr/subsys/lorawan/libloramac-node.a(sx126x.c.obj)
                0x0000000008005c58                SX126xGetOperatingMode
 .text.SX126xSetOperatingMode
                0x0000000008005c64       0x4c zephyr/subsys/lorawan/libloramac-node.a(sx126x.c.obj)
                0x0000000008005c64                SX126xSetOperatingMode
 .text.SX126xIoIrqInit
                0x0000000008005cb0        0xc zephyr/subsys/lorawan/libloramac-node.a(sx126x.c.obj)
                0x0000000008005cb0                SX126xIoIrqInit
 .text.SX126xReset
                0x0000000008005cbc       0x18 zephyr/subsys/lorawan/libloramac-node.a(sx126x.c.obj)
                0x0000000008005cbc                SX126xReset
 .text.SX126xWaitOnBusy
                0x0000000008005cd4       0x1c zephyr/subsys/lorawan/libloramac-node.a(sx126x.c.obj)
                0x0000000008005cd4                SX126xWaitOnBusy
 .text.sx126x_spi_transceive.isra.0
                0x0000000008005cf0       0x88 zephyr/subsys/lorawan/libloramac-node.a(sx126x.c.obj)
 .text.SX126xWakeup
                0x0000000008005d78       0x70 zephyr/subsys/lorawan/libloramac-node.a(sx126x.c.obj)
                0x0000000008005d78                SX126xWakeup
 .text.SX126xGetDio1PinState
                0x0000000008005de8        0xc zephyr/subsys/lorawan/libloramac-node.a(sx126x.c.obj)
                0x0000000008005de8                SX126xGetDio1PinState
 .text.sx126x_is_busy
                0x0000000008005df4       0x10 zephyr/subsys/lorawan/libloramac-node.a(sx126x_stm32wl.c.obj)
                0x0000000008005df4                sx126x_is_busy
 .text.sx126x_dio1_irq_enable
                0x0000000008005e04       0x14 zephyr/subsys/lorawan/libloramac-node.a(sx126x_stm32wl.c.obj)
                0x0000000008005e04                sx126x_dio1_irq_enable
 .text.sx126x_variant_init
                0x0000000008005e18       0x28 zephyr/subsys/lorawan/libloramac-node.a(sx126x_stm32wl.c.obj)
                0x0000000008005e18                sx126x_variant_init
 .text.rand1    0x0000000008005e40       0x28 zephyr/subsys/lorawan/libloramac-node.a(utilities.c.obj)
                0x0000000008005e40                rand1
 .text.srand1   0x0000000008005e68        0xc zephyr/subsys/lorawan/libloramac-node.a(utilities.c.obj)
                0x0000000008005e68                srand1
 .text.Crc32    0x0000000008005e74       0x34 zephyr/subsys/lorawan/libloramac-node.a(utilities.c.obj)
                0x0000000008005e74                Crc32
 .text.TimerInsertNewHeadTimer
                0x0000000008005ea8       0x18 zephyr/subsys/lorawan/libloramac-node.a(timer.c.obj)
 .text.TimerStart
                0x0000000008005ec0       0x70 zephyr/subsys/lorawan/libloramac-node.a(timer.c.obj)
                0x0000000008005ec0                TimerStart
 .text.TimerIrqHandler
                0x0000000008005f30       0x78 zephyr/subsys/lorawan/libloramac-node.a(timer.c.obj)
                0x0000000008005f30                TimerIrqHandler
 .text.TimerStop
                0x0000000008005fa8       0x58 zephyr/subsys/lorawan/libloramac-node.a(timer.c.obj)
                0x0000000008005fa8                TimerStop
 .text.SX126xSetCrcSeed
                0x0000000008006000       0x28 zephyr/subsys/lorawan/libloramac-node.a(sx126x.c.obj)
                0x0000000008006000                SX126xSetCrcSeed
 .text.SX126xSetCrcPolynomial
                0x0000000008006028       0x28 zephyr/subsys/lorawan/libloramac-node.a(sx126x.c.obj)
                0x0000000008006028                SX126xSetCrcPolynomial
 .text.SX126xSetWhiteningSeed
                0x0000000008006050       0x38 zephyr/subsys/lorawan/libloramac-node.a(sx126x.c.obj)
                0x0000000008006050                SX126xSetWhiteningSeed
 .text.SX126xSetSleep
                0x0000000008006088       0x3c zephyr/subsys/lorawan/libloramac-node.a(sx126x.c.obj)
                0x0000000008006088                SX126xSetSleep
 .text.SX126xInit
                0x00000000080060c4       0x34 zephyr/subsys/lorawan/libloramac-node.a(sx126x.c.obj)
                0x00000000080060c4                SX126xInit
 .text.SX126xCalibrateImage
                0x00000000080060f8       0x78 zephyr/subsys/lorawan/libloramac-node.a(sx126x.c.obj)
                0x00000000080060f8                SX126xCalibrateImage
 .text.SX126xSetRfFrequency
                0x0000000008006170       0x58 zephyr/subsys/lorawan/libloramac-node.a(sx126x.c.obj)
                0x0000000008006170                SX126xSetRfFrequency
 .text.SX126xSetPacketType
                0x00000000080061c8       0x20 zephyr/subsys/lorawan/libloramac-node.a(sx126x.c.obj)
                0x00000000080061c8                SX126xSetPacketType
 .text.SX126xGetPacketType
                0x00000000080061e8        0xc zephyr/subsys/lorawan/libloramac-node.a(sx126x.c.obj)
                0x00000000080061e8                SX126xGetPacketType
 .text.SX126xSetModulationParams
                0x00000000080061f4       0xb0 zephyr/subsys/lorawan/libloramac-node.a(sx126x.c.obj)
                0x00000000080061f4                SX126xSetModulationParams
 .text.SX126xSetPacketParams
                0x00000000080062a4       0xd4 zephyr/subsys/lorawan/libloramac-node.a(sx126x.c.obj)
                0x00000000080062a4                SX126xSetPacketParams
 .text.SX126xGetRxBufferStatus
                0x0000000008006378       0x44 zephyr/subsys/lorawan/libloramac-node.a(sx126x.c.obj)
                0x0000000008006378                SX126xGetRxBufferStatus
 .text.SX126xGetPacketStatus
                0x00000000080063bc       0x78 zephyr/subsys/lorawan/libloramac-node.a(sx126x.c.obj)
                0x00000000080063bc                SX126xGetPacketStatus
 .text.RadioOnTxTimeoutIrq
                0x0000000008006434       0x14 zephyr/subsys/lorawan/libloramac-node.a(radio.c.obj)
                0x0000000008006434                RadioOnTxTimeoutIrq
 .text.RadioOnRxTimeoutIrq
                0x0000000008006448       0x14 zephyr/subsys/lorawan/libloramac-node.a(radio.c.obj)
                0x0000000008006448                RadioOnRxTimeoutIrq
 .text.RadioOnDioIrq
                0x000000000800645c        0xc zephyr/subsys/lorawan/libloramac-node.a(radio.c.obj)
                0x000000000800645c                RadioOnDioIrq
 .text.RadioGetStatus
                0x0000000008006468       0x1c zephyr/subsys/lorawan/libloramac-node.a(radio.c.obj)
                0x0000000008006468                RadioGetStatus
 .text.RadioSend
                0x0000000008006484       0x5c zephyr/subsys/lorawan/libloramac-node.a(radio.c.obj)
                0x0000000008006484                RadioSend
 .text.RadioSetTxContinuousWave
                0x00000000080064e0       0x30 zephyr/subsys/lorawan/libloramac-node.a(radio.c.obj)
                0x00000000080064e0                RadioSetTxContinuousWave
 .text.RadioGetFskBandwidthRegValue
                0x0000000008006510       0x34 zephyr/subsys/lorawan/libloramac-node.a(radio.c.obj)
 .text.RadioSetMaxPayloadLength
                0x0000000008006544       0x30 zephyr/subsys/lorawan/libloramac-node.a(radio.c.obj)
                0x0000000008006544                RadioSetMaxPayloadLength
 .text.RadioRx  0x0000000008006574       0x48 zephyr/subsys/lorawan/libloramac-node.a(radio.c.obj)
                0x0000000008006574                RadioRx
 .text.RadioRxBoosted
                0x00000000080065bc       0x48 zephyr/subsys/lorawan/libloramac-node.a(radio.c.obj)
                0x00000000080065bc                RadioRxBoosted
 .text.RadioIrqProcess
                0x0000000008006604      0x17c zephyr/subsys/lorawan/libloramac-node.a(radio.c.obj)
                0x0000000008006604                RadioIrqProcess
 .text.RadioTimeOnAir
                0x0000000008006780       0xec zephyr/subsys/lorawan/libloramac-node.a(radio.c.obj)
                0x0000000008006780                RadioTimeOnAir
 .text.RadioSetPublicNetwork
                0x000000000800686c       0x3c zephyr/subsys/lorawan/libloramac-node.a(radio.c.obj)
                0x000000000800686c                RadioSetPublicNetwork
 .text.RadioSetModem.part.0
                0x00000000080068a8       0x24 zephyr/subsys/lorawan/libloramac-node.a(radio.c.obj)
 .text.RadioSetModem
                0x00000000080068cc       0x20 zephyr/subsys/lorawan/libloramac-node.a(radio.c.obj)
                0x00000000080068cc                RadioSetModem
 .text.RadioSetRxConfig
                0x00000000080068ec      0x1e4 zephyr/subsys/lorawan/libloramac-node.a(radio.c.obj)
                0x00000000080068ec                RadioSetRxConfig
 .text.RadioSetTxConfig
                0x0000000008006ad0      0x19c zephyr/subsys/lorawan/libloramac-node.a(radio.c.obj)
                0x0000000008006ad0                RadioSetTxConfig
 .text.RadioInit
                0x0000000008006c6c       0x7c zephyr/subsys/lorawan/libloramac-node.a(radio.c.obj)
                0x0000000008006c6c                RadioInit
 .text.aes_set_key
                0x0000000008006ce8       0xf8 zephyr/subsys/lorawan/libloramac-node.a(aes.c.obj)
                0x0000000008006ce8                aes_set_key
 .text.aes_encrypt
                0x0000000008006de0      0x2ac zephyr/subsys/lorawan/libloramac-node.a(aes.c.obj)
                0x0000000008006de0                aes_encrypt
 .text.ComputeCmac
                0x000000000800708c       0x80 zephyr/subsys/lorawan/libloramac-node.a(soft-se.c.obj)
 .text.SecureElementInit
                0x000000000800710c      0x134 zephyr/subsys/lorawan/libloramac-node.a(soft-se.c.obj)
                0x000000000800710c                SecureElementInit
 .text.SecureElementAesEncrypt
                0x0000000008007240       0x7c zephyr/subsys/lorawan/libloramac-node.a(soft-se.c.obj)
                0x0000000008007240                SecureElementAesEncrypt
 .text.SecureElementSetKey.part.0
                0x00000000080072bc       0x78 zephyr/subsys/lorawan/libloramac-node.a(soft-se.c.obj)
 .text.SecureElementSetDevEui
                0x0000000008007334       0x1c zephyr/subsys/lorawan/libloramac-node.a(soft-se.c.obj)
                0x0000000008007334                SecureElementSetDevEui
 .text.SecureElementGetDevEui
                0x0000000008007350        0xc zephyr/subsys/lorawan/libloramac-node.a(soft-se.c.obj)
                0x0000000008007350                SecureElementGetDevEui
 .text.SecureElementSetJoinEui
                0x000000000800735c       0x20 zephyr/subsys/lorawan/libloramac-node.a(soft-se.c.obj)
                0x000000000800735c                SecureElementSetJoinEui
 .text.SecureElementGetJoinEui
                0x000000000800737c        0xc zephyr/subsys/lorawan/libloramac-node.a(soft-se.c.obj)
                0x000000000800737c                SecureElementGetJoinEui
 .text.SecureElementSetPin
                0x0000000008007388       0x20 zephyr/subsys/lorawan/libloramac-node.a(soft-se.c.obj)
                0x0000000008007388                SecureElementSetPin
 .text.SecureElementGetPin
                0x00000000080073a8        0xc zephyr/subsys/lorawan/libloramac-node.a(soft-se.c.obj)
                0x00000000080073a8                SecureElementGetPin
 .text.OnRadioTxTimeout
                0x00000000080073b4       0x24 zephyr/subsys/lorawan/libloramac-node.a(LoRaMac.c.obj)
 .text.OnRadioRxError
                0x00000000080073d8       0x24 zephyr/subsys/lorawan/libloramac-node.a(LoRaMac.c.obj)
 .text.OnRadioRxTimeout
                0x00000000080073fc       0x24 zephyr/subsys/lorawan/libloramac-node.a(LoRaMac.c.obj)
 .text.UpdateRxSlotIdleState
                0x0000000008007420       0x1c zephyr/subsys/lorawan/libloramac-node.a(LoRaMac.c.obj)
 .text.GetMaxAppPayloadWithoutFOptsLength
                0x000000000800743c       0x2c zephyr/subsys/lorawan/libloramac-node.a(LoRaMac.c.obj)
 .text.OnRetransmitTimeoutTimerEvent
                0x0000000008007468       0x30 zephyr/subsys/lorawan/libloramac-node.a(LoRaMac.c.obj)
 .text.PrepareRxDoneAbort
                0x0000000008007498       0x38 zephyr/subsys/lorawan/libloramac-node.a(LoRaMac.c.obj)
 .text.HandleRadioRxErrorTimeout
                0x00000000080074d0       0xc4 zephyr/subsys/lorawan/libloramac-node.a(LoRaMac.c.obj)
 .text.OpenContinuousRxCWindow
                0x0000000008007594       0x64 zephyr/subsys/lorawan/libloramac-node.a(LoRaMac.c.obj)
 .text.SwitchClass
                0x00000000080075f8       0xdc zephyr/subsys/lorawan/libloramac-node.a(LoRaMac.c.obj)
 .text.OnRadioRxDone
                0x00000000080076d4       0x4c zephyr/subsys/lorawan/libloramac-node.a(LoRaMac.c.obj)
 .text.OnRadioTxDone
                0x0000000008007720       0x4c zephyr/subsys/lorawan/libloramac-node.a(LoRaMac.c.obj)
 .text.ResetMacParameters
                0x000000000800776c      0x134 zephyr/subsys/lorawan/libloramac-node.a(LoRaMac.c.obj)
 .text.RxWindowSetup.constprop.0
                0x00000000080078a0       0x3c zephyr/subsys/lorawan/libloramac-node.a(LoRaMac.c.obj)
 .text.OnRxWindow1TimerEvent
                0x00000000080078dc       0x44 zephyr/subsys/lorawan/libloramac-node.a(LoRaMac.c.obj)
 .text.OnRxWindow2TimerEvent
                0x0000000008007920       0x4c zephyr/subsys/lorawan/libloramac-node.a(LoRaMac.c.obj)
 .text.ProcessMacCommands.constprop.0
                0x000000000800796c      0x608 zephyr/subsys/lorawan/libloramac-node.a(LoRaMac.c.obj)
 .text.StopRetransmission.isra.0
                0x0000000008007f74       0x44 zephyr/subsys/lorawan/libloramac-node.a(LoRaMac.c.obj)
 .text.LoRaMacIsBusy
                0x0000000008007fb8       0x28 zephyr/subsys/lorawan/libloramac-node.a(LoRaMac.c.obj)
                0x0000000008007fb8                LoRaMacIsBusy
 .text.PrepareFrame
                0x0000000008007fe0      0x154 zephyr/subsys/lorawan/libloramac-node.a(LoRaMac.c.obj)
                0x0000000008007fe0                PrepareFrame
 .text.SendFrameOnChannel
                0x0000000008008134      0x12c zephyr/subsys/lorawan/libloramac-node.a(LoRaMac.c.obj)
                0x0000000008008134                SendFrameOnChannel
 .text.ScheduleTx
                0x0000000008008260      0x1d8 zephyr/subsys/lorawan/libloramac-node.a(LoRaMac.c.obj)
 .text.OnTxDelayedTimerEvent
                0x0000000008008438       0x6c zephyr/subsys/lorawan/libloramac-node.a(LoRaMac.c.obj)
 .text.Send     0x00000000080084a4      0x100 zephyr/subsys/lorawan/libloramac-node.a(LoRaMac.c.obj)
                0x00000000080084a4                Send
 .text.SendReJoinReq
                0x00000000080085a4       0x54 zephyr/subsys/lorawan/libloramac-node.a(LoRaMac.c.obj)
                0x00000000080085a4                SendReJoinReq
 .text.SetTxContinuousWave
                0x00000000080085f8       0x2c zephyr/subsys/lorawan/libloramac-node.a(LoRaMac.c.obj)
                0x00000000080085f8                SetTxContinuousWave
 .text.LoRaMacProcess
                0x0000000008008624      0x9bc zephyr/subsys/lorawan/libloramac-node.a(LoRaMac.c.obj)
                0x0000000008008624                LoRaMacProcess
 .text.LoRaMacInitialization
                0x0000000008008fe0      0x354 zephyr/subsys/lorawan/libloramac-node.a(LoRaMac.c.obj)
                0x0000000008008fe0                LoRaMacInitialization
 .text.LoRaMacStart
                0x0000000008009334       0x10 zephyr/subsys/lorawan/libloramac-node.a(LoRaMac.c.obj)
                0x0000000008009334                LoRaMacStart
 .text.LoRaMacQueryTxPossible
                0x0000000008009344       0xc0 zephyr/subsys/lorawan/libloramac-node.a(LoRaMac.c.obj)
                0x0000000008009344                LoRaMacQueryTxPossible
 .text.LoRaMacMibGetRequestConfirm
                0x0000000008009404      0x1ac zephyr/subsys/lorawan/libloramac-node.a(LoRaMac.c.obj)
                0x0000000008009404                LoRaMacMibGetRequestConfirm
 .text.LoRaMacMibSetRequestConfirm
                0x00000000080095b0      0x554 zephyr/subsys/lorawan/libloramac-node.a(LoRaMac.c.obj)
                0x00000000080095b0                LoRaMacMibSetRequestConfirm
 .text.LoRaMacMlmeRequest
                0x0000000008009b04      0x1c0 zephyr/subsys/lorawan/libloramac-node.a(LoRaMac.c.obj)
                0x0000000008009b04                LoRaMacMlmeRequest
 .text.LoRaMacMcpsRequest
                0x0000000008009cc4      0x188 zephyr/subsys/lorawan/libloramac-node.a(LoRaMac.c.obj)
                0x0000000008009cc4                LoRaMacMcpsRequest
 .text.LoRaMacCommandsInit
                0x0000000008009e4c       0x1c zephyr/subsys/lorawan/libloramac-node.a(LoRaMacCommands.c.obj)
                0x0000000008009e4c                LoRaMacCommandsInit
 .text.LoRaMacCommandsAddCmd
                0x0000000008009e68       0xa8 zephyr/subsys/lorawan/libloramac-node.a(LoRaMacCommands.c.obj)
                0x0000000008009e68                LoRaMacCommandsAddCmd
 .text.LoRaMacCommandsRemoveCmd
                0x0000000008009f10       0x54 zephyr/subsys/lorawan/libloramac-node.a(LoRaMacCommands.c.obj)
                0x0000000008009f10                LoRaMacCommandsRemoveCmd
 .text.LoRaMacCommandsRemoveNoneStickyCmds
                0x0000000008009f64       0x1c zephyr/subsys/lorawan/libloramac-node.a(LoRaMacCommands.c.obj)
                0x0000000008009f64                LoRaMacCommandsRemoveNoneStickyCmds
 .text.LoRaMacCommandsRemoveStickyAnsCmds
                0x0000000008009f80       0x30 zephyr/subsys/lorawan/libloramac-node.a(LoRaMacCommands.c.obj)
                0x0000000008009f80                LoRaMacCommandsRemoveStickyAnsCmds
 .text.LoRaMacCommandsGetSizeSerializedCmds
                0x0000000008009fb0       0x18 zephyr/subsys/lorawan/libloramac-node.a(LoRaMacCommands.c.obj)
                0x0000000008009fb0                LoRaMacCommandsGetSizeSerializedCmds
 .text.LoRaMacCommandsSerializeCmds
                0x0000000008009fc8       0x64 zephyr/subsys/lorawan/libloramac-node.a(LoRaMacCommands.c.obj)
                0x0000000008009fc8                LoRaMacCommandsSerializeCmds
 .text.LoRaMacCommandsStickyCmdsPending
                0x000000000800a02c       0x28 zephyr/subsys/lorawan/libloramac-node.a(LoRaMacCommands.c.obj)
                0x000000000800a02c                LoRaMacCommandsStickyCmdsPending
 .text.LoRaMacCommandsGetCmdSize
                0x000000000800a054       0x14 zephyr/subsys/lorawan/libloramac-node.a(LoRaMacCommands.c.obj)
                0x000000000800a054                LoRaMacCommandsGetCmdSize
 .text.GetElement.constprop.0
                0x000000000800a068       0x38 zephyr/subsys/lorawan/libloramac-node.a(LoRaMacConfirmQueue.c.obj)
 .text.LoRaMacConfirmQueueInit
                0x000000000800a0a0       0x28 zephyr/subsys/lorawan/libloramac-node.a(LoRaMacConfirmQueue.c.obj)
                0x000000000800a0a0                LoRaMacConfirmQueueInit
 .text.LoRaMacConfirmQueueAdd
                0x000000000800a0c8       0x40 zephyr/subsys/lorawan/libloramac-node.a(LoRaMacConfirmQueue.c.obj)
                0x000000000800a0c8                LoRaMacConfirmQueueAdd
 .text.LoRaMacConfirmQueueRemoveFirst
                0x000000000800a108       0x2c zephyr/subsys/lorawan/libloramac-node.a(LoRaMacConfirmQueue.c.obj)
                0x000000000800a108                LoRaMacConfirmQueueRemoveFirst
 .text.LoRaMacConfirmQueueSetStatus
                0x000000000800a134       0x24 zephyr/subsys/lorawan/libloramac-node.a(LoRaMacConfirmQueue.c.obj)
                0x000000000800a134                LoRaMacConfirmQueueSetStatus
 .text.LoRaMacConfirmQueueGetStatus
                0x000000000800a158       0x20 zephyr/subsys/lorawan/libloramac-node.a(LoRaMacConfirmQueue.c.obj)
                0x000000000800a158                LoRaMacConfirmQueueGetStatus
 .text.LoRaMacConfirmQueueSetStatusCmn
                0x000000000800a178       0x34 zephyr/subsys/lorawan/libloramac-node.a(LoRaMacConfirmQueue.c.obj)
                0x000000000800a178                LoRaMacConfirmQueueSetStatusCmn
 .text.LoRaMacConfirmQueueIsCmdActive
                0x000000000800a1ac       0x18 zephyr/subsys/lorawan/libloramac-node.a(LoRaMacConfirmQueue.c.obj)
                0x000000000800a1ac                LoRaMacConfirmQueueIsCmdActive
 .text.LoRaMacConfirmQueueHandleCb
                0x000000000800a1c4       0x54 zephyr/subsys/lorawan/libloramac-node.a(LoRaMacConfirmQueue.c.obj)
                0x000000000800a1c4                LoRaMacConfirmQueueHandleCb
 .text.LoRaMacConfirmQueueGetCnt
                0x000000000800a218        0xc zephyr/subsys/lorawan/libloramac-node.a(LoRaMacConfirmQueue.c.obj)
                0x000000000800a218                LoRaMacConfirmQueueGetCnt
 .text.LoRaMacConfirmQueueIsFull
                0x000000000800a224       0x14 zephyr/subsys/lorawan/libloramac-node.a(LoRaMacConfirmQueue.c.obj)
                0x000000000800a224                LoRaMacConfirmQueueIsFull
 .text.GetLastFcntDown.constprop.0
                0x000000000800a238       0x64 zephyr/subsys/lorawan/libloramac-node.a(LoRaMacCrypto.c.obj)
 .text.VerifyCmacB0.constprop.0
                0x000000000800a29c       0xc8 zephyr/subsys/lorawan/libloramac-node.a(LoRaMacCrypto.c.obj)
 .text.LoRaMacCryptoInit
                0x000000000800a364       0x3c zephyr/subsys/lorawan/libloramac-node.a(LoRaMacCrypto.c.obj)
                0x000000000800a364                LoRaMacCryptoInit
 .text.LoRaMacCryptoSetLrWanVersion
                0x000000000800a3a0       0x10 zephyr/subsys/lorawan/libloramac-node.a(LoRaMacCrypto.c.obj)
                0x000000000800a3a0                LoRaMacCryptoSetLrWanVersion
 .text.LoRaMacCryptoGetFCntUp
                0x000000000800a3b0       0x18 zephyr/subsys/lorawan/libloramac-node.a(LoRaMacCrypto.c.obj)
                0x000000000800a3b0                LoRaMacCryptoGetFCntUp
 .text.LoRaMacCryptoSetMulticastReference
                0x000000000800a3c8       0x2c zephyr/subsys/lorawan/libloramac-node.a(LoRaMacCrypto.c.obj)
                0x000000000800a3c8                LoRaMacCryptoSetMulticastReference
 .text.LoRaMacCryptoPrepareJoinRequest
                0x000000000800a3f4       0x48 zephyr/subsys/lorawan/libloramac-node.a(LoRaMacCrypto.c.obj)
                0x000000000800a3f4                LoRaMacCryptoPrepareJoinRequest
 .text.LoRaMacCryptoSecureMessage
                0x000000000800a43c       0xe4 zephyr/subsys/lorawan/libloramac-node.a(LoRaMacCrypto.c.obj)
                0x000000000800a43c                LoRaMacCryptoSecureMessage
 .text.LoRaMacCryptoUnsecureMessage
                0x000000000800a520      0x118 zephyr/subsys/lorawan/libloramac-node.a(LoRaMacCrypto.c.obj)
                0x000000000800a520                LoRaMacCryptoUnsecureMessage
 .text.LoRaMacCryptoSetKey
                0x000000000800a638       0x2c zephyr/subsys/lorawan/libloramac-node.a(LoRaMacCrypto.c.obj)
                0x000000000800a638                LoRaMacCryptoSetKey
 .text.LoRaMacCryptoHandleJoinAccept
                0x000000000800a664      0x100 zephyr/subsys/lorawan/libloramac-node.a(LoRaMacCrypto.c.obj)
                0x000000000800a664                LoRaMacCryptoHandleJoinAccept
 .text.RegionGetVersion
                0x000000000800a764        0x8 zephyr/subsys/lorawan/libloramac-node.a(Region.c.obj)
                0x000000000800a764                RegionGetVersion
 .text.RegionCommonUpdateBandTimeOff
                0x000000000800a76c      0x1dc zephyr/subsys/lorawan/libloramac-node.a(RegionCommon.c.obj)
                0x000000000800a76c                RegionCommonUpdateBandTimeOff
 .text.RegionCommonComputeSymbolTimeLoRa
                0x000000000800a948       0x10 zephyr/subsys/lorawan/libloramac-node.a(RegionCommon.c.obj)
                0x000000000800a948                RegionCommonComputeSymbolTimeLoRa
 .text.RegionCommonGetBandwidth
                0x000000000800a958       0x24 zephyr/subsys/lorawan/libloramac-node.a(RegionCommon.c.obj)
                0x000000000800a958                RegionCommonGetBandwidth
 .text.GetTimeOnAir
                0x000000000800a97c       0x3c zephyr/subsys/lorawan/libloramac-node.a(RegionUS915.c.obj)
 .text.VerifyRfFreq
                0x000000000800a9b8       0x40 zephyr/subsys/lorawan/libloramac-node.a(RegionUS915.c.obj)
 .text.RegionUS915GetPhyParam
                0x000000000800a9f8      0x138 zephyr/subsys/lorawan/libloramac-node.a(RegionUS915.c.obj)
                0x000000000800a9f8                RegionUS915GetPhyParam
 .text.RegionUS915SetBandTxDone
                0x000000000800ab30       0x38 zephyr/subsys/lorawan/libloramac-node.a(RegionUS915.c.obj)
                0x000000000800ab30                RegionUS915SetBandTxDone
 .text.RegionUS915InitDefaults
                0x000000000800ab68      0x114 zephyr/subsys/lorawan/libloramac-node.a(RegionUS915.c.obj)
                0x000000000800ab68                RegionUS915InitDefaults
 .text.RegionUS915ApplyCFList
                0x000000000800ac7c       0x5c zephyr/subsys/lorawan/libloramac-node.a(RegionUS915.c.obj)
                0x000000000800ac7c                RegionUS915ApplyCFList
 .text.RegionUS915ChanMaskSet
                0x000000000800acd8       0x78 zephyr/subsys/lorawan/libloramac-node.a(RegionUS915.c.obj)
                0x000000000800acd8                RegionUS915ChanMaskSet
 .text.RegionUS915ComputeRxWindowParameters
                0x000000000800ad50       0x58 zephyr/subsys/lorawan/libloramac-node.a(RegionUS915.c.obj)
                0x000000000800ad50                RegionUS915ComputeRxWindowParameters
 .text.RegionUS915RxConfig
                0x000000000800ada8       0x98 zephyr/subsys/lorawan/libloramac-node.a(RegionUS915.c.obj)
                0x000000000800ada8                RegionUS915RxConfig
 .text.RegionUS915TxConfig
                0x000000000800ae40       0xfc zephyr/subsys/lorawan/libloramac-node.a(RegionUS915.c.obj)
                0x000000000800ae40                RegionUS915TxConfig
 .text.RegionUS915LinkAdrReq
                0x000000000800af3c      0x220 zephyr/subsys/lorawan/libloramac-node.a(RegionUS915.c.obj)
                0x000000000800af3c                RegionUS915LinkAdrReq
 .text.RegionUS915AlternateDr
                0x000000000800b15c       0x2c zephyr/subsys/lorawan/libloramac-node.a(RegionUS915.c.obj)
                0x000000000800b15c                RegionUS915AlternateDr
 .text.RegionUS915NextChannel
                0x000000000800b188      0x138 zephyr/subsys/lorawan/libloramac-node.a(RegionUS915.c.obj)
                0x000000000800b188                RegionUS915NextChannel
 .text.RegionUS915ApplyDrOffset
                0x000000000800b2c0       0x14 zephyr/subsys/lorawan/libloramac-node.a(RegionUS915.c.obj)
                0x000000000800b2c0                RegionUS915ApplyDrOffset
 .text.registry_find
                0x000000000800b2d4       0x2c zephyr/subsys/fs/libsubsys__fs.a(fs.c.obj)
 .text.z_log_msg2_runtime_create.constprop.0
                0x000000000800b300       0x24 zephyr/subsys/fs/libsubsys__fs.a(fs.c.obj)
 .text.fs_init  0x000000000800b324       0x1c zephyr/subsys/fs/libsubsys__fs.a(fs.c.obj)
 .text.k_mutex_lock.constprop.0.isra.0
                0x000000000800b340       0x10 zephyr/subsys/fs/libsubsys__fs.a(fs.c.obj)
 .text.k_mutex_unlock.constprop.0.isra.0
                0x000000000800b350        0xc zephyr/subsys/fs/libsubsys__fs.a(fs.c.obj)
 .text.fs_get_mnt_point
                0x000000000800b35c       0x8c zephyr/subsys/fs/libsubsys__fs.a(fs.c.obj)
 .text.fs_open  0x000000000800b3e8       0xc8 zephyr/subsys/fs/libsubsys__fs.a(fs.c.obj)
                0x000000000800b3e8                fs_open
 .text.fs_close
                0x000000000800b4b0       0x48 zephyr/subsys/fs/libsubsys__fs.a(fs.c.obj)
                0x000000000800b4b0                fs_close
 .text.fs_write
                0x000000000800b4f8       0x44 zephyr/subsys/fs/libsubsys__fs.a(fs.c.obj)
                0x000000000800b4f8                fs_write
 .text.fs_opendir
                0x000000000800b53c       0xe4 zephyr/subsys/fs/libsubsys__fs.a(fs.c.obj)
                0x000000000800b53c                fs_opendir
 .text.fs_readdir
                0x000000000800b620      0x104 zephyr/subsys/fs/libsubsys__fs.a(fs.c.obj)
                0x000000000800b620                fs_readdir
 .text.fs_closedir
                0x000000000800b724       0x4c zephyr/subsys/fs/libsubsys__fs.a(fs.c.obj)
                0x000000000800b724                fs_closedir
 .text.fs_mount
                0x000000000800b770      0x15c zephyr/subsys/fs/libsubsys__fs.a(fs.c.obj)
                0x000000000800b770                fs_mount
 .text.fs_register
                0x000000000800b8cc       0x50 zephyr/subsys/fs/libsubsys__fs.a(fs.c.obj)
                0x000000000800b8cc                fs_register
 .text.translate_error
                0x000000000800b91c       0x14 zephyr/subsys/fs/libsubsys__fs.a(fat_fs.c.obj)
 .text.fatfs_init
                0x000000000800b930        0xc zephyr/subsys/fs/libsubsys__fs.a(fat_fs.c.obj)
 .text.fatfs_mount
                0x000000000800b93c       0x74 zephyr/subsys/fs/libsubsys__fs.a(fat_fs.c.obj)
 .text.fatfs_closedir
                0x000000000800b9b0       0x24 zephyr/subsys/fs/libsubsys__fs.a(fat_fs.c.obj)
 .text.fatfs_close
                0x000000000800b9d4       0x28 zephyr/subsys/fs/libsubsys__fs.a(fat_fs.c.obj)
 .text.fatfs_opendir
                0x000000000800b9fc       0x50 zephyr/subsys/fs/libsubsys__fs.a(fat_fs.c.obj)
 .text.fatfs_open
                0x000000000800ba4c       0x58 zephyr/subsys/fs/libsubsys__fs.a(fat_fs.c.obj)
 .text.__stm32_exti_isr.isra.0
                0x000000000800baa4       0x40 zephyr/drivers/interrupt_controller/libdrivers__interrupt_controller.a(intc_exti_stm32.c.obj)
 .text.stm32_exti_enable
                0x000000000800bae4       0x20 zephyr/drivers/interrupt_controller/libdrivers__interrupt_controller.a(intc_exti_stm32.c.obj)
                0x000000000800bae4                stm32_exti_enable
 .text.stm32_exti_disable
                0x000000000800bb04       0x20 zephyr/drivers/interrupt_controller/libdrivers__interrupt_controller.a(intc_exti_stm32.c.obj)
                0x000000000800bb04                stm32_exti_disable
 .text.stm32_exti_trigger
                0x000000000800bb24       0x68 zephyr/drivers/interrupt_controller/libdrivers__interrupt_controller.a(intc_exti_stm32.c.obj)
                0x000000000800bb24                stm32_exti_trigger
 .text.stm32_exti_set_callback
                0x000000000800bb8c       0x24 zephyr/drivers/interrupt_controller/libdrivers__interrupt_controller.a(intc_exti_stm32.c.obj)
                0x000000000800bb8c                stm32_exti_set_callback
 .text.stm32_exti_unset_callback
                0x000000000800bbb0       0x14 zephyr/drivers/interrupt_controller/libdrivers__interrupt_controller.a(intc_exti_stm32.c.obj)
                0x000000000800bbb0                stm32_exti_unset_callback
 .text.disk_spi_sdhc_access_ioctl
                0x000000000800bbc4       0x3c zephyr/drivers/disk/libdrivers__disk.a(sdmmc_spi.c.obj)
 .text.sdhc_map_r1_idle_status
                0x000000000800bc00       0x18 zephyr/drivers/disk/libdrivers__disk.a(sdmmc_spi.c.obj)
 .text.sdhc_spi_rx_bytes
                0x000000000800bc18       0x34 zephyr/drivers/disk/libdrivers__disk.a(sdmmc_spi.c.obj)
 .text.sdhc_spi_init
                0x000000000800bc4c       0x2c zephyr/drivers/disk/libdrivers__disk.a(sdmmc_spi.c.obj)
 .text.sdhc_spi_cmd_r1_raw
                0x000000000800bc78       0x34 zephyr/drivers/disk/libdrivers__disk.a(sdmmc_spi.c.obj)
 .text.sdhc_spi_rx_block
                0x000000000800bcac       0xdc zephyr/drivers/disk/libdrivers__disk.a(sdmmc_spi.c.obj)
 .text.sdhc_spi_cmd_r1
                0x000000000800bd88       0x18 zephyr/drivers/disk/libdrivers__disk.a(sdmmc_spi.c.obj)
 .text.disk_spi_sdhc_access_init
                0x000000000800bda0      0x2ac zephyr/drivers/disk/libdrivers__disk.a(sdmmc_spi.c.obj)
 .text.sdhc_spi_read
                0x000000000800c04c       0x70 zephyr/drivers/disk/libdrivers__disk.a(sdmmc_spi.c.obj)
 .text.sdhc_spi_write
                0x000000000800c0bc      0x10c zephyr/drivers/disk/libdrivers__disk.a(sdmmc_spi.c.obj)
 .text.sdhc_spi_write_multi
                0x000000000800c1c8       0xd4 zephyr/drivers/disk/libdrivers__disk.a(sdmmc_spi.c.obj)
 .text.stm32_clock_control_get_subsys_rate
                0x000000000800c29c       0x28 zephyr/drivers/clock_control/libdrivers__clock_control.a(clock_stm32_ll_common.c.obj)
 .text.rtc_stm32_cancel_alarm
                0x000000000800c2c4       0x30 zephyr/drivers/counter/libdrivers__counter.a(counter_ll_stm32_rtc.c.obj)
 .text.rtc_stm32_get_pending_int
                0x000000000800c2f4       0x10 zephyr/drivers/counter/libdrivers__counter.a(counter_ll_stm32_rtc.c.obj)
 .text.rtc_stm32_read
                0x000000000800c304       0xe0 zephyr/drivers/counter/libdrivers__counter.a(counter_ll_stm32_rtc.c.obj)
 .text.rtc_stm32_isr
                0x000000000800c3e4       0x54 zephyr/drivers/counter/libdrivers__counter.a(counter_ll_stm32_rtc.c.obj)
                0x000000000800c3e4                rtc_stm32_isr
 .text.rtc_stm32_init
                0x000000000800c438      0x110 zephyr/drivers/counter/libdrivers__counter.a(counter_ll_stm32_rtc.c.obj)
 .text.rtc_stm32_set_alarm
                0x000000000800c548      0x10c zephyr/drivers/counter/libdrivers__counter.a(counter_ll_stm32_rtc.c.obj)
 .text.sync_timer_handler
                0x000000000800c654       0x30 zephyr/drivers/counter/libdrivers__counter.a(maxim_ds3231.c.obj)
 .text.validate_isw_monitoring
                0x000000000800c684       0xa0 zephyr/drivers/counter/libdrivers__counter.a(maxim_ds3231.c.obj)
 .text.alarm_worker
                0x000000000800c724       0xf8 zephyr/drivers/counter/libdrivers__counter.a(maxim_ds3231.c.obj)
 .text.ds3231_counter_set_alarm
                0x000000000800c81c       0xb8 zephyr/drivers/counter/libdrivers__counter.a(maxim_ds3231.c.obj)
                0x000000000800c81c                ds3231_counter_set_alarm
 .text.sync_worker
                0x000000000800c8d4      0x218 zephyr/drivers/counter/libdrivers__counter.a(maxim_ds3231.c.obj)
 .text.ds3231_init
                0x000000000800caec      0x188 zephyr/drivers/counter/libdrivers__counter.a(maxim_ds3231.c.obj)
 .text.uart_console_init
                0x000000000800cc74       0x30 zephyr/drivers/console/libdrivers__console.a(uart_console.c.obj)
 .text.console_out
                0x000000000800cca4       0x28 zephyr/drivers/console/libdrivers__console.a(uart_console.c.obj)
 .text.gpio_stm32_init
                0x000000000800cccc       0x30 zephyr/drivers/gpio/libdrivers__gpio.a(gpio_stm32.c.obj)
 .text.gpio_stm32_pin_interrupt_configure
                0x000000000800ccfc       0xec zephyr/drivers/gpio/libdrivers__gpio.a(gpio_stm32.c.obj)
 .text.msg_init
                0x000000000800cde8       0x9c zephyr/drivers/i2c/libdrivers__i2c.a(i2c_ll_stm32_v2.c.obj)
 .text.stm32_i2c_configure_timing
                0x000000000800ce84      0x15c zephyr/drivers/i2c/libdrivers__i2c.a(i2c_ll_stm32_v2.c.obj)
                0x000000000800ce84                stm32_i2c_configure_timing
 .text.i2c_stm32_runtime_configure
                0x000000000800cfe0       0xa0 zephyr/drivers/i2c/libdrivers__i2c.a(i2c_ll_stm32.c.obj)
                0x000000000800cfe0                i2c_stm32_runtime_configure
 .text.i2c_stm32_init
                0x000000000800d080      0x140 zephyr/drivers/i2c/libdrivers__i2c.a(i2c_ll_stm32.c.obj)
 .text.bme280_channel_get
                0x000000000800d1c0       0x64 zephyr/drivers/sensor/bme280/libdrivers__sensor__bme280.a(bme280.c.obj)
 .text.sht3xd_channel_get
                0x000000000800d224       0x80 zephyr/drivers/sensor/sht3xd/libdrivers__sensor__sht3xd.a(sht3xd.c.obj)
 .text.z_log_msg2_runtime_create.constprop.0
                0x000000000800d2a4       0x24 zephyr/drivers/sensor/sht3xd/libdrivers__sensor__sht3xd.a(sht3xd.c.obj)
 .text.sht3xd_init
                0x000000000800d2c8       0x70 zephyr/drivers/sensor/sht3xd/libdrivers__sensor__sht3xd.a(sht3xd.c.obj)
 .text.spi_stm32_init
                0x000000000800d338      0x120 zephyr/drivers/spi/libdrivers__spi.a(spi_ll_stm32.c.obj)
 .text.spi_stm32_transceive
                0x000000000800d458      0x57c zephyr/drivers/spi/libdrivers__spi.a(spi_ll_stm32.c.obj)
 .text.z_log_msg2_runtime_create.constprop.0
                0x000000000800d9d4       0x24 zephyr/drivers/spi/libdrivers__spi.a(spi_bitbang.c.obj)
 .text.spi_bitbang_init
                0x000000000800d9f8       0xc0 zephyr/drivers/spi/libdrivers__spi.a(spi_bitbang.c.obj)
                0x000000000800d9f8                spi_bitbang_init
 .text.spi_bitbang_transceive
                0x000000000800dab8      0x344 zephyr/drivers/spi/libdrivers__spi.a(spi_bitbang.c.obj)
 .text.z_log_msg2_runtime_create.constprop.0
                0x000000000800ddfc       0x24 zephyr/drivers/serial/libdrivers__serial.a(uart_stm32.c.obj)
 .text.lpuartdiv_calc
                0x000000000800de20       0x30 zephyr/drivers/serial/libdrivers__serial.a(uart_stm32.c.obj)
                0x000000000800de20                lpuartdiv_calc
 .text.uart_stm32_set_baudrate
                0x000000000800de50      0x108 zephyr/drivers/serial/libdrivers__serial.a(uart_stm32.c.obj)
 .text.uart_stm32_configure
                0x000000000800df58      0x144 zephyr/drivers/serial/libdrivers__serial.a(uart_stm32.c.obj)
 .text.uart_stm32_init
                0x000000000800e09c      0x110 zephyr/drivers/serial/libdrivers__serial.a(uart_stm32.c.obj)
 .text.elapsed  0x000000000800e1ac       0x3c zephyr/drivers/timer/libdrivers__timer.a(cortex_m_systick.c.obj)
 .text.sys_clock_driver_init
                0x000000000800e1e8       0x34 zephyr/drivers/timer/libdrivers__timer.a(cortex_m_systick.c.obj)
 .text.sys_clock_isr
                0x000000000800e21c       0x44 zephyr/drivers/timer/libdrivers__timer.a(cortex_m_systick.c.obj)
                0x000000000800e21c                sys_clock_isr
 .text.sys_clock_set_timeout
                0x000000000800e260       0xdc zephyr/drivers/timer/libdrivers__timer.a(cortex_m_systick.c.obj)
                0x000000000800e260                sys_clock_set_timeout
 .text.sys_clock_elapsed
                0x000000000800e33c       0x3c zephyr/drivers/timer/libdrivers__timer.a(cortex_m_systick.c.obj)
                0x000000000800e33c                sys_clock_elapsed
 .text.sys_clock_cycle_get_32
                0x000000000800e378       0x2c zephyr/drivers/timer/libdrivers__timer.a(cortex_m_systick.c.obj)
                0x000000000800e378                sys_clock_cycle_get_32
 .text.pinctrl_configure_pins
                0x000000000800e3a4       0x7c zephyr/drivers/pinctrl/libdrivers__pinctrl.a(pinctrl_stm32.c.obj)
                0x000000000800e3a4                pinctrl_configure_pins
 .text.get_ldnumber
                0x000000000800e420       0x80 modules/fatfs/lib..__modules__fs__fatfs.a(ff.c.obj)
 .text.check_fs
                0x000000000800e4a0       0xac modules/fatfs/lib..__modules__fs__fatfs.a(ff.c.obj)
 .text.mount_volume
                0x000000000800e54c      0x244 modules/fatfs/lib..__modules__fs__fatfs.a(ff.c.obj)
 .text.follow_path
                0x000000000800e790      0x18c modules/fatfs/lib..__modules__fs__fatfs.a(ff.c.obj)
 .text.f_mount  0x000000000800e91c       0x48 modules/fatfs/lib..__modules__fs__fatfs.a(ff.c.obj)
                0x000000000800e91c                f_mount
 .text.f_mkfs   0x000000000800e964      0x6f8 modules/fatfs/lib..__modules__fs__fatfs.a(ff.c.obj)
                0x000000000800e964                f_mkfs
 .text.disk_status
                0x000000000800f05c       0x18 modules/fatfs/lib..__modules__fs__fatfs.a(zfs_diskio.c.obj)
                0x000000000800f05c                disk_status
 .text.disk_initialize
                0x000000000800f074       0x18 modules/fatfs/lib..__modules__fs__fatfs.a(zfs_diskio.c.obj)
                0x000000000800f074                disk_initialize
 .text.disk_read
                0x000000000800f08c       0x18 modules/fatfs/lib..__modules__fs__fatfs.a(zfs_diskio.c.obj)
                0x000000000800f08c                disk_read
 .text.disk_write
                0x000000000800f0a4       0x18 modules/fatfs/lib..__modules__fs__fatfs.a(zfs_diskio.c.obj)
                0x000000000800f0a4                disk_write
 .text.disk_ioctl
                0x000000000800f0bc       0x5c modules/fatfs/lib..__modules__fs__fatfs.a(zfs_diskio.c.obj)
                0x000000000800f0bc                disk_ioctl
 .text.LL_RTC_DeInit
                0x000000000800f118       0x64 modules/stm32/stm32cube/lib..__modules__hal__stm32__stm32cube.a(stm32wlxx_ll_rtc.c.obj)
                0x000000000800f118                LL_RTC_DeInit
 .text.LL_SetFlashLatency
                0x000000000800f17c       0xa4 modules/stm32/stm32cube/lib..__modules__hal__stm32__stm32cube.a(stm32wlxx_ll_utils.c.obj)
                0x000000000800f17c                LL_SetFlashLatency
 .text.UTILS_EnablePLLAndSwitchSystem
                0x000000000800f220       0xf8 modules/stm32/stm32cube/lib..__modules__hal__stm32__stm32cube.a(stm32wlxx_ll_utils.c.obj)
 .text.LL_PLL_ConfigSystemClock_HSI
                0x000000000800f318       0x80 modules/stm32/stm32cube/lib..__modules__hal__stm32__stm32cube.a(stm32wlxx_ll_utils.c.obj)
                0x000000000800f318                LL_PLL_ConfigSystemClock_HSI
 .text.z_sys_init_run_level
                0x000000000800f398       0x40 zephyr/kernel/libkernel.a(device.c.obj)
                0x000000000800f398                z_sys_init_run_level
 .text.z_impl_device_get_binding
                0x000000000800f3d8       0x54 zephyr/kernel/libkernel.a(device.c.obj)
                0x000000000800f3d8                z_impl_device_get_binding
 .text.z_impl_z_errno
                0x000000000800f42c        0xc zephyr/kernel/libkernel.a(errno.c.obj)
                0x000000000800f42c                z_impl_z_errno
 .text.k_sys_fatal_error_handler
                0x000000000800f438       0x30 zephyr/kernel/libkernel.a(fatal.c.obj)
                0x000000000800f438                k_sys_fatal_error_handler
 .text.z_fatal_error
                0x000000000800f468       0xc8 zephyr/kernel/libkernel.a(fatal.c.obj)
                0x000000000800f468                z_fatal_error
 .text.bg_thread_main
                0x000000000800f530       0x34 zephyr/kernel/libkernel.a(init.c.obj)
 .text.z_bss_zero
                0x000000000800f564       0x18 zephyr/kernel/libkernel.a(init.c.obj)
                0x000000000800f564                z_bss_zero
 .text.z_init_cpu
                0x000000000800f57c       0x70 zephyr/kernel/libkernel.a(init.c.obj)
                0x000000000800f57c                z_init_cpu
 .text.z_cstart
                0x000000000800f5ec       0xd8 zephyr/kernel/libkernel.a(init.c.obj)
                0x000000000800f5ec                z_cstart
 .text.init_mem_slab_module
                0x000000000800f6c4       0x44 zephyr/kernel/libkernel.a(mem_slab.c.obj)
 .text.k_mem_slab_alloc
                0x000000000800f708       0x5c zephyr/kernel/libkernel.a(mem_slab.c.obj)
                0x000000000800f708                k_mem_slab_alloc
 .text.z_setup_new_thread
                0x000000000800f764       0x64 zephyr/kernel/libkernel.a(thread.c.obj)
                0x000000000800f764                z_setup_new_thread
 .text.z_impl_k_thread_create
                0x000000000800f7c8       0x58 zephyr/kernel/libkernel.a(thread.c.obj)
                0x000000000800f7c8                z_impl_k_thread_create
 .text.z_init_static_threads
                0x000000000800f820       0x98 zephyr/kernel/libkernel.a(thread.c.obj)
                0x000000000800f820                z_init_static_threads
 .text.z_impl_k_mutex_lock
                0x000000000800f8b8       0xf0 zephyr/kernel/libkernel.a(mutex.c.obj)
                0x000000000800f8b8                z_impl_k_mutex_lock
 .text.z_impl_k_mutex_unlock
                0x000000000800f9a8       0x84 zephyr/kernel/libkernel.a(mutex.c.obj)
                0x000000000800f9a8                z_impl_k_mutex_unlock
 .text.z_impl_k_sem_give
                0x000000000800fa2c       0x4c zephyr/kernel/libkernel.a(sem.c.obj)
                0x000000000800fa2c                z_impl_k_sem_give
 .text.z_impl_k_sem_take
                0x000000000800fa78       0x50 zephyr/kernel/libkernel.a(sem.c.obj)
                0x000000000800fa78                z_impl_k_sem_take
 .text.work_queue_main
                0x000000000800fac8      0x12c zephyr/kernel/libkernel.a(work.c.obj)
 .text.submit_to_queue_locked
                0x000000000800fbf4       0xa0 zephyr/kernel/libkernel.a(work.c.obj)
 .text.k_work_submit
                0x000000000800fc94        0xc zephyr/kernel/libkernel.a(work.c.obj)
                0x000000000800fc94                k_work_submit
 .text.k_work_queue_start
                0x000000000800fca0       0x70 zephyr/kernel/libkernel.a(work.c.obj)
                0x000000000800fca0                k_work_queue_start
 .text.z_reset_time_slice
                0x000000000800fd10       0x28 zephyr/kernel/libkernel.a(sched.c.obj)
                0x000000000800fd10                z_reset_time_slice
 .text.k_sched_time_slice_set
                0x000000000800fd38       0x50 zephyr/kernel/libkernel.a(sched.c.obj)
                0x000000000800fd38                k_sched_time_slice_set
 .text.z_reschedule
                0x000000000800fd88       0x24 zephyr/kernel/libkernel.a(sched.c.obj)
                0x000000000800fd88                z_reschedule
 .text.k_sched_lock
                0x000000000800fdac       0x28 zephyr/kernel/libkernel.a(sched.c.obj)
                0x000000000800fdac                k_sched_lock
 .text.update_cache
                0x000000000800fdd4       0x40 zephyr/kernel/libkernel.a(sched.c.obj)
 .text.move_thread_to_end_of_prio_q
                0x000000000800fe14       0x74 zephyr/kernel/libkernel.a(sched.c.obj)
 .text.z_time_slice
                0x000000000800fe88       0x84 zephyr/kernel/libkernel.a(sched.c.obj)
                0x000000000800fe88                z_time_slice
 .text.ready_thread
                0x000000000800ff0c       0x6c zephyr/kernel/libkernel.a(sched.c.obj)
 .text.z_sched_start
                0x000000000800ff78       0x3c zephyr/kernel/libkernel.a(sched.c.obj)
                0x000000000800ff78                z_sched_start
 .text.unready_thread
                0x000000000800ffb4       0x30 zephyr/kernel/libkernel.a(sched.c.obj)
 .text.pend     0x000000000800ffe4       0x4c zephyr/kernel/libkernel.a(sched.c.obj)
 .text.z_pend_curr
                0x0000000008010030       0x28 zephyr/kernel/libkernel.a(sched.c.obj)
                0x0000000008010030                z_pend_curr
 .text.z_set_prio
                0x0000000008010058       0x90 zephyr/kernel/libkernel.a(sched.c.obj)
                0x0000000008010058                z_set_prio
 .text.z_impl_k_thread_suspend
                0x00000000080100e8       0x64 zephyr/kernel/libkernel.a(sched.c.obj)
                0x00000000080100e8                z_impl_k_thread_suspend
 .text.k_sched_unlock
                0x000000000801014c       0x38 zephyr/kernel/libkernel.a(sched.c.obj)
                0x000000000801014c                k_sched_unlock
 .text.z_sched_init
                0x0000000008010184       0x18 zephyr/kernel/libkernel.a(sched.c.obj)
                0x0000000008010184                z_sched_init
 .text.z_impl_k_yield
                0x000000000801019c       0x80 zephyr/kernel/libkernel.a(sched.c.obj)
                0x000000000801019c                z_impl_k_yield
 .text.z_tick_sleep
                0x000000000801021c       0x90 zephyr/kernel/libkernel.a(sched.c.obj)
 .text.z_impl_k_sleep
                0x00000000080102ac       0x30 zephyr/kernel/libkernel.a(sched.c.obj)
                0x00000000080102ac                z_impl_k_sleep
 .text.z_impl_z_current_get
                0x00000000080102dc        0xc zephyr/kernel/libkernel.a(sched.c.obj)
                0x00000000080102dc                z_impl_z_current_get
 .text.z_impl_k_is_preempt_thread
                0x00000000080102e8       0x20 zephyr/kernel/libkernel.a(sched.c.obj)
                0x00000000080102e8                z_impl_k_is_preempt_thread
 .text.z_thread_abort
                0x0000000008010308       0xa4 zephyr/kernel/libkernel.a(sched.c.obj)
                0x0000000008010308                z_thread_abort
 .text.z_sched_wait
                0x00000000080103ac       0x24 zephyr/kernel/libkernel.a(sched.c.obj)
                0x00000000080103ac                z_sched_wait
 .text.z_data_copy
                0x00000000080103d0       0x34 zephyr/kernel/libkernel.a(xip.c.obj)
                0x00000000080103d0                z_data_copy
 .text.elapsed  0x0000000008010404       0x14 zephyr/kernel/libkernel.a(timeout.c.obj)
 .text.next_timeout
                0x0000000008010418       0x4c zephyr/kernel/libkernel.a(timeout.c.obj)
 .text.remove_timeout
                0x0000000008010464       0x34 zephyr/kernel/libkernel.a(timeout.c.obj)
 .text.z_add_timeout
                0x0000000008010498       0xf4 zephyr/kernel/libkernel.a(timeout.c.obj)
                0x0000000008010498                z_add_timeout
 .text.sys_clock_announce
                0x000000000801058c       0xb8 zephyr/kernel/libkernel.a(timeout.c.obj)
                0x000000000801058c                sys_clock_announce
 .text.sys_clock_tick_get
                0x0000000008010644       0x30 zephyr/kernel/libkernel.a(timeout.c.obj)
                0x0000000008010644                sys_clock_tick_get
 .text.z_impl_k_busy_wait
                0x0000000008010674       0x30 zephyr/kernel/libkernel.a(timeout.c.obj)
                0x0000000008010674                z_impl_k_busy_wait
 .text.z_timer_expiration_handler
                0x00000000080106a4       0x8c zephyr/kernel/libkernel.a(timer.c.obj)
                0x00000000080106a4                z_timer_expiration_handler
 .text.z_impl_k_timer_start
                0x0000000008010730       0xa4 zephyr/kernel/libkernel.a(timer.c.obj)
                0x0000000008010730                z_impl_k_timer_start
 .text.z_impl_k_poll
                0x00000000080107d4       0xb8 zephyr/kernel/libkernel.a(poll.c.obj)
                0x00000000080107d4                z_impl_k_poll
 .text.z_impl_k_poll_signal_raise
                0x000000000801088c       0x50 zephyr/kernel/libkernel.a(poll.c.obj)
                0x000000000801088c                z_impl_k_poll_signal_raise
 .text.k_thread_system_pool_assign
                0x00000000080108dc        0xc zephyr/kernel/libkernel.a(mempool.c.obj)
                0x00000000080108dc                k_thread_system_pool_assign
 .text.boot_banner
                0x00000000080108e8       0x18 zephyr/kernel/libkernel.a(banner.c.obj)
                0x00000000080108e8                boot_banner
 .text.statics_init
                0x0000000008010900       0x24 zephyr/kernel/libkernel.a(kheap.c.obj)
 .text.k_sys_work_q_init
                0x0000000008010924       0x34 zephyr/kernel/libkernel.a(system_work_q.c.obj)
 .text.gmtime_r
                0x0000000008010958      0x15c /usr/local/zephyr-sdk/arm-zephyr-eabi/arm-zephyr-eabi/lib/thumb/v7e-m/nofp/libc_nano.a(lib_a-gmtime_r.o)
                0x0000000008010958                gmtime_r
 .text.free     0x0000000008010ab4       0x10 /usr/local/zephyr-sdk/arm-zephyr-eabi/arm-zephyr-eabi/lib/thumb/v7e-m/nofp/libc_nano.a(lib_a-malloc.o)
                0x0000000008010ab4                free
 .text._free_r  0x0000000008010ac4       0x94 /usr/local/zephyr-sdk/arm-zephyr-eabi/arm-zephyr-eabi/lib/thumb/v7e-m/nofp/libc_nano.a(lib_a-nano-freer.o)
                0x0000000008010ac4                _free_r
 .text._malloc_r
                0x0000000008010b58       0xb4 /usr/local/zephyr-sdk/arm-zephyr-eabi/arm-zephyr-eabi/lib/thumb/v7e-m/nofp/libc_nano.a(lib_a-nano-mallocr.o)
                0x0000000008010b58                _malloc_r
 .text._sbrk_r  0x0000000008010c0c       0x20 /usr/local/zephyr-sdk/arm-zephyr-eabi/arm-zephyr-eabi/lib/thumb/v7e-m/nofp/libc_nano.a(lib_a-sbrkr.o)
                0x0000000008010c0c                _sbrk_r
 .text.iso_year_adjust
                0x0000000008010c2c       0xc4 /usr/local/zephyr-sdk/arm-zephyr-eabi/arm-zephyr-eabi/lib/thumb/v7e-m/nofp/libc_nano.a(lib_a-strftime.o)
 .text.__strftime.isra.0
                0x0000000008010cf0      0x9a8 /usr/local/zephyr-sdk/arm-zephyr-eabi/arm-zephyr-eabi/lib/thumb/v7e-m/nofp/libc_nano.a(lib_a-strftime.o)
 .text._strtoul_l.constprop.0
                0x0000000008011698       0xe4 /usr/local/zephyr-sdk/arm-zephyr-eabi/arm-zephyr-eabi/lib/thumb/v7e-m/nofp/libc_nano.a(lib_a-strtoul.o)
 .text.strtoul  0x000000000801177c       0x14 /usr/local/zephyr-sdk/arm-zephyr-eabi/arm-zephyr-eabi/lib/thumb/v7e-m/nofp/libc_nano.a(lib_a-strtoul.o)
                0x000000000801177c                strtoul
 .text.__tz_lock
                0x0000000008011790        0xc /usr/local/zephyr-sdk/arm-zephyr-eabi/arm-zephyr-eabi/lib/thumb/v7e-m/nofp/libc_nano.a(lib_a-tzlock.o)
                0x0000000008011790                __tz_lock
 .text.__tz_unlock
                0x000000000801179c        0xc /usr/local/zephyr-sdk/arm-zephyr-eabi/arm-zephyr-eabi/lib/thumb/v7e-m/nofp/libc_nano.a(lib_a-tzlock.o)
                0x000000000801179c                __tz_unlock
 .text._tzset_unlocked
                0x00000000080117a8        0xc /usr/local/zephyr-sdk/arm-zephyr-eabi/arm-zephyr-eabi/lib/thumb/v7e-m/nofp/libc_nano.a(lib_a-tzset.o)
                0x00000000080117a8                _tzset_unlocked
 .text._tzset_unlocked_r
                0x00000000080117b4      0x300 /usr/local/zephyr-sdk/arm-zephyr-eabi/arm-zephyr-eabi/lib/thumb/v7e-m/nofp/libc_nano.a(lib_a-tzset_r.o)
                0x00000000080117b4                _tzset_unlocked_r
 .text._findenv_r
                0x0000000008011ab4       0x78 /usr/local/zephyr-sdk/arm-zephyr-eabi/arm-zephyr-eabi/lib/thumb/v7e-m/nofp/libc_nano.a(lib_a-getenv_r.o)
                0x0000000008011ab4                _findenv_r
 .text.__gettzinfo
                0x0000000008011b2c        0x8 /usr/local/zephyr-sdk/arm-zephyr-eabi/arm-zephyr-eabi/lib/thumb/v7e-m/nofp/libc_nano.a(lib_a-gettzinfo.o)
                0x0000000008011b2c                __gettzinfo
 .text.__malloc_lock
                0x0000000008011b34        0xc /usr/local/zephyr-sdk/arm-zephyr-eabi/arm-zephyr-eabi/lib/thumb/v7e-m/nofp/libc_nano.a(lib_a-mlock.o)
                0x0000000008011b34                __malloc_lock
 .text.__malloc_unlock
                0x0000000008011b40        0xc /usr/local/zephyr-sdk/arm-zephyr-eabi/arm-zephyr-eabi/lib/thumb/v7e-m/nofp/libc_nano.a(lib_a-mlock.o)
                0x0000000008011b40                __malloc_unlock
 .text._printf_i
                0x0000000008011b4c      0x24c /usr/local/zephyr-sdk/arm-zephyr-eabi/arm-zephyr-eabi/lib/thumb/v7e-m/nofp/libc_nano.a(lib_a-nano-vfprintf_i.o)
                0x0000000008011b4c                _printf_i
 .text.snprintf
                0x0000000008011d98       0x68 /usr/local/zephyr-sdk/arm-zephyr-eabi/arm-zephyr-eabi/lib/thumb/v7e-m/nofp/libc_nano.a(lib_a-snprintf.o)
                0x0000000008011d98                snprintf
                0x0000000008011d98                sniprintf
 .text.sscanf   0x0000000008011e00       0x54 /usr/local/zephyr-sdk/arm-zephyr-eabi/arm-zephyr-eabi/lib/thumb/v7e-m/nofp/libc_nano.a(lib_a-sscanf.o)
                0x0000000008011e00                sscanf
                0x0000000008011e00                siscanf
 .text.__tzcalc_limits
                0x0000000008011e54      0x14c /usr/local/zephyr-sdk/arm-zephyr-eabi/arm-zephyr-eabi/lib/thumb/v7e-m/nofp/libc_nano.a(lib_a-tzcalc_limits.o)
                0x0000000008011e54                __tzcalc_limits
 .text.__env_lock
                0x0000000008011fa0        0xc /usr/local/zephyr-sdk/arm-zephyr-eabi/arm-zephyr-eabi/lib/thumb/v7e-m/nofp/libc_nano.a(lib_a-envlock.o)
                0x0000000008011fa0                __env_lock
 .text.__env_unlock
                0x0000000008011fac        0xc /usr/local/zephyr-sdk/arm-zephyr-eabi/arm-zephyr-eabi/lib/thumb/v7e-m/nofp/libc_nano.a(lib_a-envlock.o)
                0x0000000008011fac                __env_unlock
 .text._svfprintf_r
                0x0000000008011fb8      0x200 /usr/local/zephyr-sdk/arm-zephyr-eabi/arm-zephyr-eabi/lib/thumb/v7e-m/nofp/libc_nano.a(lib_a-nano-svfprintf.o)
                0x0000000008011fb8                _svfprintf_r
                0x0000000008011fb8                _svfiprintf_r
 .text.__ssvfscanf_r
                0x00000000080121b8      0x2f0 /usr/local/zephyr-sdk/arm-zephyr-eabi/arm-zephyr-eabi/lib/thumb/v7e-m/nofp/libc_nano.a(lib_a-nano-svfscanf.o)
                0x00000000080121b8                __ssvfscanf_r
                0x00000000080121b8                __ssvfiscanf_r
 .text._scanf_chars
                0x00000000080124a8       0xb4 /usr/local/zephyr-sdk/arm-zephyr-eabi/arm-zephyr-eabi/lib/thumb/v7e-m/nofp/libc_nano.a(lib_a-nano-vfscanf_i.o)
                0x00000000080124a8                _scanf_chars
 .text._scanf_i
                0x000000000801255c      0x1f0 /usr/local/zephyr-sdk/arm-zephyr-eabi/arm-zephyr-eabi/lib/thumb/v7e-m/nofp/libc_nano.a(lib_a-nano-vfscanf_i.o)
                0x000000000801255c                _scanf_i
 .text._strtol_l.constprop.0
                0x000000000801274c       0xf8 /usr/local/zephyr-sdk/arm-zephyr-eabi/arm-zephyr-eabi/lib/thumb/v7e-m/nofp/libc_nano.a(lib_a-strtol.o)
 .text._OffsetAbsSyms
                0x0000000008012844        0x2 zephyr/CMakeFiles/offsets.dir/./arch/arm/core/offsets/offsets.c.obj
                0x0000000008012844                _OffsetAbsSyms
 .text.z_log_msg2_static_create.constprop.0
                0x0000000008012846        0x6 app/libapp.a(file_system.c.obj)
 .text.z_log_msg2_runtime_create.constprop.0
                0x000000000801284c       0x1e app/libapp.a(file_system.c.obj)
 .text.k_msleep.isra.0
                0x000000000801286a        0xa app/libapp.a(gas_sensors.c.obj)
 .text.i2c_write.isra.0
                0x0000000008012874       0x1a app/libapp.a(gas_sensors.c.obj)
 .text.z_log_msg2_static_create.constprop.0
                0x000000000801288e        0x6 app/libapp.a(main.c.obj)
 .text.z_log_msg2_runtime_create.constprop.0
                0x0000000008012894       0x1e app/libapp.a(main.c.obj)
 .text.gpio_pin_set_dt.isra.0
                0x00000000080128b2       0x28 app/libapp.a(main.c.obj)
 .text.gpio_pin_configure.isra.0
                0x00000000080128da       0x34 app/libapp.a(main.c.obj)
 .text.k_msleep.isra.0
                0x000000000801290e        0xa app/libapp.a(main.c.obj)
 .text.z_log_msg2_static_create.constprop.0
                0x0000000008012918        0x6 app/libapp.a(opc.c.obj)
 .text.z_log_msg2_runtime_create.constprop.0
                0x000000000801291e       0x20 app/libapp.a(opc.c.obj)
 .text.gpio_pin_set.isra.0
                0x000000000801293e       0x20 app/libapp.a(opc.c.obj)
 .text.gpio_pin_configure.isra.0
                0x000000000801295e       0x1a app/libapp.a(opc.c.obj)
 .text.k_usleep.isra.0
                0x0000000008012978        0x4 app/libapp.a(opc.c.obj)
 .text.k_msleep.isra.0
                0x000000000801297c        0xa app/libapp.a(opc.c.obj)
 .text.z_log_msg2_runtime_create.constprop.0
                0x0000000008012986       0x1e app/libapp.a(time_system.c.obj)
 .text.str_out  0x00000000080129a4       0x10 zephyr/libzephyr.a(cbprintf.c.obj)
 .text.snprintfcb
                0x00000000080129b4       0x1a zephyr/libzephyr.a(cbprintf.c.obj)
                0x00000000080129b4                snprintfcb