Archive member included to satisfy reference by file (symbol)

app/libapp.a(ambient_sensors.c.obj)
                              (--whole-archive)
app/libapp.a(file_system.c.obj)
                              (--whole-archive)
app/libapp.a(gas_sensors.c.obj)
                              (--whole-archive)
app/libapp.a(main.c.obj)      (--whole-archive)
app/libapp.a(opc.c.obj)       (--whole-archive)
app/libapp.a(time_system.c.obj)
                              (--whole-archive)
zephyr/libzephyr.a(cbprintf.c.obj)
                              (--whole-archive)
zephyr/libzephyr.a(cbprintf_packaged.c.obj)
                              (--whole-archive)
zephyr/libzephyr.a(crc32c_sw.c.obj)
                              (--whole-archive)
zephyr/libzephyr.a(crc32_sw.c.obj)
                              (--whole-archive)
zephyr/libzephyr.a(crc16_sw.c.obj)
                              (--whole-archive)
zephyr/libzephyr.a(crc8_sw.c.obj)
                              (--whole-archive)
zephyr/libzephyr.a(crc7_sw.c.obj)
                              (--whole-archive)
zephyr/libzephyr.a(dec.c.obj)
                              (--whole-archive)
zephyr/libzephyr.a(fdtable.c.obj)
                              (--whole-archive)
zephyr/libzephyr.a(hex.c.obj)
                              (--whole-archive)
zephyr/libzephyr.a(notify.c.obj)
                              (--whole-archive)
zephyr/libzephyr.a(printk.c.obj)
                              (--whole-archive)
zephyr/libzephyr.a(onoff.c.obj)
                              (--whole-archive)
zephyr/libzephyr.a(rb.c.obj)  (--whole-archive)
zephyr/libzephyr.a(sem.c.obj)
                              (--whole-archive)
zephyr/libzephyr.a(thread_entry.c.obj)
                              (--whole-archive)
zephyr/libzephyr.a(timeutil.c.obj)
                              (--whole-archive)
zephyr/libzephyr.a(heap.c.obj)
                              (--whole-archive)
zephyr/libzephyr.a(heap-validate.c.obj)
                              (--whole-archive)
zephyr/libzephyr.a(bitarray.c.obj)
                              (--whole-archive)
zephyr/libzephyr.a(multi_heap.c.obj)
                              (--whole-archive)
zephyr/libzephyr.a(cbprintf_complete.c.obj)
                              (--whole-archive)
zephyr/libzephyr.a(mpsc_pbuf.c.obj)
                              (--whole-archive)
zephyr/libzephyr.a(configs.c.obj)
                              (--whole-archive)
zephyr/libzephyr.a(soc.c.obj)
                              (--whole-archive)
zephyr/libzephyr.a(stm32cube_hal.c.obj)
                              (--whole-archive)
zephyr/libzephyr.a(soc_config.c.obj)
                              (--whole-archive)
zephyr/libzephyr.a(log_list.c.obj)
                              (--whole-archive)
zephyr/libzephyr.a(log_core.c.obj)
                              (--whole-archive)
zephyr/libzephyr.a(log_mgmt.c.obj)
                              (--whole-archive)
zephyr/libzephyr.a(log_msg.c.obj)
                              (--whole-archive)
zephyr/libzephyr.a(log_output.c.obj)
                              (--whole-archive)
zephyr/libzephyr.a(log_msg2.c.obj)
                              (--whole-archive)
zephyr/libzephyr.a(log_backend_uart.c.obj)
                              (--whole-archive)
zephyr/libzephyr.a(disk_access.c.obj)
                              (--whole-archive)
zephyr/libzephyr.a(tracing_none.c.obj)
                              (--whole-archive)
zephyr/arch/common/libarch__common.a(sw_isr_common.c.obj)
                              (--whole-archive)
zephyr/arch/arch/arm/core/aarch32/libarch__arm__core__aarch32.a(cpu_idle.S.obj)
                              (--whole-archive)
zephyr/arch/arch/arm/core/aarch32/libarch__arm__core__aarch32.a(fatal.c.obj)
                              (--whole-archive)
zephyr/arch/arch/arm/core/aarch32/libarch__arm__core__aarch32.a(irq_manage.c.obj)
                              (--whole-archive)
zephyr/arch/arch/arm/core/aarch32/libarch__arm__core__aarch32.a(nmi.c.obj)
                              (--whole-archive)
zephyr/arch/arch/arm/core/aarch32/libarch__arm__core__aarch32.a(nmi_on_reset.S.obj)
                              (--whole-archive)
zephyr/arch/arch/arm/core/aarch32/libarch__arm__core__aarch32.a(prep_c.c.obj)
                              (--whole-archive)
zephyr/arch/arch/arm/core/aarch32/libarch__arm__core__aarch32.a(swap.c.obj)
                              (--whole-archive)
zephyr/arch/arch/arm/core/aarch32/libarch__arm__core__aarch32.a(swap_helper.S.obj)
                              (--whole-archive)
zephyr/arch/arch/arm/core/aarch32/libarch__arm__core__aarch32.a(thread.c.obj)
                              (--whole-archive)
zephyr/arch/arch/arm/core/aarch32/libarch__arm__core__aarch32.a(isr_wrapper.S.obj)
                              (--whole-archive)
zephyr/arch/arch/arm/core/aarch32/cortex_m/libarch__arm__core__aarch32__cortex_m.a(exc_exit.S.obj)
                              (--whole-archive)
[...]
Memory Configuration

Name             Origin             Length             Attributes
FLASH            0x0000000008000000 0x0000000000040000 xr
SRAM             0x0000000020000000 0x0000000000010000 xw
IDT_LIST         0x00000000fffff7ff 0x0000000000000800 xw
*default*        0x0000000000000000 0xffffffffffffffff

Linker script and memory map

LOAD zephyr/CMakeFiles/zephyr_pre1.dir/misc/empty_file.c.obj
LOAD zephyr/CMakeFiles/zephyr_pre1.dir/dev_handles.c.obj
LOAD zephyr/CMakeFiles/offsets.dir/./arch/arm/core/offsets/offsets.c.obj
                0x0000000000000020                _region_min_align = 0x20

.rel.plt        0x0000000008000000        0x0
 *(SORT_BY_ALIGNMENT(.rel.plt))
                [!provide]                        PROVIDE (__rel_iplt_start = .)
 *(SORT_BY_ALIGNMENT(.rel.iplt))
 .rel.iplt      0x0000000008000000        0x0 app/libapp.a(ambient_sensors.c.obj)
                [!provide]                        PROVIDE (__rel_iplt_end = .)

.rela.plt       0x0000000000000000        0x0
 *(SORT_BY_ALIGNMENT(.rela.plt))
                [!provide]                        PROVIDE (__rela_iplt_start = .)
 *(SORT_BY_ALIGNMENT(.rela.iplt))
                [!provide]                        PROVIDE (__rela_iplt_end = .)

.rel.dyn
 *(SORT_BY_ALIGNMENT(.rel.*))

.rela.dyn
 *(SORT_BY_ALIGNMENT(.rela.*))

/DISCARD/
 *(SORT_BY_ALIGNMENT(.plt))
 *(SORT_BY_ALIGNMENT(.iplt))
 *(SORT_BY_ALIGNMENT(.got.plt))
 *(SORT_BY_ALIGNMENT(.igot.plt))
 *(SORT_BY_ALIGNMENT(.got))
 *(SORT_BY_ALIGNMENT(.igot))
 *(SORT_BY_ALIGNMENT(.note.GNU-stack))
                0x0000000008000000                __rom_region_start = 0x8000000

rom_start       0x0000000008000000      0x138
                0x0000000000000000                . = 0x0
                0x0000000000000000                . = ALIGN (0x4)
                0x0000000000000000                . = ALIGN (0x80)
                0x0000000000000000                . = ALIGN (0x200)
                0x0000000008000000                _vector_start = .
 *(SORT_BY_ALIGNMENT(.exc_vector_table))
 *(SORT_BY_ALIGNMENT(.exc_vector_table.*))
 .exc_vector_table._vector_table_section
                0x0000000008000000       0x40 zephyr/arch/arch/arm/core/aarch32/cortex_m/libarch__arm__core__aarch32__cortex_m.a(vector_table.S.obj)
                0x0000000008000000                _vector_table
 *(SORT_BY_ALIGNMENT(.gnu.linkonce.irq_vector_table*))
 .gnu.linkonce.irq_vector_table
                0x0000000008000040       0xf8 zephyr/arch/common/libisr_tables.a(isr_tables.c.obj)
                0x0000000008000040                _irq_vector_table
 *(SORT_BY_ALIGNMENT(.vectors))
                0x0000000008000138                _vector_end = .

text            0x0000000008000140    0x17a78
                0x0000000008000140                __text_region_start = .
 *(SORT_BY_ALIGNMENT(.text))
 .text          0x0000000008000140       0xa0 /usr/local/zephyr-sdk/arm-zephyr-eabi/arm-zephyr-eabi/lib/thumb/v7e-m/nofp/libc_nano.a(lib_a-memchr.o)
                0x0000000008000140                memchr
 .text          0x00000000080001e0      0x378 /usr/local/zephyr-sdk/arm-zephyr-eabi/bin/../lib/gcc/arm-zephyr-eabi/10.3.0/thumb/v7e-m/nofp/libgcc.a(_arm_addsubdf3.o)
                0x00000000080001e0                __aeabi_drsub
                0x00000000080001e8                __aeabi_dsub
                0x00000000080001e8                __subdf3
                0x00000000080001ec                __adddf3
                0x00000000080001ec                __aeabi_dadd
                0x0000000008000464                __aeabi_ui2d
                0x0000000008000464                __floatunsidf
                0x0000000008000484                __floatsidf
                0x0000000008000484                __aeabi_i2d
                0x00000000080004a8                __extendsfdf2
                0x00000000080004a8                __aeabi_f2d
                0x00000000080004ec                __aeabi_ul2d
                0x00000000080004ec                __floatundidf
                0x00000000080004fc                __floatdidf
                0x00000000080004fc                __aeabi_l2d
 .text          0x0000000008000558      0x424 /usr/local/zephyr-sdk/arm-zephyr-eabi/bin/../lib/gcc/arm-zephyr-eabi/10.3.0/thumb/v7e-m/nofp/libgcc.a(_arm_muldivdf3.o)
                0x0000000008000558                __aeabi_dmul
                0x0000000008000558                __muldf3
                0x00000000080007ac                __aeabi_ddiv
                0x00000000080007ac                __divdf3
 .text          0x000000000800097c       0x50 /usr/local/zephyr-sdk/arm-zephyr-eabi/bin/../lib/gcc/arm-zephyr-eabi/10.3.0/thumb/v7e-m/nofp/libgcc.a(_arm_fixdfsi.o)
                0x000000000800097c                __fixdfsi
                0x000000000800097c                __aeabi_d2iz
 .text          0x00000000080009cc       0xa0 /usr/local/zephyr-sdk/arm-zephyr-eabi/bin/../lib/gcc/arm-zephyr-eabi/10.3.0/thumb/v7e-m/nofp/libgcc.a(_arm_truncdfsf2.o)
                0x00000000080009cc                __aeabi_d2f
                0x00000000080009cc                __truncdfsf2
 .text          0x0000000008000a6c      0x21c /usr/local/zephyr-sdk/arm-zephyr-eabi/bin/../lib/gcc/arm-zephyr-eabi/10.3.0/thumb/v7e-m/nofp/libgcc.a(_arm_addsubsf3.o)
                0x0000000008000a6c                __aeabi_frsub
                0x0000000008000a74                __subsf3
                0x0000000008000a74                __aeabi_fsub
                0x0000000008000a78                __aeabi_fadd
                0x0000000008000a78                __addsf3
                0x0000000008000bd8                __aeabi_ui2f
                0x0000000008000bd8                __floatunsisf
                0x0000000008000be0                __aeabi_i2f
                0x0000000008000be0                __floatsisf
                0x0000000008000bfc                __floatundisf
                0x0000000008000bfc                __aeabi_ul2f
                0x0000000008000c0c                __floatdisf
                0x0000000008000c0c                __aeabi_l2f
 .text          0x0000000008000c88      0x2a0 /usr/local/zephyr-sdk/arm-zephyr-eabi/bin/../lib/gcc/arm-zephyr-eabi/10.3.0/thumb/v7e-m/nofp/libgcc.a(_arm_muldivsf3.o)
                0x0000000008000c88                __mulsf3
                0x0000000008000c88                __aeabi_fmul
                0x0000000008000df0                __divsf3
                0x0000000008000df0                __aeabi_fdiv
 .text          0x0000000008000f28       0xa0 /usr/local/zephyr-sdk/arm-zephyr-eabi/bin/../lib/gcc/arm-zephyr-eabi/10.3.0/thumb/v7e-m/nofp/libgcc.a(_aeabi_ldivmod.o)
                0x0000000008000f28                __aeabi_ldivmod
 .text          0x0000000008000fc8       0x30 /usr/local/zephyr-sdk/arm-zephyr-eabi/bin/../lib/gcc/arm-zephyr-eabi/10.3.0/thumb/v7e-m/nofp/libgcc.a(_aeabi_uldivmod.o)
                0x0000000008000fc8                __aeabi_uldivmod
 .text          0x0000000008000ff8        0x4 /usr/local/zephyr-sdk/arm-zephyr-eabi/bin/../lib/gcc/arm-zephyr-eabi/10.3.0/thumb/v7e-m/nofp/libgcc.a(_dvmd_tls.o)
                0x0000000008000ff8                __aeabi_ldiv0
                0x0000000008000ff8                __aeabi_idiv0
 .text          0x0000000008000ffc      0x110 /usr/local/zephyr-sdk/arm-zephyr-eabi/bin/../lib/gcc/arm-zephyr-eabi/10.3.0/thumb/v7e-m/nofp/libgcc.a(_arm_cmpdf2.o)
                0x0000000008000ffc                __gtdf2
                0x0000000008000ffc                __gedf2
                0x0000000008001004                __ltdf2
                0x0000000008001004                __ledf2
                0x000000000800100c                __cmpdf2
                0x000000000800100c                __eqdf2
                0x000000000800100c                __nedf2
                0x0000000008001088                __aeabi_cdrcmple
                0x0000000008001098                __aeabi_cdcmple
                0x0000000008001098                __aeabi_cdcmpeq
                0x00000000080010a8                __aeabi_dcmpeq
                0x00000000080010bc                __aeabi_dcmplt
                0x00000000080010d0                __aeabi_dcmple
                0x00000000080010e4                __aeabi_dcmpge
                0x00000000080010f8                __aeabi_dcmpgt
 .text          0x000000000800110c      0x2a6 /usr/local/zephyr-sdk/arm-zephyr-eabi/bin/../lib/gcc/arm-zephyr-eabi/10.3.0/thumb/v7e-m/nofp/libgcc.a(_udivmoddi4.o)
                0x000000000800110c                __udivmoddi4
 .text          0x00000000080013b2       0x14 /usr/local/zephyr-sdk/arm-zephyr-eabi/arm-zephyr-eabi/lib/thumb/v7e-m/nofp/libc_nano.a(lib_a-strcmp.o)
                0x00000000080013b2                strcmp
 .text          0x00000000080013c6       0x10 /usr/local/zephyr-sdk/arm-zephyr-eabi/arm-zephyr-eabi/lib/thumb/v7e-m/nofp/libc_nano.a(lib_a-strlen.o)
                0x00000000080013c6                strlen
 *(SORT_BY_ALIGNMENT(.text.*))
 *fill*         0x00000000080013d6        0x2 
 .text.ambient_sensors_read
                0x00000000080013d8      0x248 app/libapp.a(ambient_sensors.c.obj)
                0x00000000080013d8                ambient_sensors_read
 .text.floor    0x0000000008001620      0x100 /usr/local/zephyr-sdk/arm-zephyr-eabi/arm-zephyr-eabi/lib/thumb/v7e-m/nofp/libm_nano.a(lib_a-s_floor.o)
                0x0000000008001620                floor
 .text.get_bme280_device
                0x0000000008001720       0x78 app/libapp.a(ambient_sensors.c.obj)
                0x0000000008001720                get_bme280_device
 .text.save_data
                0x0000000008001798       0xdc app/libapp.a(file_system.c.obj)
                0x0000000008001798                save_data
 .text.lsdir    0x0000000008001874       0xb4 app/libapp.a(file_system.c.obj)
                0x0000000008001874                lsdir
 .text.init_and_mount_sdcard
                0x0000000008001928      0x110 app/libapp.a(file_system.c.obj)
                0x0000000008001928                init_and_mount_sdcard
 .text.gas_sensors_init
                0x0000000008001a38       0x7c app/libapp.a(gas_sensors.c.obj)
                0x0000000008001a38                gas_sensors_init
 .text.gas_sensors_read
                0x0000000008001ab4      0x248 app/libapp.a(gas_sensors.c.obj)
                0x0000000008001ab4                gas_sensors_read
 .text.lorwan_datarate_changed
                0x0000000008001cfc       0x3c app/libapp.a(main.c.obj)
 .text.dl_callback
                0x0000000008001d38       0x80 app/libapp.a(main.c.obj)
 .text.read_gas_and_ambient_sensors
                0x0000000008001db8       0xe0 app/libapp.a(main.c.obj)
                0x0000000008001db8                read_gas_and_ambient_sensors
 .text.count_particles
                0x0000000008001e98      0x100 app/libapp.a(main.c.obj)
                0x0000000008001e98                count_particles
 .text.send_data
                0x0000000008001f98      0x2cc app/libapp.a(main.c.obj)
                0x0000000008001f98                send_data
 .text.main     0x0000000008002264      0x158 app/libapp.a(main.c.obj)
                0x0000000008002264                main
 .text.spi_transceive.constprop.0.isra.0
                0x00000000080023bc       0x18 app/libapp.a(opc.c.obj)
 .text.opc_release
                0x00000000080023d4       0x94 app/libapp.a(opc.c.obj)
                0x00000000080023d4                opc_release
 .text.opc_init
                0x0000000008002468       0x4c app/libapp.a(opc.c.obj)
                0x0000000008002468                opc_init
 .text.opc_send_command
                0x00000000080024b4       0x90 app/libapp.a(opc.c.obj)
                0x00000000080024b4                opc_send_command
 .text.opc_start
                0x0000000008002544      0x17c app/libapp.a(opc.c.obj)
                0x0000000008002544                opc_start
 .text.opc_stop
                0x00000000080026c0      0x160 app/libapp.a(opc.c.obj)
                0x00000000080026c0                opc_stop
 .text.opc_read_histogram
                0x0000000008002820      0x368 app/libapp.a(opc.c.obj)
                0x0000000008002820                opc_read_histogram
 .text.vsnprintfcb
                0x0000000008002b88       0x2c zephyr/libzephyr.a(cbprintf.c.obj)
                0x0000000008002b88                vsnprintfcb
 .text.cbvprintf_package
                0x0000000008002bb4      0x46c zephyr/libzephyr.a(cbprintf_packaged.c.obj)
                0x0000000008002bb4                cbvprintf_package
 .text.char_out
                0x0000000008003020       0x10 zephyr/libzephyr.a(printk.c.obj)
 .text.__printk_hook_install
                0x0000000008003030        0xc zephyr/libzephyr.a(printk.c.obj)
                0x0000000008003030                __printk_hook_install
 .text.vprintk  0x000000000800303c       0x1c zephyr/libzephyr.a(printk.c.obj)
                0x000000000800303c                vprintk
 .text.vsnprintk
                0x0000000008003058       0x28 zephyr/libzephyr.a(printk.c.obj)
                0x0000000008003058                vsnprintk
 .text.timeutil_timegm64
                0x0000000008003080       0xf8 zephyr/libzephyr.a(timeutil.c.obj)
                0x0000000008003080                timeutil_timegm64
 .text.extract_decimal
                0x0000000008003178       0x28 zephyr/libzephyr.a(cbprintf_complete.c.obj)
 .text.encode_uint
                0x00000000080031a0       0x98 zephyr/libzephyr.a(cbprintf_complete.c.obj)
 .text.cbvprintf
                0x0000000008003238      0xcbc zephyr/libzephyr.a(cbprintf_complete.c.obj)
                0x0000000008003238                cbvprintf
 .text.stm32wl_init
                0x0000000008003ef4       0x40 zephyr/libzephyr.a(soc.c.obj)
 .text.enable_logger
                0x0000000008003f34       0x5c zephyr/libzephyr.a(log_core.c.obj)
 .text.log_process_thread_timer_expiry_fn
                0x0000000008003f90        0xc zephyr/libzephyr.a(log_core.c.obj)
 .text.log_format_func_t_get
                0x0000000008003f9c        0xc zephyr/libzephyr.a(log_core.c.obj)
                0x0000000008003f9c                log_format_func_t_get
 .text.log_init
                0x0000000008003fa8       0x58 zephyr/libzephyr.a(log_core.c.obj)
                0x0000000008003fa8                log_init
 .text.z_log_notify_backend_enabled
                0x0000000008004000       0x1c zephyr/libzephyr.a(log_core.c.obj)
                0x0000000008004000                z_log_notify_backend_enabled
 .text.z_log_dropped
                0x000000000800401c       0x3c zephyr/libzephyr.a(log_core.c.obj)
                0x000000000800401c                z_log_dropped
 .text.z_log_dropped_read_and_clear
                0x0000000008004058       0x20 zephyr/libzephyr.a(log_core.c.obj)
                0x0000000008004058                z_log_dropped_read_and_clear
 .text.dropped_notify
                0x0000000008004078       0x38 zephyr/libzephyr.a(log_core.c.obj)
                0x0000000008004078                dropped_notify
 .text.z_log_msg2_init
                0x00000000080040b0       0x10 zephyr/libzephyr.a(log_core.c.obj)
                0x00000000080040b0                z_log_msg2_init
 .text.log_core_init
                0x00000000080040c0       0x34 zephyr/libzephyr.a(log_core.c.obj)
                0x00000000080040c0                log_core_init
 .text.z_log_msg2_alloc
                0x00000000080040f4       0x10 zephyr/libzephyr.a(log_core.c.obj)
                0x00000000080040f4                z_log_msg2_alloc
 .text.z_log_msg2_claim
                0x0000000008004104        0xc zephyr/libzephyr.a(log_core.c.obj)
                0x0000000008004104                z_log_msg2_claim
 .text.z_log_msg2_free
                0x0000000008004110        0xc zephyr/libzephyr.a(log_core.c.obj)
                0x0000000008004110                z_log_msg2_free
 .text.z_log_msg2_pending
                0x000000000800411c        0xc zephyr/libzephyr.a(log_core.c.obj)
                0x000000000800411c                z_log_msg2_pending
 .text.z_impl_log_process
                0x0000000008004128       0x8c zephyr/libzephyr.a(log_core.c.obj)
                0x0000000008004128                z_impl_log_process
 .text.log_process_thread_func
                0x00000000080041b4       0x48 zephyr/libzephyr.a(log_core.c.obj)
 .text.z_log_msg_post_finalize
                0x00000000080041fc       0x8c zephyr/libzephyr.a(log_core.c.obj)
 .text.z_log_msg2_commit
                0x0000000008004288       0x24 zephyr/libzephyr.a(log_core.c.obj)
                0x0000000008004288                z_log_msg2_commit
 .text.z_impl_log_panic
                0x00000000080042ac       0x48 zephyr/libzephyr.a(log_core.c.obj)
                0x00000000080042ac                z_impl_log_panic
 .text.log_source_name_get
                0x00000000080042f4       0x1c zephyr/libzephyr.a(log_mgmt.c.obj)
                0x00000000080042f4                log_source_name_get
 .text.log_backend_enable
                0x0000000008004310       0x1c zephyr/libzephyr.a(log_mgmt.c.obj)
                0x0000000008004310                log_backend_enable
 .text.print_formatted
                0x000000000800432c       0x24 zephyr/libzephyr.a(log_output.c.obj)
 .text.hexdump_line_print
                0x0000000008004350       0xe4 zephyr/libzephyr.a(log_output.c.obj)
 .text.prefix_print
                0x0000000008004434      0x148 zephyr/libzephyr.a(log_output.c.obj)
 .text.postfix_print
                0x000000000800457c       0x3c zephyr/libzephyr.a(log_output.c.obj)
 .text.log_output_msg2_process
                0x00000000080045b8       0xc8 zephyr/libzephyr.a(log_output.c.obj)
                0x00000000080045b8                log_output_msg2_process
 .text.log_output_dropped_process
                0x0000000008004680       0x58 zephyr/libzephyr.a(log_output.c.obj)
                0x0000000008004680                log_output_dropped_process
 .text.log_output_timestamp_freq_set
                0x00000000080046d8       0x30 zephyr/libzephyr.a(log_output.c.obj)
                0x00000000080046d8                log_output_timestamp_freq_set
 .text.z_impl_z_log_msg2_runtime_vcreate
                0x0000000008004708       0x9c zephyr/libzephyr.a(log_msg2.c.obj)
                0x0000000008004708                z_impl_z_log_msg2_runtime_vcreate
 .text.char_out
                0x00000000080047a4       0x24 zephyr/libzephyr.a(log_backend_uart.c.obj)
 .text.format_set
                0x00000000080047c8        0xc zephyr/libzephyr.a(log_backend_uart.c.obj)
 .text.log_backend_uart_init
                0x00000000080047d4       0x10 zephyr/libzephyr.a(log_backend_uart.c.obj)
 .text.panic    0x00000000080047e4       0x14 zephyr/libzephyr.a(log_backend_uart.c.obj)
 .text.dropped  0x00000000080047f8        0xc zephyr/libzephyr.a(log_backend_uart.c.obj)
 .text.process  0x0000000008004804       0x24 zephyr/libzephyr.a(log_backend_uart.c.obj)
 .text.disk_init
                0x0000000008004828       0x1c zephyr/libzephyr.a(disk_access.c.obj)
 .text.disk_access_get_di
                0x0000000008004844       0x5c zephyr/libzephyr.a(disk_access.c.obj)
                0x0000000008004844                disk_access_get_di
 .text.disk_access_register
                0x00000000080048a0       0x70 zephyr/libzephyr.a(disk_access.c.obj)
                0x00000000080048a0                disk_access_register
 .text.z_arm_cpu_idle_init
                0x0000000008004910        0xc zephyr/arch/arch/arm/core/aarch32/libarch__arm__core__aarch32.a(cpu_idle.S.obj)
                0x0000000008004910                z_arm_cpu_idle_init
 .text.arch_cpu_idle
                0x000000000800491c       0x1c zephyr/arch/arch/arm/core/aarch32/libarch__arm__core__aarch32.a(cpu_idle.S.obj)
                0x000000000800491c                arch_cpu_idle
 .text.z_arm_fatal_error
                0x0000000008004938       0xc0 zephyr/arch/arch/arm/core/aarch32/libarch__arm__core__aarch32.a(fatal.c.obj)
                0x0000000008004938                z_arm_fatal_error
 .text.arch_irq_enable
                0x00000000080049f8       0x20 zephyr/arch/arch/arm/core/aarch32/libarch__arm__core__aarch32.a(irq_manage.c.obj)
                0x00000000080049f8                arch_irq_enable
 .text.arch_irq_disable
                0x0000000008004a18       0x28 zephyr/arch/arch/arm/core/aarch32/libarch__arm__core__aarch32.a(irq_manage.c.obj)
                0x0000000008004a18                arch_irq_disable
 .text.z_arm_irq_priority_set
                0x0000000008004a40       0x30 zephyr/arch/arch/arm/core/aarch32/libarch__arm__core__aarch32.a(irq_manage.c.obj)
                0x0000000008004a40                z_arm_irq_priority_set
 .text.z_SysNmiOnReset
                0x0000000008004a70        0x8 zephyr/arch/arch/arm/core/aarch32/libarch__arm__core__aarch32.a(nmi_on_reset.S.obj)
                0x0000000008004a70                z_SysNmiOnReset
 .text.z_arm_prep_c
                0x0000000008004a78       0x2c zephyr/arch/arch/arm/core/aarch32/libarch__arm__core__aarch32.a(prep_c.c.obj)
                0x0000000008004a78                z_arm_prep_c
 .text.arch_swap
                0x0000000008004aa4       0x34 zephyr/arch/arch/arm/core/aarch32/libarch__arm__core__aarch32.a(swap.c.obj)
                0x0000000008004aa4                arch_swap
 .text.z_arm_pendsv
                0x0000000008004ad8       0x54 zephyr/arch/arch/arm/core/aarch32/libarch__arm__core__aarch32.a(swap_helper.S.obj)
                0x0000000008004ad8                z_arm_pendsv
 .text.z_arm_svc
                0x0000000008004b2c       0x20 zephyr/arch/arch/arm/core/aarch32/libarch__arm__core__aarch32.a(swap_helper.S.obj)
                0x0000000008004b2c                z_arm_svc
 .text.arch_new_thread
                0x0000000008004b4c       0x38 zephyr/arch/arch/arm/core/aarch32/libarch__arm__core__aarch32.a(thread.c.obj)
                0x0000000008004b4c                arch_new_thread
 .text.z_check_thread_stack_fail
                0x0000000008004b84       0x2c zephyr/arch/arch/arm/core/aarch32/libarch__arm__core__aarch32.a(thread.c.obj)
                0x0000000008004b84                z_check_thread_stack_fail
 .text.arch_switch_to_main_thread
                0x0000000008004bb0       0x2c zephyr/arch/arch/arm/core/aarch32/libarch__arm__core__aarch32.a(thread.c.obj)
                0x0000000008004bb0                arch_switch_to_main_thread
 .text._isr_wrapper
                0x0000000008004bdc       0x28 zephyr/arch/arch/arm/core/aarch32/libarch__arm__core__aarch32.a(isr_wrapper.S.obj)
                0x0000000008004bdc                _isr_wrapper
 .text._HandlerModeExit
                0x0000000008004c04       0x1c zephyr/arch/arch/arm/core/aarch32/cortex_m/libarch__arm__core__aarch32__cortex_m.a(exc_exit.S.obj)
                0x0000000008004c04                z_arm_exc_exit
                0x0000000008004c04                z_arm_int_exit
 .text.bus_fault.constprop.0
                0x0000000008004c20      0x104 zephyr/arch/arch/arm/core/aarch32/cortex_m/libarch__arm__core__aarch32__cortex_m.a(fault.c.obj)
 .text.usage_fault.constprop.0
                0x0000000008004d24       0xf8 zephyr/arch/arch/arm/core/aarch32/cortex_m/libarch__arm__core__aarch32__cortex_m.a(fault.c.obj)
 .text.mem_manage_fault
                0x0000000008004e1c      0x120 zephyr/arch/arch/arm/core/aarch32/cortex_m/libarch__arm__core__aarch32__cortex_m.a(fault.c.obj)
 .text.z_log_msg2_runtime_create.constprop.0
                0x0000000008004f3c       0x24 zephyr/arch/arch/arm/core/aarch32/cortex_m/libarch__arm__core__aarch32__cortex_m.a(fault.c.obj)
 .text.z_arm_fault
                0x0000000008004f60      0x1f8 zephyr/arch/arch/arm/core/aarch32/cortex_m/libarch__arm__core__aarch32__cortex_m.a(fault.c.obj)
                0x0000000008004f60                z_arm_fault
 .text.z_arm_fault_init
                0x0000000008005158       0x10 zephyr/arch/arch/arm/core/aarch32/cortex_m/libarch__arm__core__aarch32__cortex_m.a(fault.c.obj)
                0x0000000008005158                z_arm_fault_init
 .text.__fault  0x0000000008005168       0x14 zephyr/arch/arch/arm/core/aarch32/cortex_m/libarch__arm__core__aarch32__cortex_m.a(fault_s.S.obj)
                0x0000000008005168                z_arm_bus_fault
                0x0000000008005168                z_arm_usage_fault
                0x0000000008005168                z_arm_mpu_fault
                0x0000000008005168                z_arm_exc_spurious
                0x0000000008005168                z_arm_debug_monitor
                0x0000000008005168                z_arm_hard_fault
 .text.z_arm_interrupt_init
                0x000000000800517c       0x18 zephyr/arch/arch/arm/core/aarch32/cortex_m/libarch__arm__core__aarch32__cortex_m.a(irq_init.c.obj)
                0x000000000800517c                z_arm_interrupt_init
 .text._reset_section
                0x0000000008005194       0x2c zephyr/arch/arch/arm/core/aarch32/cortex_m/libarch__arm__core__aarch32__cortex_m.a(reset.S.obj)
                0x0000000008005194                z_arm_reset
                0x0000000008005194                __start
 .text.z_impl_k_thread_abort
                0x00000000080051c0       0x24 zephyr/arch/arch/arm/core/aarch32/cortex_m/libarch__arm__core__aarch32__cortex_m.a(thread_abort.c.obj)
                0x00000000080051c0                z_impl_k_thread_abort
 .text.z_arm_configure_static_mpu_regions
                0x00000000080051e4       0x18 zephyr/arch/arch/arm/core/aarch32/mpu/libarch__arm__core__aarch32__mpu.a(arm_core_mpu.c.obj)
                0x00000000080051e4                z_arm_configure_static_mpu_regions
 .text.z_arm_configure_dynamic_mpu_regions
                0x00000000080051fc       0x20 zephyr/arch/arch/arm/core/aarch32/mpu/libarch__arm__core__aarch32__mpu.a(arm_core_mpu.c.obj)
                0x00000000080051fc                z_arm_configure_dynamic_mpu_regions
 .text.mpu_configure_regions
                0x000000000800521c       0xb4 zephyr/arch/arch/arm/core/aarch32/mpu/libarch__arm__core__aarch32__mpu.a(arm_mpu.c.obj)
 .text.arm_core_mpu_enable
                0x00000000080052d0       0x18 zephyr/arch/arch/arm/core/aarch32/mpu/libarch__arm__core__aarch32__mpu.a(arm_mpu.c.obj)
                0x00000000080052d0                arm_core_mpu_enable
 .text.arm_core_mpu_disable
                0x00000000080052e8       0x14 zephyr/arch/arch/arm/core/aarch32/mpu/libarch__arm__core__aarch32__mpu.a(arm_mpu.c.obj)
                0x00000000080052e8                arm_core_mpu_disable
 .text.arm_core_mpu_configure_static_mpu_regions
                0x00000000080052fc       0x14 zephyr/arch/arch/arm/core/aarch32/mpu/libarch__arm__core__aarch32__mpu.a(arm_mpu.c.obj)
                0x00000000080052fc                arm_core_mpu_configure_static_mpu_regions
 .text.arm_core_mpu_configure_dynamic_mpu_regions
                0x0000000008005310       0x30 zephyr/arch/arch/arm/core/aarch32/mpu/libarch__arm__core__aarch32__mpu.a(arm_mpu.c.obj)
                0x0000000008005310                arm_core_mpu_configure_dynamic_mpu_regions
 .text.z_arm_mpu_init
                0x0000000008005340       0x60 zephyr/arch/arch/arm/core/aarch32/mpu/libarch__arm__core__aarch32__mpu.a(arm_mpu.c.obj)
                0x0000000008005340                z_arm_mpu_init
 .text.__stdout_hook_install
                0x00000000080053a0        0xc zephyr/lib/libc/newlib/liblib__libc__newlib.a(libc-hooks.c.obj)
                0x00000000080053a0                __stdout_hook_install
 .text.z_impl_zephyr_read_stdin
                0x00000000080053ac       0x28 zephyr/lib/libc/newlib/liblib__libc__newlib.a(libc-hooks.c.obj)
                0x00000000080053ac                z_impl_zephyr_read_stdin
 .text.z_impl_zephyr_write_stdout
                0x00000000080053d4       0x30 zephyr/lib/libc/newlib/liblib__libc__newlib.a(libc-hooks.c.obj)
                0x00000000080053d4                z_impl_zephyr_write_stdout
 .text._sbrk    0x0000000008005404       0x28 zephyr/lib/libc/newlib/liblib__libc__newlib.a(libc-hooks.c.obj)
                0x0000000008005404                _sbrk
                0x0000000008005404                sbrk
 .text.__chk_fail
                0x000000000800542c       0x1c zephyr/lib/libc/newlib/liblib__libc__newlib.a(libc-hooks.c.obj)
                0x000000000800542c                __chk_fail
 .text.getBatteryLevelLocal
                0x0000000008005448       0x10 zephyr/subsys/lorawan/libloramac-node.a(lorawan.c.obj)
 .text.lorawan_init
                0x0000000008005458       0x80 zephyr/subsys/lorawan/libloramac-node.a(lorawan.c.obj)
 .text.datarate_observe
                0x00000000080054d8       0x5c zephyr/subsys/lorawan/libloramac-node.a(lorawan.c.obj)
 .text.McpsIndication
                0x0000000008005534       0x84 zephyr/subsys/lorawan/libloramac-node.a(lorawan.c.obj)
 .text.McpsConfirm
                0x00000000080055b8       0x54 zephyr/subsys/lorawan/libloramac-node.a(lorawan.c.obj)
 .text.MlmeConfirm
                0x000000000800560c       0x94 zephyr/subsys/lorawan/libloramac-node.a(lorawan.c.obj)
 .text.lorawan_join
                0x00000000080056a0      0x1a0 zephyr/subsys/lorawan/libloramac-node.a(lorawan.c.obj)
                0x00000000080056a0                lorawan_join
 .text.lorawan_set_datarate
                0x0000000008005840       0x40 zephyr/subsys/lorawan/libloramac-node.a(lorawan.c.obj)
                0x0000000008005840                lorawan_set_datarate
 .text.lorawan_send
                0x0000000008005880       0xf4 zephyr/subsys/lorawan/libloramac-node.a(lorawan.c.obj)
                0x0000000008005880                lorawan_send
 .text.lorawan_register_downlink_callback
                0x0000000008005974       0x20 zephyr/subsys/lorawan/libloramac-node.a(lorawan.c.obj)
                0x0000000008005974                lorawan_register_downlink_callback
 .text.lorawan_register_dr_changed_callback
                0x0000000008005994        0xc zephyr/subsys/lorawan/libloramac-node.a(lorawan.c.obj)
                0x0000000008005994                lorawan_register_dr_changed_callback
 .text.lorawan_start
                0x00000000080059a0       0x6c zephyr/subsys/lorawan/libloramac-node.a(lorawan.c.obj)
                0x00000000080059a0                lorawan_start
 .text.lorawan_status2str
                0x0000000008005a0c       0x18 zephyr/subsys/lorawan/libloramac-node.a(lw_priv.c.obj)
                0x0000000008005a0c                lorawan_status2str
 .text.lorawan_eventinfo2str
                0x0000000008005a24       0x18 zephyr/subsys/lorawan/libloramac-node.a(lw_priv.c.obj)
                0x0000000008005a24                lorawan_eventinfo2str
 .text.lorawan_status2errno
                0x0000000008005a3c       0x24 zephyr/subsys/lorawan/libloramac-node.a(lw_priv.c.obj)
                0x0000000008005a3c                lorawan_status2errno
 .text.lorawan_eventinfo2errno
                0x0000000008005a60       0x24 zephyr/subsys/lorawan/libloramac-node.a(lw_priv.c.obj)
                0x0000000008005a60                lorawan_eventinfo2errno
 .text.timer_callback
                0x0000000008005a84        0xc zephyr/subsys/lorawan/libloramac-node.a(hal_common.c.obj)
 .text.RtcBkupWrite
                0x0000000008005a90        0xc zephyr/subsys/lorawan/libloramac-node.a(hal_common.c.obj)
                0x0000000008005a90                RtcBkupWrite
 .text.RtcBkupRead
                0x0000000008005a9c       0x10 zephyr/subsys/lorawan/libloramac-node.a(hal_common.c.obj)
                0x0000000008005a9c                RtcBkupRead
 .text.RtcGetTimerElapsedTime
                0x0000000008005aac       0x14 zephyr/subsys/lorawan/libloramac-node.a(hal_common.c.obj)
                0x0000000008005aac                RtcGetTimerElapsedTime
 .text.RtcStopAlarm
                0x0000000008005ac0        0xc zephyr/subsys/lorawan/libloramac-node.a(hal_common.c.obj)
                0x0000000008005ac0                RtcStopAlarm
 .text.RtcSetAlarm
                0x0000000008005acc       0x20 zephyr/subsys/lorawan/libloramac-node.a(hal_common.c.obj)
                0x0000000008005acc                RtcSetAlarm
 .text.RtcSetTimerContext
                0x0000000008005aec       0x10 zephyr/subsys/lorawan/libloramac-node.a(hal_common.c.obj)
                0x0000000008005aec                RtcSetTimerContext
 .text.RtcGetTimerContext
                0x0000000008005afc        0xc zephyr/subsys/lorawan/libloramac-node.a(hal_common.c.obj)
                0x0000000008005afc                RtcGetTimerContext
 .text.sx12xx_ev_rx_done
                0x0000000008005b08       0xb0 zephyr/subsys/lorawan/libloramac-node.a(sx12xx_common.c.obj)
 .text.modem_release.constprop.0
                0x0000000008005bb8       0x58 zephyr/subsys/lorawan/libloramac-node.a(sx12xx_common.c.obj)
 .text.sx12xx_ev_tx_done
                0x0000000008005c10       0x20 zephyr/subsys/lorawan/libloramac-node.a(sx12xx_common.c.obj)
 .text.__sx12xx_configure_pin
                0x0000000008005c30       0xa0 zephyr/subsys/lorawan/libloramac-node.a(sx12xx_common.c.obj)
                0x0000000008005c30                __sx12xx_configure_pin
 .text.sx12xx_lora_send_async
                0x0000000008005cd0       0x50 zephyr/subsys/lorawan/libloramac-node.a(sx12xx_common.c.obj)
                0x0000000008005cd0                sx12xx_lora_send_async
 .text.sx12xx_lora_send
                0x0000000008005d20       0xc4 zephyr/subsys/lorawan/libloramac-node.a(sx12xx_common.c.obj)
                0x0000000008005d20                sx12xx_lora_send
 .text.sx12xx_lora_recv
                0x0000000008005de4       0xcc zephyr/subsys/lorawan/libloramac-node.a(sx12xx_common.c.obj)
                0x0000000008005de4                sx12xx_lora_recv
 .text.sx12xx_lora_recv_async
                0x0000000008005eb0       0x5c zephyr/subsys/lorawan/libloramac-node.a(sx12xx_common.c.obj)
                0x0000000008005eb0                sx12xx_lora_recv_async
 .text.sx12xx_lora_config
                0x0000000008005f0c       0xa8 zephyr/subsys/lorawan/libloramac-node.a(sx12xx_common.c.obj)
                0x0000000008005f0c                sx12xx_lora_config
 .text.sx12xx_lora_test_cw
                0x0000000008005fb4       0x40 zephyr/subsys/lorawan/libloramac-node.a(sx12xx_common.c.obj)
                0x0000000008005fb4                sx12xx_lora_test_cw
 .text.sx12xx_init
                0x0000000008005ff4       0x4c zephyr/subsys/lorawan/libloramac-node.a(sx12xx_common.c.obj)
                0x0000000008005ff4                sx12xx_init
 .text.sx126x_set_rx_enable
                0x0000000008006040       0x10 zephyr/subsys/lorawan/libloramac-node.a(sx126x.c.obj)
 .text.sx126x_set_tx_enable
                0x0000000008006050       0x10 zephyr/subsys/lorawan/libloramac-node.a(sx126x.c.obj)
 .text.sx126x_dio1_irq_work_handler.part.0
                0x0000000008006060       0x28 zephyr/subsys/lorawan/libloramac-node.a(sx126x.c.obj)
 .text.sx126x_dio1_irq_work_handler
                0x0000000008006088       0x38 zephyr/subsys/lorawan/libloramac-node.a(sx126x.c.obj)
 .text.sx126x_lora_init
                0x00000000080060c0       0xd0 zephyr/subsys/lorawan/libloramac-node.a(sx126x.c.obj)
 .text.SX126xGetOperatingMode
                0x0000000008006190        0xc zephyr/subsys/lorawan/libloramac-node.a(sx126x.c.obj)
                0x0000000008006190                SX126xGetOperatingMode
 .text.SX126xSetOperatingMode
                0x000000000800619c       0x4c zephyr/subsys/lorawan/libloramac-node.a(sx126x.c.obj)
                0x000000000800619c                SX126xSetOperatingMode
 .text.SX126xIoIrqInit
                0x00000000080061e8        0xc zephyr/subsys/lorawan/libloramac-node.a(sx126x.c.obj)
                0x00000000080061e8                SX126xIoIrqInit
 .text.SX126xReset
                0x00000000080061f4       0x18 zephyr/subsys/lorawan/libloramac-node.a(sx126x.c.obj)
                0x00000000080061f4                SX126xReset
 .text.SX126xWaitOnBusy
                0x000000000800620c       0x1c zephyr/subsys/lorawan/libloramac-node.a(sx126x.c.obj)
                0x000000000800620c                SX126xWaitOnBusy
 .text.sx126x_spi_transceive.isra.0
                0x0000000008006228       0x88 zephyr/subsys/lorawan/libloramac-node.a(sx126x.c.obj)
 .text.SX126xWakeup
                0x00000000080062b0       0x70 zephyr/subsys/lorawan/libloramac-node.a(sx126x.c.obj)
                0x00000000080062b0                SX126xWakeup
 .text.SX126xGetDio1PinState
                0x0000000008006320        0xc zephyr/subsys/lorawan/libloramac-node.a(sx126x.c.obj)
                0x0000000008006320                SX126xGetDio1PinState
 .text.sx126x_is_busy
                0x000000000800632c       0x10 zephyr/subsys/lorawan/libloramac-node.a(sx126x_stm32wl.c.obj)
                0x000000000800632c                sx126x_is_busy
 .text.sx126x_dio1_irq_enable
                0x000000000800633c       0x14 zephyr/subsys/lorawan/libloramac-node.a(sx126x_stm32wl.c.obj)
                0x000000000800633c                sx126x_dio1_irq_enable
 .text.sx126x_variant_init
                0x0000000008006350       0x28 zephyr/subsys/lorawan/libloramac-node.a(sx126x_stm32wl.c.obj)
                0x0000000008006350                sx126x_variant_init
 .text.rand1    0x0000000008006378       0x28 zephyr/subsys/lorawan/libloramac-node.a(utilities.c.obj)
                0x0000000008006378                rand1
 .text.srand1   0x00000000080063a0        0xc zephyr/subsys/lorawan/libloramac-node.a(utilities.c.obj)
                0x00000000080063a0                srand1
 .text.Crc32    0x00000000080063ac       0x34 zephyr/subsys/lorawan/libloramac-node.a(utilities.c.obj)
                0x00000000080063ac                Crc32
 .text.TimerInsertNewHeadTimer
                0x00000000080063e0       0x18 zephyr/subsys/lorawan/libloramac-node.a(timer.c.obj)
 .text.TimerStart
                0x00000000080063f8       0x70 zephyr/subsys/lorawan/libloramac-node.a(timer.c.obj)
                0x00000000080063f8                TimerStart
 .text.TimerIrqHandler
                0x0000000008006468       0x78 zephyr/subsys/lorawan/libloramac-node.a(timer.c.obj)
                0x0000000008006468                TimerIrqHandler
 .text.TimerStop
                0x00000000080064e0       0x58 zephyr/subsys/lorawan/libloramac-node.a(timer.c.obj)
                0x00000000080064e0                TimerStop
 .text.SX126xSetCrcSeed
                0x0000000008006538       0x28 zephyr/subsys/lorawan/libloramac-node.a(sx126x.c.obj)
                0x0000000008006538                SX126xSetCrcSeed
 .text.SX126xSetCrcPolynomial
                0x0000000008006560       0x28 zephyr/subsys/lorawan/libloramac-node.a(sx126x.c.obj)
                0x0000000008006560                SX126xSetCrcPolynomial
 .text.SX126xSetWhiteningSeed
                0x0000000008006588       0x38 zephyr/subsys/lorawan/libloramac-node.a(sx126x.c.obj)
                0x0000000008006588                SX126xSetWhiteningSeed
 .text.SX126xSetSleep
                0x00000000080065c0       0x3c zephyr/subsys/lorawan/libloramac-node.a(sx126x.c.obj)
                0x00000000080065c0                SX126xSetSleep
 .text.SX126xInit
                0x00000000080065fc       0x34 zephyr/subsys/lorawan/libloramac-node.a(sx126x.c.obj)
                0x00000000080065fc                SX126xInit
 .text.SX126xCalibrateImage
                0x0000000008006630       0x78 zephyr/subsys/lorawan/libloramac-node.a(sx126x.c.obj)
                0x0000000008006630                SX126xCalibrateImage
 .text.SX126xSetRfFrequency
                0x00000000080066a8       0x58 zephyr/subsys/lorawan/libloramac-node.a(sx126x.c.obj)
                0x00000000080066a8                SX126xSetRfFrequency
 .text.SX126xSetPacketType
                0x0000000008006700       0x20 zephyr/subsys/lorawan/libloramac-node.a(sx126x.c.obj)
                0x0000000008006700                SX126xSetPacketType
 .text.SX126xGetPacketType
                0x0000000008006720        0xc zephyr/subsys/lorawan/libloramac-node.a(sx126x.c.obj)
                0x0000000008006720                SX126xGetPacketType
 .text.SX126xSetModulationParams
                0x000000000800672c       0xb0 zephyr/subsys/lorawan/libloramac-node.a(sx126x.c.obj)
                0x000000000800672c                SX126xSetModulationParams
 .text.SX126xSetPacketParams
                0x00000000080067dc       0xd4 zephyr/subsys/lorawan/libloramac-node.a(sx126x.c.obj)
                0x00000000080067dc                SX126xSetPacketParams
 .text.SX126xGetRxBufferStatus
                0x00000000080068b0       0x44 zephyr/subsys/lorawan/libloramac-node.a(sx126x.c.obj)
                0x00000000080068b0                SX126xGetRxBufferStatus
 .text.SX126xGetPacketStatus
                0x00000000080068f4       0x78 zephyr/subsys/lorawan/libloramac-node.a(sx126x.c.obj)
                0x00000000080068f4                SX126xGetPacketStatus
 .text.RadioOnTxTimeoutIrq
                0x000000000800696c       0x14 zephyr/subsys/lorawan/libloramac-node.a(radio.c.obj)
                0x000000000800696c                RadioOnTxTimeoutIrq
 .text.RadioOnRxTimeoutIrq
                0x0000000008006980       0x14 zephyr/subsys/lorawan/libloramac-node.a(radio.c.obj)
                0x0000000008006980                RadioOnRxTimeoutIrq
 .text.RadioOnDioIrq
                0x0000000008006994        0xc zephyr/subsys/lorawan/libloramac-node.a(radio.c.obj)
                0x0000000008006994                RadioOnDioIrq
 .text.RadioGetStatus
                0x00000000080069a0       0x1c zephyr/subsys/lorawan/libloramac-node.a(radio.c.obj)
                0x00000000080069a0                RadioGetStatus
 .text.RadioSend
                0x00000000080069bc       0x5c zephyr/subsys/lorawan/libloramac-node.a(radio.c.obj)
                0x00000000080069bc                RadioSend
 .text.RadioSetTxContinuousWave
                0x0000000008006a18       0x30 zephyr/subsys/lorawan/libloramac-node.a(radio.c.obj)
                0x0000000008006a18                RadioSetTxContinuousWave
 .text.RadioGetFskBandwidthRegValue
                0x0000000008006a48       0x34 zephyr/subsys/lorawan/libloramac-node.a(radio.c.obj)
 .text.RadioSetMaxPayloadLength
                0x0000000008006a7c       0x30 zephyr/subsys/lorawan/libloramac-node.a(radio.c.obj)
                0x0000000008006a7c                RadioSetMaxPayloadLength
 .text.RadioRx  0x0000000008006aac       0x48 zephyr/subsys/lorawan/libloramac-node.a(radio.c.obj)
                0x0000000008006aac                RadioRx
 .text.RadioRxBoosted
                0x0000000008006af4       0x48 zephyr/subsys/lorawan/libloramac-node.a(radio.c.obj)
                0x0000000008006af4                RadioRxBoosted
 .text.RadioIrqProcess
                0x0000000008006b3c      0x17c zephyr/subsys/lorawan/libloramac-node.a(radio.c.obj)
                0x0000000008006b3c                RadioIrqProcess
 .text.RadioTimeOnAir
                0x0000000008006cb8       0xec zephyr/subsys/lorawan/libloramac-node.a(radio.c.obj)
                0x0000000008006cb8                RadioTimeOnAir
 .text.RadioSetPublicNetwork
                0x0000000008006da4       0x3c zephyr/subsys/lorawan/libloramac-node.a(radio.c.obj)
                0x0000000008006da4                RadioSetPublicNetwork
 .text.RadioSetModem.part.0
                0x0000000008006de0       0x24 zephyr/subsys/lorawan/libloramac-node.a(radio.c.obj)
 .text.RadioSetModem
                0x0000000008006e04       0x20 zephyr/subsys/lorawan/libloramac-node.a(radio.c.obj)
                0x0000000008006e04                RadioSetModem
 .text.RadioSetRxConfig
                0x0000000008006e24      0x1e4 zephyr/subsys/lorawan/libloramac-node.a(radio.c.obj)
                0x0000000008006e24                RadioSetRxConfig
 .text.RadioSetTxConfig
                0x0000000008007008      0x19c zephyr/subsys/lorawan/libloramac-node.a(radio.c.obj)
                0x0000000008007008                RadioSetTxConfig
 .text.RadioInit
                0x00000000080071a4       0x7c zephyr/subsys/lorawan/libloramac-node.a(radio.c.obj)
                0x00000000080071a4                RadioInit
 .text.aes_set_key
                0x0000000008007220       0xf8 zephyr/subsys/lorawan/libloramac-node.a(aes.c.obj)
                0x0000000008007220                aes_set_key
 .text.aes_encrypt
                0x0000000008007318      0x2ac zephyr/subsys/lorawan/libloramac-node.a(aes.c.obj)
                0x0000000008007318                aes_encrypt
 .text.ComputeCmac
                0x00000000080075c4       0x80 zephyr/subsys/lorawan/libloramac-node.a(soft-se.c.obj)
 .text.SecureElementInit
                0x0000000008007644      0x134 zephyr/subsys/lorawan/libloramac-node.a(soft-se.c.obj)
                0x0000000008007644                SecureElementInit
 .text.SecureElementAesEncrypt
                0x0000000008007778       0x7c zephyr/subsys/lorawan/libloramac-node.a(soft-se.c.obj)
                0x0000000008007778                SecureElementAesEncrypt
 .text.SecureElementSetKey.part.0
                0x00000000080077f4       0x78 zephyr/subsys/lorawan/libloramac-node.a(soft-se.c.obj)
 .text.SecureElementSetDevEui
                0x000000000800786c       0x1c zephyr/subsys/lorawan/libloramac-node.a(soft-se.c.obj)
                0x000000000800786c                SecureElementSetDevEui
 .text.SecureElementGetDevEui
                0x0000000008007888        0xc zephyr/subsys/lorawan/libloramac-node.a(soft-se.c.obj)
                0x0000000008007888                SecureElementGetDevEui
 .text.SecureElementSetJoinEui
                0x0000000008007894       0x20 zephyr/subsys/lorawan/libloramac-node.a(soft-se.c.obj)
                0x0000000008007894                SecureElementSetJoinEui
 .text.SecureElementGetJoinEui
                0x00000000080078b4        0xc zephyr/subsys/lorawan/libloramac-node.a(soft-se.c.obj)
                0x00000000080078b4                SecureElementGetJoinEui
 .text.SecureElementSetPin
                0x00000000080078c0       0x20 zephyr/subsys/lorawan/libloramac-node.a(soft-se.c.obj)
                0x00000000080078c0                SecureElementSetPin
 .text.SecureElementGetPin
                0x00000000080078e0        0xc zephyr/subsys/lorawan/libloramac-node.a(soft-se.c.obj)
                0x00000000080078e0                SecureElementGetPin
 .text.OnRadioTxTimeout
                0x00000000080078ec       0x24 zephyr/subsys/lorawan/libloramac-node.a(LoRaMac.c.obj)
 .text.OnRadioRxError
                0x0000000008007910       0x24 zephyr/subsys/lorawan/libloramac-node.a(LoRaMac.c.obj)
 .text.OnRadioRxTimeout
                0x0000000008007934       0x24 zephyr/subsys/lorawan/libloramac-node.a(LoRaMac.c.obj)
 .text.UpdateRxSlotIdleState
                0x0000000008007958       0x1c zephyr/subsys/lorawan/libloramac-node.a(LoRaMac.c.obj)
 .text.GetMaxAppPayloadWithoutFOptsLength
                0x0000000008007974       0x2c zephyr/subsys/lorawan/libloramac-node.a(LoRaMac.c.obj)
 .text.OnRetransmitTimeoutTimerEvent
                0x00000000080079a0       0x30 zephyr/subsys/lorawan/libloramac-node.a(LoRaMac.c.obj)
 .text.PrepareRxDoneAbort
                0x00000000080079d0       0x38 zephyr/subsys/lorawan/libloramac-node.a(LoRaMac.c.obj)
 .text.HandleRadioRxErrorTimeout
                0x0000000008007a08       0xc4 zephyr/subsys/lorawan/libloramac-node.a(LoRaMac.c.obj)
 .text.OpenContinuousRxCWindow
                0x0000000008007acc       0x64 zephyr/subsys/lorawan/libloramac-node.a(LoRaMac.c.obj)
 .text.SwitchClass
                0x0000000008007b30       0xdc zephyr/subsys/lorawan/libloramac-node.a(LoRaMac.c.obj)
 .text.OnRadioRxDone
                0x0000000008007c0c       0x4c zephyr/subsys/lorawan/libloramac-node.a(LoRaMac.c.obj)
 .text.OnRadioTxDone
                0x0000000008007c58       0x4c zephyr/subsys/lorawan/libloramac-node.a(LoRaMac.c.obj)
 .text.ResetMacParameters
                0x0000000008007ca4      0x134 zephyr/subsys/lorawan/libloramac-node.a(LoRaMac.c.obj)
 .text.RxWindowSetup.constprop.0
                0x0000000008007dd8       0x3c zephyr/subsys/lorawan/libloramac-node.a(LoRaMac.c.obj)
 .text.OnRxWindow1TimerEvent
                0x0000000008007e14       0x44 zephyr/subsys/lorawan/libloramac-node.a(LoRaMac.c.obj)
 .text.OnRxWindow2TimerEvent
                0x0000000008007e58       0x4c zephyr/subsys/lorawan/libloramac-node.a(LoRaMac.c.obj)
 .text.ProcessMacCommands.constprop.0
                0x0000000008007ea4      0x608 zephyr/subsys/lorawan/libloramac-node.a(LoRaMac.c.obj)
 .text.StopRetransmission.isra.0
                0x00000000080084ac       0x44 zephyr/subsys/lorawan/libloramac-node.a(LoRaMac.c.obj)
 .text.LoRaMacIsBusy
                0x00000000080084f0       0x28 zephyr/subsys/lorawan/libloramac-node.a(LoRaMac.c.obj)
                0x00000000080084f0                LoRaMacIsBusy
 .text.PrepareFrame
                0x0000000008008518      0x154 zephyr/subsys/lorawan/libloramac-node.a(LoRaMac.c.obj)
                0x0000000008008518                PrepareFrame
 .text.SendFrameOnChannel
                0x000000000800866c      0x12c zephyr/subsys/lorawan/libloramac-node.a(LoRaMac.c.obj)
                0x000000000800866c                SendFrameOnChannel
 .text.ScheduleTx
                0x0000000008008798      0x1d8 zephyr/subsys/lorawan/libloramac-node.a(LoRaMac.c.obj)
 .text.OnTxDelayedTimerEvent
                0x0000000008008970       0x6c zephyr/subsys/lorawan/libloramac-node.a(LoRaMac.c.obj)
 .text.Send     0x00000000080089dc      0x100 zephyr/subsys/lorawan/libloramac-node.a(LoRaMac.c.obj)
                0x00000000080089dc                Send
 .text.SendReJoinReq
                0x0000000008008adc       0x54 zephyr/subsys/lorawan/libloramac-node.a(LoRaMac.c.obj)
                0x0000000008008adc                SendReJoinReq
 .text.SetTxContinuousWave
                0x0000000008008b30       0x2c zephyr/subsys/lorawan/libloramac-node.a(LoRaMac.c.obj)
                0x0000000008008b30                SetTxContinuousWave
 .text.LoRaMacProcess
                0x0000000008008b5c      0x9bc zephyr/subsys/lorawan/libloramac-node.a(LoRaMac.c.obj)
                0x0000000008008b5c                LoRaMacProcess
 .text.LoRaMacInitialization
                0x0000000008009518      0x354 zephyr/subsys/lorawan/libloramac-node.a(LoRaMac.c.obj)
                0x0000000008009518                LoRaMacInitialization
 .text.LoRaMacStart
                0x000000000800986c       0x10 zephyr/subsys/lorawan/libloramac-node.a(LoRaMac.c.obj)
                0x000000000800986c                LoRaMacStart
 .text.LoRaMacQueryTxPossible
                0x000000000800987c       0xc0 zephyr/subsys/lorawan/libloramac-node.a(LoRaMac.c.obj)
                0x000000000800987c                LoRaMacQueryTxPossible
 .text.LoRaMacMibGetRequestConfirm
                0x000000000800993c      0x1ac zephyr/subsys/lorawan/libloramac-node.a(LoRaMac.c.obj)
                0x000000000800993c                LoRaMacMibGetRequestConfirm
 .text.LoRaMacMibSetRequestConfirm
                0x0000000008009ae8      0x554 zephyr/subsys/lorawan/libloramac-node.a(LoRaMac.c.obj)
                0x0000000008009ae8                LoRaMacMibSetRequestConfirm
 .text.LoRaMacMlmeRequest
                0x000000000800a03c      0x1c0 zephyr/subsys/lorawan/libloramac-node.a(LoRaMac.c.obj)
                0x000000000800a03c                LoRaMacMlmeRequest
 .text.LoRaMacMcpsRequest
                0x000000000800a1fc      0x188 zephyr/subsys/lorawan/libloramac-node.a(LoRaMac.c.obj)
                0x000000000800a1fc                LoRaMacMcpsRequest
 .text.LoRaMacCommandsInit
                0x000000000800a384       0x1c zephyr/subsys/lorawan/libloramac-node.a(LoRaMacCommands.c.obj)
                0x000000000800a384                LoRaMacCommandsInit
 .text.LoRaMacCommandsAddCmd
                0x000000000800a3a0       0xa8 zephyr/subsys/lorawan/libloramac-node.a(LoRaMacCommands.c.obj)
                0x000000000800a3a0                LoRaMacCommandsAddCmd
 .text.LoRaMacCommandsRemoveCmd
                0x000000000800a448       0x54 zephyr/subsys/lorawan/libloramac-node.a(LoRaMacCommands.c.obj)
                0x000000000800a448                LoRaMacCommandsRemoveCmd
 .text.LoRaMacCommandsRemoveNoneStickyCmds
                0x000000000800a49c       0x1c zephyr/subsys/lorawan/libloramac-node.a(LoRaMacCommands.c.obj)
                0x000000000800a49c                LoRaMacCommandsRemoveNoneStickyCmds
 .text.LoRaMacCommandsRemoveStickyAnsCmds
                0x000000000800a4b8       0x30 zephyr/subsys/lorawan/libloramac-node.a(LoRaMacCommands.c.obj)
                0x000000000800a4b8                LoRaMacCommandsRemoveStickyAnsCmds
 .text.LoRaMacCommandsGetSizeSerializedCmds
                0x000000000800a4e8       0x18 zephyr/subsys/lorawan/libloramac-node.a(LoRaMacCommands.c.obj)
                0x000000000800a4e8                LoRaMacCommandsGetSizeSerializedCmds
 .text.LoRaMacCommandsSerializeCmds
                0x000000000800a500       0x64 zephyr/subsys/lorawan/libloramac-node.a(LoRaMacCommands.c.obj)
                0x000000000800a500                LoRaMacCommandsSerializeCmds
 .text.LoRaMacCommandsStickyCmdsPending
                0x000000000800a564       0x28 zephyr/subsys/lorawan/libloramac-node.a(LoRaMacCommands.c.obj)
                0x000000000800a564                LoRaMacCommandsStickyCmdsPending
 .text.LoRaMacCommandsGetCmdSize
                0x000000000800a58c       0x14 zephyr/subsys/lorawan/libloramac-node.a(LoRaMacCommands.c.obj)
                0x000000000800a58c                LoRaMacCommandsGetCmdSize
 .text.GetElement.constprop.0
                0x000000000800a5a0       0x38 zephyr/subsys/lorawan/libloramac-node.a(LoRaMacConfirmQueue.c.obj)
 .text.LoRaMacConfirmQueueInit
                0x000000000800a5d8       0x28 zephyr/subsys/lorawan/libloramac-node.a(LoRaMacConfirmQueue.c.obj)
                0x000000000800a5d8                LoRaMacConfirmQueueInit
 .text.LoRaMacConfirmQueueAdd
                0x000000000800a600       0x40 zephyr/subsys/lorawan/libloramac-node.a(LoRaMacConfirmQueue.c.obj)
                0x000000000800a600                LoRaMacConfirmQueueAdd
 .text.LoRaMacConfirmQueueRemoveFirst
                0x000000000800a640       0x2c zephyr/subsys/lorawan/libloramac-node.a(LoRaMacConfirmQueue.c.obj)
                0x000000000800a640                LoRaMacConfirmQueueRemoveFirst
 .text.LoRaMacConfirmQueueSetStatus
                0x000000000800a66c       0x24 zephyr/subsys/lorawan/libloramac-node.a(LoRaMacConfirmQueue.c.obj)
                0x000000000800a66c                LoRaMacConfirmQueueSetStatus
 .text.LoRaMacConfirmQueueGetStatus
                0x000000000800a690       0x20 zephyr/subsys/lorawan/libloramac-node.a(LoRaMacConfirmQueue.c.obj)
                0x000000000800a690                LoRaMacConfirmQueueGetStatus
 .text.LoRaMacConfirmQueueSetStatusCmn
                0x000000000800a6b0       0x34 zephyr/subsys/lorawan/libloramac-node.a(LoRaMacConfirmQueue.c.obj)
                0x000000000800a6b0                LoRaMacConfirmQueueSetStatusCmn
 .text.LoRaMacConfirmQueueIsCmdActive
                0x000000000800a6e4       0x18 zephyr/subsys/lorawan/libloramac-node.a(LoRaMacConfirmQueue.c.obj)
                0x000000000800a6e4                LoRaMacConfirmQueueIsCmdActive
 .text.LoRaMacConfirmQueueHandleCb
                0x000000000800a6fc       0x54 zephyr/subsys/lorawan/libloramac-node.a(LoRaMacConfirmQueue.c.obj)
                0x000000000800a6fc                LoRaMacConfirmQueueHandleCb
 .text.LoRaMacConfirmQueueGetCnt
                0x000000000800a750        0xc zephyr/subsys/lorawan/libloramac-node.a(LoRaMacConfirmQueue.c.obj)
                0x000000000800a750                LoRaMacConfirmQueueGetCnt
 .text.LoRaMacConfirmQueueIsFull
                0x000000000800a75c       0x14 zephyr/subsys/lorawan/libloramac-node.a(LoRaMacConfirmQueue.c.obj)
                0x000000000800a75c                LoRaMacConfirmQueueIsFull
 .text.GetLastFcntDown.constprop.0
                0x000000000800a770       0x64 zephyr/subsys/lorawan/libloramac-node.a(LoRaMacCrypto.c.obj)
 .text.VerifyCmacB0.constprop.0
                0x000000000800a7d4       0xc8 zephyr/subsys/lorawan/libloramac-node.a(LoRaMacCrypto.c.obj)
 .text.LoRaMacCryptoInit
                0x000000000800a89c       0x3c zephyr/subsys/lorawan/libloramac-node.a(LoRaMacCrypto.c.obj)
                0x000000000800a89c                LoRaMacCryptoInit
 .text.LoRaMacCryptoSetLrWanVersion
                0x000000000800a8d8       0x10 zephyr/subsys/lorawan/libloramac-node.a(LoRaMacCrypto.c.obj)
                0x000000000800a8d8                LoRaMacCryptoSetLrWanVersion
 .text.LoRaMacCryptoGetFCntUp
                0x000000000800a8e8       0x18 zephyr/subsys/lorawan/libloramac-node.a(LoRaMacCrypto.c.obj)
                0x000000000800a8e8                LoRaMacCryptoGetFCntUp
 .text.LoRaMacCryptoSetMulticastReference
                0x000000000800a900       0x2c zephyr/subsys/lorawan/libloramac-node.a(LoRaMacCrypto.c.obj)
                0x000000000800a900                LoRaMacCryptoSetMulticastReference
 .text.LoRaMacCryptoPrepareJoinRequest
                0x000000000800a92c       0x48 zephyr/subsys/lorawan/libloramac-node.a(LoRaMacCrypto.c.obj)
                0x000000000800a92c                LoRaMacCryptoPrepareJoinRequest
 .text.LoRaMacCryptoSecureMessage
                0x000000000800a974       0xe4 zephyr/subsys/lorawan/libloramac-node.a(LoRaMacCrypto.c.obj)
                0x000000000800a974                LoRaMacCryptoSecureMessage
 .text.LoRaMacCryptoUnsecureMessage
                0x000000000800aa58      0x118 zephyr/subsys/lorawan/libloramac-node.a(LoRaMacCrypto.c.obj)
                0x000000000800aa58                LoRaMacCryptoUnsecureMessage
 .text.LoRaMacCryptoSetKey
                0x000000000800ab70       0x2c zephyr/subsys/lorawan/libloramac-node.a(LoRaMacCrypto.c.obj)
                0x000000000800ab70                LoRaMacCryptoSetKey
 .text.LoRaMacCryptoHandleJoinAccept
                0x000000000800ab9c      0x100 zephyr/subsys/lorawan/libloramac-node.a(LoRaMacCrypto.c.obj)
                0x000000000800ab9c                LoRaMacCryptoHandleJoinAccept
 .text.RegionGetVersion
                0x000000000800ac9c        0x8 zephyr/subsys/lorawan/libloramac-node.a(Region.c.obj)
                0x000000000800ac9c                RegionGetVersion
 .text.RegionCommonUpdateBandTimeOff
                0x000000000800aca4      0x1dc zephyr/subsys/lorawan/libloramac-node.a(RegionCommon.c.obj)
                0x000000000800aca4                RegionCommonUpdateBandTimeOff
 .text.RegionCommonComputeSymbolTimeLoRa
                0x000000000800ae80       0x10 zephyr/subsys/lorawan/libloramac-node.a(RegionCommon.c.obj)
                0x000000000800ae80                RegionCommonComputeSymbolTimeLoRa
 .text.RegionCommonGetBandwidth
                0x000000000800ae90       0x24 zephyr/subsys/lorawan/libloramac-node.a(RegionCommon.c.obj)
                0x000000000800ae90                RegionCommonGetBandwidth
 .text.GetTimeOnAir
                0x000000000800aeb4       0x3c zephyr/subsys/lorawan/libloramac-node.a(RegionUS915.c.obj)
 .text.VerifyRfFreq
                0x000000000800aef0       0x40 zephyr/subsys/lorawan/libloramac-node.a(RegionUS915.c.obj)
 .text.RegionUS915GetPhyParam
                0x000000000800af30      0x138 zephyr/subsys/lorawan/libloramac-node.a(RegionUS915.c.obj)
                0x000000000800af30                RegionUS915GetPhyParam
 .text.RegionUS915SetBandTxDone
                0x000000000800b068       0x38 zephyr/subsys/lorawan/libloramac-node.a(RegionUS915.c.obj)
                0x000000000800b068                RegionUS915SetBandTxDone
 .text.RegionUS915InitDefaults
                0x000000000800b0a0      0x114 zephyr/subsys/lorawan/libloramac-node.a(RegionUS915.c.obj)
                0x000000000800b0a0                RegionUS915InitDefaults
 .text.RegionUS915ApplyCFList
                0x000000000800b1b4       0x5c zephyr/subsys/lorawan/libloramac-node.a(RegionUS915.c.obj)
                0x000000000800b1b4                RegionUS915ApplyCFList
 .text.RegionUS915ChanMaskSet
                0x000000000800b210       0x78 zephyr/subsys/lorawan/libloramac-node.a(RegionUS915.c.obj)
                0x000000000800b210                RegionUS915ChanMaskSet
 .text.RegionUS915ComputeRxWindowParameters
                0x000000000800b288       0x58 zephyr/subsys/lorawan/libloramac-node.a(RegionUS915.c.obj)
                0x000000000800b288                RegionUS915ComputeRxWindowParameters
 .text.RegionUS915RxConfig
                0x000000000800b2e0       0x98 zephyr/subsys/lorawan/libloramac-node.a(RegionUS915.c.obj)
                0x000000000800b2e0                RegionUS915RxConfig
 .text.RegionUS915TxConfig
                0x000000000800b378       0xfc zephyr/subsys/lorawan/libloramac-node.a(RegionUS915.c.obj)
                0x000000000800b378                RegionUS915TxConfig
 .text.RegionUS915LinkAdrReq
                0x000000000800b474      0x220 zephyr/subsys/lorawan/libloramac-node.a(RegionUS915.c.obj)
                0x000000000800b474                RegionUS915LinkAdrReq
 .text.RegionUS915AlternateDr
                0x000000000800b694       0x2c zephyr/subsys/lorawan/libloramac-node.a(RegionUS915.c.obj)
                0x000000000800b694                RegionUS915AlternateDr
 .text.RegionUS915NextChannel
                0x000000000800b6c0      0x138 zephyr/subsys/lorawan/libloramac-node.a(RegionUS915.c.obj)
                0x000000000800b6c0                RegionUS915NextChannel
 .text.RegionUS915ApplyDrOffset
                0x000000000800b7f8       0x14 zephyr/subsys/lorawan/libloramac-node.a(RegionUS915.c.obj)
                0x000000000800b7f8                RegionUS915ApplyDrOffset
 .text.registry_find
                0x000000000800b80c       0x2c zephyr/subsys/fs/libsubsys__fs.a(fs.c.obj)
 .text.z_log_msg2_runtime_create.constprop.0
                0x000000000800b838       0x24 zephyr/subsys/fs/libsubsys__fs.a(fs.c.obj)
 .text.fs_init  0x000000000800b85c       0x1c zephyr/subsys/fs/libsubsys__fs.a(fs.c.obj)
 .text.k_mutex_lock.constprop.0.isra.0
                0x000000000800b878       0x10 zephyr/subsys/fs/libsubsys__fs.a(fs.c.obj)
 .text.k_mutex_unlock.constprop.0.isra.0
                0x000000000800b888        0xc zephyr/subsys/fs/libsubsys__fs.a(fs.c.obj)
 .text.fs_get_mnt_point
                0x000000000800b894       0x8c zephyr/subsys/fs/libsubsys__fs.a(fs.c.obj)
 .text.fs_open  0x000000000800b920       0xc8 zephyr/subsys/fs/libsubsys__fs.a(fs.c.obj)
                0x000000000800b920                fs_open
 .text.fs_close
                0x000000000800b9e8       0x48 zephyr/subsys/fs/libsubsys__fs.a(fs.c.obj)
                0x000000000800b9e8                fs_close
 .text.fs_write
                0x000000000800ba30       0x44 zephyr/subsys/fs/libsubsys__fs.a(fs.c.obj)
                0x000000000800ba30                fs_write
 .text.fs_opendir
                0x000000000800ba74       0xe4 zephyr/subsys/fs/libsubsys__fs.a(fs.c.obj)
                0x000000000800ba74                fs_opendir
 .text.fs_readdir
                0x000000000800bb58      0x104 zephyr/subsys/fs/libsubsys__fs.a(fs.c.obj)
                0x000000000800bb58                fs_readdir
 .text.fs_closedir
                0x000000000800bc5c       0x4c zephyr/subsys/fs/libsubsys__fs.a(fs.c.obj)
                0x000000000800bc5c                fs_closedir
 .text.fs_mount
                0x000000000800bca8      0x15c zephyr/subsys/fs/libsubsys__fs.a(fs.c.obj)
                0x000000000800bca8                fs_mount
 .text.fs_register
                0x000000000800be04       0x50 zephyr/subsys/fs/libsubsys__fs.a(fs.c.obj)
                0x000000000800be04                fs_register
 .text.translate_error
                0x000000000800be54       0x14 zephyr/subsys/fs/libsubsys__fs.a(fat_fs.c.obj)
 .text.fatfs_init
                0x000000000800be68        0xc zephyr/subsys/fs/libsubsys__fs.a(fat_fs.c.obj)
 .text.fatfs_mount
                0x000000000800be74       0x74 zephyr/subsys/fs/libsubsys__fs.a(fat_fs.c.obj)
 .text.fatfs_closedir
                0x000000000800bee8       0x24 zephyr/subsys/fs/libsubsys__fs.a(fat_fs.c.obj)
 .text.fatfs_close
                0x000000000800bf0c       0x28 zephyr/subsys/fs/libsubsys__fs.a(fat_fs.c.obj)
 .text.fatfs_opendir
                0x000000000800bf34       0x50 zephyr/subsys/fs/libsubsys__fs.a(fat_fs.c.obj)
 .text.fatfs_open
                0x000000000800bf84       0x58 zephyr/subsys/fs/libsubsys__fs.a(fat_fs.c.obj)
 .text.__stm32_exti_isr.isra.0
                0x000000000800bfdc       0x40 zephyr/drivers/interrupt_controller/libdrivers__interrupt_controller.a(intc_exti_stm32.c.obj)
 .text.stm32_exti_enable
                0x000000000800c01c       0x20 zephyr/drivers/interrupt_controller/libdrivers__interrupt_controller.a(intc_exti_stm32.c.obj)
                0x000000000800c01c                stm32_exti_enable
 .text.stm32_exti_disable
                0x000000000800c03c       0x20 zephyr/drivers/interrupt_controller/libdrivers__interrupt_controller.a(intc_exti_stm32.c.obj)
                0x000000000800c03c                stm32_exti_disable
 .text.stm32_exti_trigger
                0x000000000800c05c       0x68 zephyr/drivers/interrupt_controller/libdrivers__interrupt_controller.a(intc_exti_stm32.c.obj)
                0x000000000800c05c                stm32_exti_trigger
 .text.stm32_exti_set_callback
                0x000000000800c0c4       0x24 zephyr/drivers/interrupt_controller/libdrivers__interrupt_controller.a(intc_exti_stm32.c.obj)
                0x000000000800c0c4                stm32_exti_set_callback
 .text.stm32_exti_unset_callback
                0x000000000800c0e8       0x14 zephyr/drivers/interrupt_controller/libdrivers__interrupt_controller.a(intc_exti_stm32.c.obj)
                0x000000000800c0e8                stm32_exti_unset_callback
 .text.disk_spi_sdhc_access_ioctl
                0x000000000800c0fc       0x3c zephyr/drivers/disk/libdrivers__disk.a(sdmmc_spi.c.obj)
 .text.sdhc_map_r1_idle_status
                0x000000000800c138       0x18 zephyr/drivers/disk/libdrivers__disk.a(sdmmc_spi.c.obj)
 .text.sdhc_spi_rx_bytes
                0x000000000800c150       0x34 zephyr/drivers/disk/libdrivers__disk.a(sdmmc_spi.c.obj)
 .text.sdhc_spi_init
                0x000000000800c184       0x2c zephyr/drivers/disk/libdrivers__disk.a(sdmmc_spi.c.obj)
 .text.sdhc_spi_cmd_r1_raw
                0x000000000800c1b0       0x34 zephyr/drivers/disk/libdrivers__disk.a(sdmmc_spi.c.obj)
 .text.sdhc_spi_rx_block
                0x000000000800c1e4       0xdc zephyr/drivers/disk/libdrivers__disk.a(sdmmc_spi.c.obj)
 .text.sdhc_spi_cmd_r1
                0x000000000800c2c0       0x18 zephyr/drivers/disk/libdrivers__disk.a(sdmmc_spi.c.obj)
 .text.disk_spi_sdhc_access_init
                0x000000000800c2d8      0x2ac zephyr/drivers/disk/libdrivers__disk.a(sdmmc_spi.c.obj)
 .text.sdhc_spi_read
                0x000000000800c584       0x70 zephyr/drivers/disk/libdrivers__disk.a(sdmmc_spi.c.obj)
 .text.sdhc_spi_write
                0x000000000800c5f4      0x10c zephyr/drivers/disk/libdrivers__disk.a(sdmmc_spi.c.obj)
 .text.sdhc_spi_write_multi
                0x000000000800c700       0xd4 zephyr/drivers/disk/libdrivers__disk.a(sdmmc_spi.c.obj)
 .text.stm32_clock_control_get_subsys_rate
                0x000000000800c7d4       0x28 zephyr/drivers/clock_control/libdrivers__clock_control.a(clock_stm32_ll_common.c.obj)
 .text.rtc_stm32_cancel_alarm
                0x000000000800c7fc       0x30 zephyr/drivers/counter/libdrivers__counter.a(counter_ll_stm32_rtc.c.obj)
 .text.rtc_stm32_get_pending_int
                0x000000000800c82c       0x10 zephyr/drivers/counter/libdrivers__counter.a(counter_ll_stm32_rtc.c.obj)
 .text.rtc_stm32_read
                0x000000000800c83c       0xe0 zephyr/drivers/counter/libdrivers__counter.a(counter_ll_stm32_rtc.c.obj)
 .text.rtc_stm32_isr
                0x000000000800c91c       0x54 zephyr/drivers/counter/libdrivers__counter.a(counter_ll_stm32_rtc.c.obj)
                0x000000000800c91c                rtc_stm32_isr
 .text.rtc_stm32_init
                0x000000000800c970      0x110 zephyr/drivers/counter/libdrivers__counter.a(counter_ll_stm32_rtc.c.obj)
 .text.rtc_stm32_set_alarm
                0x000000000800ca80      0x10c zephyr/drivers/counter/libdrivers__counter.a(counter_ll_stm32_rtc.c.obj)
 .text.sync_timer_handler
                0x000000000800cb8c       0x30 zephyr/drivers/counter/libdrivers__counter.a(maxim_ds3231.c.obj)
 .text.validate_isw_monitoring
                0x000000000800cbbc       0xa0 zephyr/drivers/counter/libdrivers__counter.a(maxim_ds3231.c.obj)
 .text.alarm_worker
                0x000000000800cc5c       0xf8 zephyr/drivers/counter/libdrivers__counter.a(maxim_ds3231.c.obj)
 .text.ds3231_counter_set_alarm
                0x000000000800cd54       0xb8 zephyr/drivers/counter/libdrivers__counter.a(maxim_ds3231.c.obj)
                0x000000000800cd54                ds3231_counter_set_alarm
 .text.sync_worker
                0x000000000800ce0c      0x218 zephyr/drivers/counter/libdrivers__counter.a(maxim_ds3231.c.obj)
 .text.ds3231_init
                0x000000000800d024      0x188 zephyr/drivers/counter/libdrivers__counter.a(maxim_ds3231.c.obj)
 .text.uart_console_init
                0x000000000800d1ac       0x30 zephyr/drivers/console/libdrivers__console.a(uart_console.c.obj)
 .text.console_out
                0x000000000800d1dc       0x28 zephyr/drivers/console/libdrivers__console.a(uart_console.c.obj)
 .text.gpio_stm32_init
                0x000000000800d204       0x30 zephyr/drivers/gpio/libdrivers__gpio.a(gpio_stm32.c.obj)
 .text.gpio_stm32_pin_interrupt_configure
                0x000000000800d234       0xec zephyr/drivers/gpio/libdrivers__gpio.a(gpio_stm32.c.obj)
 .text.msg_init
                0x000000000800d320       0x9c zephyr/drivers/i2c/libdrivers__i2c.a(i2c_ll_stm32_v2.c.obj)
 .text.stm32_i2c_configure_timing
                0x000000000800d3bc      0x15c zephyr/drivers/i2c/libdrivers__i2c.a(i2c_ll_stm32_v2.c.obj)
                0x000000000800d3bc                stm32_i2c_configure_timing
 .text.i2c_stm32_runtime_configure
                0x000000000800d518       0xa0 zephyr/drivers/i2c/libdrivers__i2c.a(i2c_ll_stm32.c.obj)
                0x000000000800d518                i2c_stm32_runtime_configure
 .text.i2c_stm32_init
                0x000000000800d5b8      0x140 zephyr/drivers/i2c/libdrivers__i2c.a(i2c_ll_stm32.c.obj)
 .text.bme280_channel_get
                0x000000000800d6f8       0x64 zephyr/drivers/sensor/bme280/libdrivers__sensor__bme280.a(bme280.c.obj)
 .text.sht3xd_channel_get
                0x000000000800d75c       0x80 zephyr/drivers/sensor/sht3xd/libdrivers__sensor__sht3xd.a(sht3xd.c.obj)
 .text.z_log_msg2_runtime_create.constprop.0
                0x000000000800d7dc       0x24 zephyr/drivers/sensor/sht3xd/libdrivers__sensor__sht3xd.a(sht3xd.c.obj)
 .text.sht3xd_init
                0x000000000800d800       0x70 zephyr/drivers/sensor/sht3xd/libdrivers__sensor__sht3xd.a(sht3xd.c.obj)
 .text.spi_stm32_init
                0x000000000800d870      0x120 zephyr/drivers/spi/libdrivers__spi.a(spi_ll_stm32.c.obj)
 .text.spi_stm32_transceive
                0x000000000800d990      0x57c zephyr/drivers/spi/libdrivers__spi.a(spi_ll_stm32.c.obj)
 .text.z_log_msg2_runtime_create.constprop.0
                0x000000000800df0c       0x24 zephyr/drivers/spi/libdrivers__spi.a(spi_bitbang.c.obj)
 .text.spi_bitbang_init
                0x000000000800df30       0xc0 zephyr/drivers/spi/libdrivers__spi.a(spi_bitbang.c.obj)
                0x000000000800df30                spi_bitbang_init
 .text.spi_bitbang_transceive
                0x000000000800dff0      0x344 zephyr/drivers/spi/libdrivers__spi.a(spi_bitbang.c.obj)
 .text.z_log_msg2_runtime_create.constprop.0
                0x000000000800e334       0x24 zephyr/drivers/serial/libdrivers__serial.a(uart_stm32.c.obj)
 .text.lpuartdiv_calc
                0x000000000800e358       0x30 zephyr/drivers/serial/libdrivers__serial.a(uart_stm32.c.obj)
                0x000000000800e358                lpuartdiv_calc
 .text.uart_stm32_set_baudrate
                0x000000000800e388      0x108 zephyr/drivers/serial/libdrivers__serial.a(uart_stm32.c.obj)
 .text.uart_stm32_configure
                0x000000000800e490      0x144 zephyr/drivers/serial/libdrivers__serial.a(uart_stm32.c.obj)
 .text.uart_stm32_init
                0x000000000800e5d4      0x110 zephyr/drivers/serial/libdrivers__serial.a(uart_stm32.c.obj)
 .text.elapsed  0x000000000800e6e4       0x3c zephyr/drivers/timer/libdrivers__timer.a(cortex_m_systick.c.obj)
 .text.sys_clock_driver_init
                0x000000000800e720       0x34 zephyr/drivers/timer/libdrivers__timer.a(cortex_m_systick.c.obj)
 .text.sys_clock_isr
                0x000000000800e754       0x44 zephyr/drivers/timer/libdrivers__timer.a(cortex_m_systick.c.obj)
                0x000000000800e754                sys_clock_isr
 .text.sys_clock_set_timeout
                0x000000000800e798       0xdc zephyr/drivers/timer/libdrivers__timer.a(cortex_m_systick.c.obj)
                0x000000000800e798                sys_clock_set_timeout
 .text.sys_clock_elapsed
                0x000000000800e874       0x3c zephyr/drivers/timer/libdrivers__timer.a(cortex_m_systick.c.obj)
                0x000000000800e874                sys_clock_elapsed
 .text.sys_clock_cycle_get_32
                0x000000000800e8b0       0x2c zephyr/drivers/timer/libdrivers__timer.a(cortex_m_systick.c.obj)
                0x000000000800e8b0                sys_clock_cycle_get_32
 .text.pinctrl_configure_pins
                0x000000000800e8dc       0x7c zephyr/drivers/pinctrl/libdrivers__pinctrl.a(pinctrl_stm32.c.obj)
                0x000000000800e8dc                pinctrl_configure_pins
 .text.get_ldnumber
                0x000000000800e958       0x80 modules/fatfs/lib..__modules__fs__fatfs.a(ff.c.obj)
 .text.check_fs
                0x000000000800e9d8       0xac modules/fatfs/lib..__modules__fs__fatfs.a(ff.c.obj)
 .text.mount_volume
                0x000000000800ea84      0x244 modules/fatfs/lib..__modules__fs__fatfs.a(ff.c.obj)
 .text.follow_path
                0x000000000800ecc8      0x18c modules/fatfs/lib..__modules__fs__fatfs.a(ff.c.obj)
 .text.f_mount  0x000000000800ee54       0x48 modules/fatfs/lib..__modules__fs__fatfs.a(ff.c.obj)
                0x000000000800ee54                f_mount
 .text.f_mkfs   0x000000000800ee9c      0x6f8 modules/fatfs/lib..__modules__fs__fatfs.a(ff.c.obj)
                0x000000000800ee9c                f_mkfs
 .text.disk_status
                0x000000000800f594       0x18 modules/fatfs/lib..__modules__fs__fatfs.a(zfs_diskio.c.obj)
                0x000000000800f594                disk_status
 .text.disk_initialize
                0x000000000800f5ac       0x18 modules/fatfs/lib..__modules__fs__fatfs.a(zfs_diskio.c.obj)
                0x000000000800f5ac                disk_initialize
 .text.disk_read
                0x000000000800f5c4       0x18 modules/fatfs/lib..__modules__fs__fatfs.a(zfs_diskio.c.obj)
                0x000000000800f5c4                disk_read
 .text.disk_write
                0x000000000800f5dc       0x18 modules/fatfs/lib..__modules__fs__fatfs.a(zfs_diskio.c.obj)
                0x000000000800f5dc                disk_write
 .text.disk_ioctl
                0x000000000800f5f4       0x5c modules/fatfs/lib..__modules__fs__fatfs.a(zfs_diskio.c.obj)
                0x000000000800f5f4                disk_ioctl
 .text.LL_RTC_DeInit
                0x000000000800f650       0x64 modules/stm32/stm32cube/lib..__modules__hal__stm32__stm32cube.a(stm32wlxx_ll_rtc.c.obj)
                0x000000000800f650                LL_RTC_DeInit
 .text.LL_SetFlashLatency
                0x000000000800f6b4       0xa4 modules/stm32/stm32cube/lib..__modules__hal__stm32__stm32cube.a(stm32wlxx_ll_utils.c.obj)
                0x000000000800f6b4                LL_SetFlashLatency
 .text.UTILS_EnablePLLAndSwitchSystem
                0x000000000800f758       0xf8 modules/stm32/stm32cube/lib..__modules__hal__stm32__stm32cube.a(stm32wlxx_ll_utils.c.obj)
 .text.LL_PLL_ConfigSystemClock_HSI
                0x000000000800f850       0x80 modules/stm32/stm32cube/lib..__modules__hal__stm32__stm32cube.a(stm32wlxx_ll_utils.c.obj)
                0x000000000800f850                LL_PLL_ConfigSystemClock_HSI
 .text.z_sys_init_run_level
                0x000000000800f8d0       0x40 zephyr/kernel/libkernel.a(device.c.obj)
                0x000000000800f8d0                z_sys_init_run_level
 .text.z_impl_device_get_binding
                0x000000000800f910       0x54 zephyr/kernel/libkernel.a(device.c.obj)
                0x000000000800f910                z_impl_device_get_binding
 .text.z_impl_z_errno
                0x000000000800f964        0xc zephyr/kernel/libkernel.a(errno.c.obj)
                0x000000000800f964                z_impl_z_errno
 .text.k_sys_fatal_error_handler
                0x000000000800f970       0x30 zephyr/kernel/libkernel.a(fatal.c.obj)
                0x000000000800f970                k_sys_fatal_error_handler
 .text.z_fatal_error
                0x000000000800f9a0       0xc8 zephyr/kernel/libkernel.a(fatal.c.obj)
                0x000000000800f9a0                z_fatal_error
 .text.bg_thread_main
                0x000000000800fa68       0x34 zephyr/kernel/libkernel.a(init.c.obj)
 .text.z_bss_zero
                0x000000000800fa9c       0x18 zephyr/kernel/libkernel.a(init.c.obj)
                0x000000000800fa9c                z_bss_zero
 .text.z_init_cpu
                0x000000000800fab4       0x70 zephyr/kernel/libkernel.a(init.c.obj)
                0x000000000800fab4                z_init_cpu
 .text.z_cstart
                0x000000000800fb24       0xd8 zephyr/kernel/libkernel.a(init.c.obj)
                0x000000000800fb24                z_cstart
 .text.init_mem_slab_module
                0x000000000800fbfc       0x44 zephyr/kernel/libkernel.a(mem_slab.c.obj)
 .text.k_mem_slab_alloc
                0x000000000800fc40       0x5c zephyr/kernel/libkernel.a(mem_slab.c.obj)
                0x000000000800fc40                k_mem_slab_alloc
 .text.z_setup_new_thread
                0x000000000800fc9c       0x64 zephyr/kernel/libkernel.a(thread.c.obj)
                0x000000000800fc9c                z_setup_new_thread
 .text.z_impl_k_thread_create
                0x000000000800fd00       0x58 zephyr/kernel/libkernel.a(thread.c.obj)
                0x000000000800fd00                z_impl_k_thread_create
 .text.z_init_static_threads
                0x000000000800fd58       0x98 zephyr/kernel/libkernel.a(thread.c.obj)
                0x000000000800fd58                z_init_static_threads
 .text.z_impl_k_mutex_lock
                0x000000000800fdf0       0xf0 zephyr/kernel/libkernel.a(mutex.c.obj)
                0x000000000800fdf0                z_impl_k_mutex_lock
 .text.z_impl_k_mutex_unlock
                0x000000000800fee0       0x84 zephyr/kernel/libkernel.a(mutex.c.obj)
                0x000000000800fee0                z_impl_k_mutex_unlock
 .text.z_impl_k_sem_give
                0x000000000800ff64       0x4c zephyr/kernel/libkernel.a(sem.c.obj)
                0x000000000800ff64                z_impl_k_sem_give
 .text.z_impl_k_sem_take
                0x000000000800ffb0       0x50 zephyr/kernel/libkernel.a(sem.c.obj)
                0x000000000800ffb0                z_impl_k_sem_take
 .text.work_queue_main
                0x0000000008010000      0x12c zephyr/kernel/libkernel.a(work.c.obj)
 .text.submit_to_queue_locked
                0x000000000801012c       0xa0 zephyr/kernel/libkernel.a(work.c.obj)
 .text.k_work_submit
                0x00000000080101cc        0xc zephyr/kernel/libkernel.a(work.c.obj)
                0x00000000080101cc                k_work_submit
 .text.k_work_queue_start
                0x00000000080101d8       0x70 zephyr/kernel/libkernel.a(work.c.obj)
                0x00000000080101d8                k_work_queue_start
 .text.z_reset_time_slice
                0x0000000008010248       0x28 zephyr/kernel/libkernel.a(sched.c.obj)
                0x0000000008010248                z_reset_time_slice
 .text.k_sched_time_slice_set
                0x0000000008010270       0x50 zephyr/kernel/libkernel.a(sched.c.obj)
                0x0000000008010270                k_sched_time_slice_set
 .text.z_reschedule
                0x00000000080102c0       0x24 zephyr/kernel/libkernel.a(sched.c.obj)
                0x00000000080102c0                z_reschedule
 .text.k_sched_lock
                0x00000000080102e4       0x28 zephyr/kernel/libkernel.a(sched.c.obj)
                0x00000000080102e4                k_sched_lock
 .text.update_cache
                0x000000000801030c       0x40 zephyr/kernel/libkernel.a(sched.c.obj)
 .text.move_thread_to_end_of_prio_q
                0x000000000801034c       0x74 zephyr/kernel/libkernel.a(sched.c.obj)
 .text.z_time_slice
                0x00000000080103c0       0x84 zephyr/kernel/libkernel.a(sched.c.obj)
                0x00000000080103c0                z_time_slice
 .text.ready_thread
                0x0000000008010444       0x6c zephyr/kernel/libkernel.a(sched.c.obj)
 .text.z_sched_start
                0x00000000080104b0       0x3c zephyr/kernel/libkernel.a(sched.c.obj)
                0x00000000080104b0                z_sched_start
 .text.unready_thread
                0x00000000080104ec       0x30 zephyr/kernel/libkernel.a(sched.c.obj)
 .text.pend     0x000000000801051c       0x4c zephyr/kernel/libkernel.a(sched.c.obj)
 .text.z_pend_curr
                0x0000000008010568       0x28 zephyr/kernel/libkernel.a(sched.c.obj)
                0x0000000008010568                z_pend_curr
 .text.z_set_prio
                0x0000000008010590       0x90 zephyr/kernel/libkernel.a(sched.c.obj)
                0x0000000008010590                z_set_prio
 .text.z_impl_k_thread_suspend
                0x0000000008010620       0x64 zephyr/kernel/libkernel.a(sched.c.obj)
                0x0000000008010620                z_impl_k_thread_suspend
 .text.k_sched_unlock
                0x0000000008010684       0x38 zephyr/kernel/libkernel.a(sched.c.obj)
                0x0000000008010684                k_sched_unlock
 .text.z_sched_init
                0x00000000080106bc       0x18 zephyr/kernel/libkernel.a(sched.c.obj)
                0x00000000080106bc                z_sched_init
 .text.z_impl_k_yield
                0x00000000080106d4       0x80 zephyr/kernel/libkernel.a(sched.c.obj)
                0x00000000080106d4                z_impl_k_yield
 .text.z_tick_sleep
                0x0000000008010754       0x90 zephyr/kernel/libkernel.a(sched.c.obj)
 .text.z_impl_k_sleep
                0x00000000080107e4       0x30 zephyr/kernel/libkernel.a(sched.c.obj)
                0x00000000080107e4                z_impl_k_sleep
 .text.z_impl_z_current_get
                0x0000000008010814        0xc zephyr/kernel/libkernel.a(sched.c.obj)
                0x0000000008010814                z_impl_z_current_get
 .text.z_impl_k_is_preempt_thread
                0x0000000008010820       0x20 zephyr/kernel/libkernel.a(sched.c.obj)
                0x0000000008010820                z_impl_k_is_preempt_thread
 .text.z_thread_abort
                0x0000000008010840       0xa4 zephyr/kernel/libkernel.a(sched.c.obj)
                0x0000000008010840                z_thread_abort
 .text.z_sched_wait
                0x00000000080108e4       0x24 zephyr/kernel/libkernel.a(sched.c.obj)
                0x00000000080108e4                z_sched_wait
 .text.z_data_copy
                0x0000000008010908       0x34 zephyr/kernel/libkernel.a(xip.c.obj)
                0x0000000008010908                z_data_copy
 .text.elapsed  0x000000000801093c       0x14 zephyr/kernel/libkernel.a(timeout.c.obj)
 .text.next_timeout
                0x0000000008010950       0x4c zephyr/kernel/libkernel.a(timeout.c.obj)
 .text.remove_timeout
                0x000000000801099c       0x34 zephyr/kernel/libkernel.a(timeout.c.obj)
 .text.z_add_timeout
                0x00000000080109d0       0xf4 zephyr/kernel/libkernel.a(timeout.c.obj)
                0x00000000080109d0                z_add_timeout
 .text.sys_clock_announce
                0x0000000008010ac4       0xb8 zephyr/kernel/libkernel.a(timeout.c.obj)
                0x0000000008010ac4                sys_clock_announce
 .text.sys_clock_tick_get
                0x0000000008010b7c       0x30 zephyr/kernel/libkernel.a(timeout.c.obj)
                0x0000000008010b7c                sys_clock_tick_get
 .text.z_impl_k_busy_wait
                0x0000000008010bac       0x30 zephyr/kernel/libkernel.a(timeout.c.obj)
                0x0000000008010bac                z_impl_k_busy_wait
 .text.z_timer_expiration_handler
                0x0000000008010bdc       0x8c zephyr/kernel/libkernel.a(timer.c.obj)
                0x0000000008010bdc                z_timer_expiration_handler
 .text.z_impl_k_timer_start
                0x0000000008010c68       0xa4 zephyr/kernel/libkernel.a(timer.c.obj)
                0x0000000008010c68                z_impl_k_timer_start
 .text.z_impl_k_poll
                0x0000000008010d0c       0xb8 zephyr/kernel/libkernel.a(poll.c.obj)
                0x0000000008010d0c                z_impl_k_poll
 .text.z_impl_k_poll_signal_raise
                0x0000000008010dc4       0x50 zephyr/kernel/libkernel.a(poll.c.obj)
                0x0000000008010dc4                z_impl_k_poll_signal_raise
 .text.k_thread_system_pool_assign
                0x0000000008010e14        0xc zephyr/kernel/libkernel.a(mempool.c.obj)
                0x0000000008010e14                k_thread_system_pool_assign
 .text.boot_banner
                0x0000000008010e20       0x18 zephyr/kernel/libkernel.a(banner.c.obj)
                0x0000000008010e20                boot_banner
 .text.statics_init
                0x0000000008010e38       0x24 zephyr/kernel/libkernel.a(kheap.c.obj)
 .text.k_sys_work_q_init
                0x0000000008010e5c       0x34 zephyr/kernel/libkernel.a(system_work_q.c.obj)
 .text.gmtime_r
                0x0000000008010e90      0x15c /usr/local/zephyr-sdk/arm-zephyr-eabi/arm-zephyr-eabi/lib/thumb/v7e-m/nofp/libc_nano.a(lib_a-gmtime_r.o)
                0x0000000008010e90                gmtime_r
 .text.malloc   0x0000000008010fec       0x10 /usr/local/zephyr-sdk/arm-zephyr-eabi/arm-zephyr-eabi/lib/thumb/v7e-m/nofp/libc_nano.a(lib_a-malloc.o)
                0x0000000008010fec                malloc
 .text._free_r  0x0000000008010ffc       0x94 /usr/local/zephyr-sdk/arm-zephyr-eabi/arm-zephyr-eabi/lib/thumb/v7e-m/nofp/libc_nano.a(lib_a-nano-freer.o)
                0x0000000008010ffc                _free_r
 .text._malloc_r
                0x0000000008011090       0xb4 /usr/local/zephyr-sdk/arm-zephyr-eabi/arm-zephyr-eabi/lib/thumb/v7e-m/nofp/libc_nano.a(lib_a-nano-mallocr.o)
                0x0000000008011090                _malloc_r
 .text.printf   0x0000000008011144       0x30 /usr/local/zephyr-sdk/arm-zephyr-eabi/arm-zephyr-eabi/lib/thumb/v7e-m/nofp/libc_nano.a(lib_a-printf.o)
                0x0000000008011144                printf
                0x0000000008011144                iprintf
 .text._sbrk_r  0x0000000008011174       0x20 /usr/local/zephyr-sdk/arm-zephyr-eabi/arm-zephyr-eabi/lib/thumb/v7e-m/nofp/libc_nano.a(lib_a-sbrkr.o)
                0x0000000008011174                _sbrk_r
 .text.__swbuf_r
                0x0000000008011194       0xa4 /usr/local/zephyr-sdk/arm-zephyr-eabi/arm-zephyr-eabi/lib/thumb/v7e-m/nofp/libc_nano.a(lib_a-wbuf.o)
                0x0000000008011194                __swbuf_r
 .text.__swsetup_r
                0x0000000008011238       0xdc /usr/local/zephyr-sdk/arm-zephyr-eabi/arm-zephyr-eabi/lib/thumb/v7e-m/nofp/libc_nano.a(lib_a-wsetup.o)
                0x0000000008011238                __swsetup_r
 .text.__sflush_r
                0x0000000008011314      0x104 /usr/local/zephyr-sdk/arm-zephyr-eabi/arm-zephyr-eabi/lib/thumb/v7e-m/nofp/libc_nano.a(lib_a-fflush.o)
                0x0000000008011314                __sflush_r
 .text._fflush_r
                0x0000000008011418       0x78 /usr/local/zephyr-sdk/arm-zephyr-eabi/arm-zephyr-eabi/lib/thumb/v7e-m/nofp/libc_nano.a(lib_a-fflush.o)
                0x0000000008011418                _fflush_r
 .text.std      0x0000000008011490       0x48 /usr/local/zephyr-sdk/arm-zephyr-eabi/arm-zephyr-eabi/lib/thumb/v7e-m/nofp/libc_nano.a(lib_a-findfp.o)
 .text._cleanup_r
                0x00000000080114d8        0xc /usr/local/zephyr-sdk/arm-zephyr-eabi/arm-zephyr-eabi/lib/thumb/v7e-m/nofp/libc_nano.a(lib_a-findfp.o)
                0x00000000080114d8                _cleanup_r
 .text.__sfp_lock_acquire
                0x00000000080114e4        0xc /usr/local/zephyr-sdk/arm-zephyr-eabi/arm-zephyr-eabi/lib/thumb/v7e-m/nofp/libc_nano.a(lib_a-findfp.o)
                0x00000000080114e4                __sfp_lock_acquire
 .text.__sfp_lock_release
                0x00000000080114f0        0xc /usr/local/zephyr-sdk/arm-zephyr-eabi/arm-zephyr-eabi/lib/thumb/v7e-m/nofp/libc_nano.a(lib_a-findfp.o)
                0x00000000080114f0                __sfp_lock_release
 .text.__sinit_lock_acquire
                0x00000000080114fc        0xc /usr/local/zephyr-sdk/arm-zephyr-eabi/arm-zephyr-eabi/lib/thumb/v7e-m/nofp/libc_nano.a(lib_a-findfp.o)
                0x00000000080114fc                __sinit_lock_acquire
 .text.__sinit_lock_release
                0x0000000008011508        0xc /usr/local/zephyr-sdk/arm-zephyr-eabi/arm-zephyr-eabi/lib/thumb/v7e-m/nofp/libc_nano.a(lib_a-findfp.o)
                0x0000000008011508                __sinit_lock_release
 .text.__sinit  0x0000000008011514       0x70 /usr/local/zephyr-sdk/arm-zephyr-eabi/arm-zephyr-eabi/lib/thumb/v7e-m/nofp/libc_nano.a(lib_a-findfp.o)
                0x0000000008011514                __sinit
 .text.__sfp    0x0000000008011584       0x8c /usr/local/zephyr-sdk/arm-zephyr-eabi/arm-zephyr-eabi/lib/thumb/v7e-m/nofp/libc_nano.a(lib_a-findfp.o)
                0x0000000008011584                __sfp
 .text.__smakebuf_r
                0x0000000008011610       0x80 /usr/local/zephyr-sdk/arm-zephyr-eabi/arm-zephyr-eabi/lib/thumb/v7e-m/nofp/libc_nano.a(lib_a-makebuf.o)
                0x0000000008011610                __smakebuf_r
 .text.__malloc_lock
                0x0000000008011690        0xc /usr/local/zephyr-sdk/arm-zephyr-eabi/arm-zephyr-eabi/lib/thumb/v7e-m/nofp/libc_nano.a(lib_a-mlock.o)
                0x0000000008011690                __malloc_lock
 .text.__malloc_unlock
                0x000000000801169c        0xc /usr/local/zephyr-sdk/arm-zephyr-eabi/arm-zephyr-eabi/lib/thumb/v7e-m/nofp/libc_nano.a(lib_a-mlock.o)
                0x000000000801169c                __malloc_unlock
 .text._vfprintf_r
                0x00000000080116a8      0x260 /usr/local/zephyr-sdk/arm-zephyr-eabi/arm-zephyr-eabi/lib/thumb/v7e-m/nofp/libc_nano.a(lib_a-nano-vfprintf.o)
                0x00000000080116a8                _vfiprintf_r
                0x00000000080116a8                _vfprintf_r
 .text._printf_i
                0x0000000008011908      0x24c /usr/local/zephyr-sdk/arm-zephyr-eabi/arm-zephyr-eabi/lib/thumb/v7e-m/nofp/libc_nano.a(lib_a-nano-vfprintf_i.o)
                0x0000000008011908                _printf_i
 .text._write_r
                0x0000000008011b54       0x24 /usr/local/zephyr-sdk/arm-zephyr-eabi/arm-zephyr-eabi/lib/thumb/v7e-m/nofp/libc_nano.a(lib_a-writer.o)
                0x0000000008011b54                _write_r
 .text._close_r
                0x0000000008011b78       0x20 /usr/local/zephyr-sdk/arm-zephyr-eabi/arm-zephyr-eabi/lib/thumb/v7e-m/nofp/libc_nano.a(lib_a-closer.o)
                0x0000000008011b78                _close_r
 .text._fstat_r
                0x0000000008011b98       0x24 /usr/local/zephyr-sdk/arm-zephyr-eabi/arm-zephyr-eabi/lib/thumb/v7e-m/nofp/libc_nano.a(lib_a-fstatr.o)
                0x0000000008011b98                _fstat_r
 .text._isatty_r
                0x0000000008011bbc       0x20 /usr/local/zephyr-sdk/arm-zephyr-eabi/arm-zephyr-eabi/lib/thumb/v7e-m/nofp/libc_nano.a(lib_a-isattyr.o)
                0x0000000008011bbc                _isatty_r
 .text._lseek_r
                0x0000000008011bdc       0x24 /usr/local/zephyr-sdk/arm-zephyr-eabi/arm-zephyr-eabi/lib/thumb/v7e-m/nofp/libc_nano.a(lib_a-lseekr.o)
                0x0000000008011bdc                _lseek_r
 .text._read_r  0x0000000008011c00       0x24 /usr/local/zephyr-sdk/arm-zephyr-eabi/arm-zephyr-eabi/lib/thumb/v7e-m/nofp/libc_nano.a(lib_a-readr.o)
                0x0000000008011c00                _read_r
 .text._OffsetAbsSyms
                0x0000000008011c24        0x2 zephyr/CMakeFiles/offsets.dir/./arch/arm/core/offsets/offsets.c.obj
                0x0000000008011c24                _OffsetAbsSyms
 .text.sensor_channel_get
                0x0000000008011c26        0x6 app/libapp.a(ambient_sensors.c.obj)
 .text.z_log_msg2_runtime_create.constprop.0
                0x0000000008011c2c       0x1e app/libapp.a(ambient_sensors.c.obj)
 .text.z_log_msg2_static_create.constprop.0
                0x0000000008011c4a        0x6 app/libapp.a(file_system.c.obj)
 .text.z_log_msg2_runtime_create.constprop.0
                0x0000000008011c50       0x1e app/libapp.a(file_system.c.obj)
 .text.k_msleep.isra.0
                0x0000000008011c6e        0xa app/libapp.a(gas_sensors.c.obj)
 .text.i2c_write.isra.0
                0x0000000008011c78       0x1a app/libapp.a(gas_sensors.c.obj)
 .text.z_log_msg2_static_create.constprop.0
                0x0000000008011c92        0x6 app/libapp.a(main.c.obj)
 .text.z_log_msg2_runtime_create.constprop.0
                0x0000000008011c98       0x1e app/libapp.a(main.c.obj)
 .text.gpio_pin_set_dt.isra.0
                0x0000000008011cb6       0x28 app/libapp.a(main.c.obj)
 .text.gpio_pin_configure.isra.0
                0x0000000008011cde       0x34 app/libapp.a(main.c.obj)
 .text.k_msleep.isra.0
                0x0000000008011d12        0xa app/libapp.a(main.c.obj)
 .text.z_log_msg2_static_create.constprop.0